cube-vz-api: create sandbox=sb-a03ff986-97ee-4d71-9080-ae1ce598af78 mode=cold clone_ms=3.719 construct_ms=12.254 start_ms=91.354 ready_ms=135.967 total_ms=243.293 guest=init_s=0.09,envd_s=0.12,ready_s=0.12
cube-vz-api: create sandbox=sb-5772b599-3572-4fa4-b980-7783f46bf0ec mode=cold clone_ms=1.530 construct_ms=3.761 start_ms=85.459 ready_ms=151.468 total_ms=242.219 guest=init_s=0.11,envd_s=0.13,ready_s=0.13
cube-vz-api: create sandbox=sb-75963ec6-db2e-4102-aecb-45442c2f8896 mode=cold clone_ms=0.996 construct_ms=2.683 start_ms=77.421 ready_ms=136.188 total_ms=217.289 guest=init_s=0.09,envd_s=0.12,ready_s=0.12
cube-vz-api: create sandbox=sb-a72eea1f-0a72-4325-af39-11ece3a33317 mode=cold clone_ms=1.041 construct_ms=3.199 start_ms=79.062 ready_ms=160.716 total_ms=244.018 guest=init_s=0.11,envd_s=0.14,ready_s=0.14
cube-vz-api: create sandbox=sb-f2847754-0f0f-4bfa-aab6-648d5641a5f8 mode=cold clone_ms=0.891 construct_ms=2.879 start_ms=73.621 ready_ms=131.733 total_ms=209.125 guest=init_s=0.09,envd_s=0.11,ready_s=0.11
cube-vz-api: create sandbox=sb-ef05dffa-b3bf-4084-b5ed-824d8d6d0e05 mode=cold clone_ms=1.099 construct_ms=2.657 start_ms=94.413 ready_ms=127.251 total_ms=225.420 guest=init_s=0.08,envd_s=0.11,ready_s=0.11
cube-vz-api: create sandbox=sb-30230a85-2a81-4300-af17-ce3b3d17f980 mode=cold clone_ms=0.908 construct_ms=2.911 start_ms=80.471 ready_ms=135.746 total_ms=220.036 guest=init_s=0.09,envd_s=0.12,ready_s=0.12
cube-vz-api: create sandbox=sb-54c3ad0f-b55d-498e-9373-02c94ee843d2 mode=cold clone_ms=0.935 construct_ms=2.924 start_ms=77.188 ready_ms=127.681 total_ms=208.728 guest=init_s=0.09,envd_s=0.11,ready_s=0.11
cube-vz-api: create sandbox=sb-384c29b3-2382-45b2-9763-56372413262e mode=cold clone_ms=0.962 construct_ms=2.706 start_ms=75.514 ready_ms=151.135 total_ms=230.316 guest=init_s=0.10,envd_s=0.12,ready_s=0.12
cube-vz-api: create sandbox=sb-030d8c95-b984-4a32-a4fd-d08e4315bcc8 mode=cold clone_ms=0.917 construct_ms=3.358 start_ms=79.492 ready_ms=147.339 total_ms=231.106 guest=init_s=0.09,envd_s=0.13,ready_s=0.13
cube-vz-api: create sandbox=sb-557ac209-8821-4828-baef-d8e73bb22faf mode=cold clone_ms=0.883 construct_ms=2.795 start_ms=76.845 ready_ms=143.124 total_ms=223.647 guest=init_s=0.09,envd_s=0.12,ready_s=0.12
cube-vz-api: create sandbox=sb-8b42235d-6794-466e-b8d7-77926ba1d0dc mode=cold clone_ms=0.882 construct_ms=2.837 start_ms=77.395 ready_ms=149.603 total_ms=230.717 guest=init_s=0.10,envd_s=0.13,ready_s=0.13
cube-vz-api: create sandbox=sb-75d9971e-017d-435a-9a0f-52c6b460ceec mode=cold clone_ms=0.833 construct_ms=2.674 start_ms=78.120 ready_ms=127.549 total_ms=209.176 guest=init_s=0.08,envd_s=0.11,ready_s=0.11
cube-vz-api: create sandbox=sb-2008e674-6d4b-420d-92fc-360892847562 mode=cold clone_ms=1.105 construct_ms=2.983 start_ms=79.441 ready_ms=159.571 total_ms=243.100 guest=init_s=0.11,envd_s=0.14,ready_s=0.14
cube-vz-api: create sandbox=sb-54b71fb0-fd8b-461b-9e35-14d15f21711c mode=cold clone_ms=1.042 construct_ms=2.875 start_ms=76.609 ready_ms=159.822 total_ms=240.348 guest=init_s=0.11,envd_s=0.14,ready_s=0.14
cube-vz-api: create sandbox=sb-0483f204-6dec-4d95-8637-dbe6deb901a4 mode=cold clone_ms=0.924 construct_ms=2.609 start_ms=77.327 ready_ms=131.432 total_ms=212.291 guest=init_s=0.09,envd_s=0.11,ready_s=0.11
cube-vz-api: create sandbox=sb-bc6f45d9-579b-4a35-823b-3e74e1c98984 mode=cold clone_ms=0.933 construct_ms=2.845 start_ms=83.695 ready_ms=143.051 total_ms=230.524 guest=init_s=0.09,envd_s=0.12,ready_s=0.12
cube-vz-api: create sandbox=sb-5bd3a7ec-d2ab-4154-9c6c-103d0034b467 mode=cold clone_ms=0.945 construct_ms=2.801 start_ms=74.709 ready_ms=128.053 total_ms=206.508 guest=init_s=0.09,envd_s=0.11,ready_s=0.11
cube-vz-api: create sandbox=sb-bb700fbf-d7be-4fc1-9371-49d75d15d292 mode=cold clone_ms=1.017 construct_ms=2.758 start_ms=74.808 ready_ms=139.549 total_ms=218.132 guest=init_s=0.08,envd_s=0.12,ready_s=0.12
cube-vz-api: create sandbox=sb-a3721aed-9e75-404f-93d5-600fb30f8ea9 mode=cold clone_ms=1.045 construct_ms=2.776 start_ms=91.749 ready_ms=128.840 total_ms=224.410 guest=init_s=0.09,envd_s=0.11,ready_s=0.11
cube-vz-api: create sandbox=sb-580b1a21-8fbb-4dbc-982d-b775677a1355 mode=cold clone_ms=1.112 construct_ms=2.783 start_ms=77.175 ready_ms=133.786 total_ms=214.856 guest=init_s=0.09,envd_s=0.11,ready_s=0.11
cube-vz-api: create sandbox=sb-af801513-2328-4b3e-b249-01dbc4db2527 mode=cold clone_ms=1.024 construct_ms=2.772 start_ms=90.430 ready_ms=132.991 total_ms=227.217 guest=init_s=0.09,envd_s=0.11,ready_s=0.11
cube-vz-api: create sandbox=sb-e601f048-8e7f-4e03-8c47-db423d1b9518 mode=cold clone_ms=0.860 construct_ms=2.783 start_ms=74.356 ready_ms=135.149 total_ms=213.149 guest=init_s=0.09,envd_s=0.12,ready_s=0.12
cube-vz-api: create sandbox=sb-61c7401e-996f-4049-a1ef-a00b74c545b0 mode=cold clone_ms=0.878 construct_ms=2.647 start_ms=73.488 ready_ms=131.700 total_ms=208.713 guest=init_s=0.09,envd_s=0.11,ready_s=0.11
cube-vz-api: create sandbox=sb-cada7b9b-0683-43e1-84d9-413205b004f6 mode=cold clone_ms=0.993 construct_ms=3.006 start_ms=80.243 ready_ms=140.078 total_ms=224.321 guest=init_s=0.09,envd_s=0.12,ready_s=0.12
cube-vz-api: create sandbox=sb-8543e211-107b-49c6-acb1-21373d4ee7c3 mode=cold clone_ms=0.977 construct_ms=2.662 start_ms=76.373 ready_ms=142.193 total_ms=222.205 guest=init_s=0.09,envd_s=0.12,ready_s=0.12
cube-vz-api: create sandbox=sb-d8f7f29b-6889-4979-a97a-609461506faf mode=cold clone_ms=0.791 construct_ms=2.482 start_ms=192.270 ready_ms=186.050 total_ms=381.594 guest=init_s=0.12,envd_s=0.18,ready_s=0.18
cube-vz-api: create sandbox=sb-0972f777-6917-4076-95c5-92a3885779ff mode=cold clone_ms=0.808 construct_ms=2.677 start_ms=219.187 ready_ms=253.593 total_ms=476.265 guest=init_s=0.16,envd_s=0.23,ready_s=0.23
cube-vz-api: create sandbox=sb-13d0a9f3-1014-4abb-96e3-d28064a71099 mode=cold clone_ms=1.553 construct_ms=2.562 start_ms=211.926 ready_ms=244.186 total_ms=460.227 guest=init_s=0.14,envd_s=0.21,ready_s=0.21
cube-vz-api: create sandbox=sb-f0ba11e8-f3d6-4496-8ddd-3f4bce884af9 mode=cold clone_ms=1.039 construct_ms=3.296 start_ms=198.963 ready_ms=257.180 total_ms=460.478 guest=init_s=0.15,envd_s=0.23,ready_s=0.23
cube-vz-api: create sandbox=sb-efefc845-fd9e-43f4-b7aa-11f9ef3e4cd9 mode=cold clone_ms=0.925 construct_ms=3.537 start_ms=200.367 ready_ms=251.799 total_ms=456.628 guest=init_s=0.15,envd_s=0.23,ready_s=0.23
cube-vz-api: create sandbox=sb-413f2bd5-0bdf-453d-959d-989356040e8f mode=cold clone_ms=0.751 construct_ms=2.573 start_ms=238.807 ready_ms=241.737 total_ms=483.867 guest=init_s=0.14,envd_s=0.22,ready_s=0.22
cube-vz-api: create sandbox=sb-46d31b3b-3a72-4594-bb74-cba56cdfc48a mode=cold clone_ms=0.847 construct_ms=2.527 start_ms=228.203 ready_ms=256.184 total_ms=487.760 guest=init_s=0.15,envd_s=0.23,ready_s=0.23
cube-vz-api: create sandbox=sb-556e670e-5ee9-4fff-b97d-d80abeb2d986 mode=cold clone_ms=0.995 construct_ms=3.270 start_ms=215.288 ready_ms=256.144 total_ms=475.697 guest=init_s=0.15,envd_s=0.23,ready_s=0.23
cube-vz-api: create sandbox=sb-1274f734-47ae-400d-979a-4059471d1422 mode=cold clone_ms=0.852 construct_ms=2.485 start_ms=211.439 ready_ms=256.658 total_ms=471.435 guest=init_s=0.15,envd_s=0.23,ready_s=0.23
cube-vz-api: create sandbox=sb-c4045872-5e4b-4c75-ae61-32616d0e5c91 mode=cold clone_ms=0.952 construct_ms=2.652 start_ms=228.401 ready_ms=260.310 total_ms=492.315 guest=init_s=0.17,envd_s=0.23,ready_s=0.23
cube-vz-api: create sandbox=sb-3aa47f23-2b13-4e1b-bf7e-1c540a0170cd mode=cold clone_ms=0.888 construct_ms=3.222 start_ms=106.535 ready_ms=171.188 total_ms=281.833 guest=init_s=0.11,envd_s=0.15,ready_s=0.15
cube-vz-api: create sandbox=sb-d2f4ab86-7328-4916-8e8a-5f38e5dfaa46 mode=cold clone_ms=1.130 construct_ms=3.341 start_ms=121.130 ready_ms=185.912 total_ms=311.512 guest=init_s=0.13,envd_s=0.16,ready_s=0.16
cube-vz-api: create sandbox=sb-5e81ac2d-6899-4f35-bf99-438df182fdac mode=cold clone_ms=0.857 construct_ms=3.188 start_ms=115.001 ready_ms=184.876 total_ms=303.921 guest=init_s=0.13,envd_s=0.16,ready_s=0.16
cube-vz-api: create sandbox=sb-e4287bf3-3286-483c-87c6-1f6390800440 mode=cold clone_ms=0.847 construct_ms=3.165 start_ms=87.544 ready_ms=195.901 total_ms=287.458 guest=init_s=0.14,envd_s=0.17,ready_s=0.17
cube-vz-api: create sandbox=sb-c334104d-f8a7-4545-8608-ffa1f2042c1a mode=cold clone_ms=1.248 construct_ms=4.926 start_ms=119.263 ready_ms=173.690 total_ms=299.127 guest=init_s=0.12,envd_s=0.15,ready_s=0.15
cube-vz-api: create sandbox=sb-39876e13-7a3e-4ecc-a5ad-99a2b22f4dd9 mode=cold clone_ms=1.081 construct_ms=5.326 start_ms=139.327 ready_ms=179.066 total_ms=324.800 guest=init_s=0.13,envd_s=0.16,ready_s=0.16
cube-vz-api: create sandbox=sb-aca4ad7c-8523-4bf5-b196-ebd65476a201 mode=cold clone_ms=1.227 construct_ms=2.672 start_ms=98.900 ready_ms=192.358 total_ms=295.157 guest=init_s=0.14,envd_s=0.17,ready_s=0.17
cube-vz-api: create sandbox=sb-a1da6a8f-09e8-4a2c-973e-b88bac8e78f6 mode=cold clone_ms=1.429 construct_ms=3.576 start_ms=90.793 ready_ms=172.262 total_ms=268.060 guest=init_s=0.10,envd_s=0.15,ready_s=0.15
cube-vz-api: create sandbox=sb-24b19046-e4a3-4938-b406-05daef2148c5 mode=cold clone_ms=1.223 construct_ms=3.105 start_ms=114.000 ready_ms=163.818 total_ms=282.146 guest=init_s=0.11,envd_s=0.15,ready_s=0.15
cube-vz-api: create sandbox=sb-361ee4fc-0bb1-4e00-a3fb-d697f960425a mode=cold clone_ms=1.184 construct_ms=13.437 start_ms=120.510 ready_ms=165.856 total_ms=300.986 guest=init_s=0.11,envd_s=0.15,ready_s=0.15
cube-vz-api: create sandbox=sb-ea433396-e14f-46d5-af8e-726cfbc7b762 mode=cold clone_ms=1.405 construct_ms=10.418 start_ms=111.509 ready_ms=154.981 total_ms=278.313 guest=init_s=0.10,envd_s=0.13,ready_s=0.13
cube-vz-api: create sandbox=sb-2f574f23-4390-4eae-bffe-e80876cff466 mode=cold clone_ms=1.097 construct_ms=3.535 start_ms=85.440 ready_ms=150.252 total_ms=240.325 guest=init_s=0.10,envd_s=0.13,ready_s=0.13
cube-vz-api: create sandbox=sb-ca4669df-d21d-4a44-b91f-0bf0e144d535 mode=cold clone_ms=1.234 construct_ms=3.567 start_ms=103.632 ready_ms=183.750 total_ms=292.183 guest=init_s=0.11,envd_s=0.16,ready_s=0.16
cube-vz-api: create sandbox=sb-2ade4570-efad-494c-942e-74a7291202fb mode=cold clone_ms=1.133 construct_ms=3.324 start_ms=91.465 ready_ms=175.487 total_ms=271.408 guest=init_s=0.12,envd_s=0.16,ready_s=0.16
cube-vz-api: create sandbox=sb-634fb922-df2b-4f7c-b491-28b62d3f02c3 mode=cold clone_ms=0.982 construct_ms=2.821 start_ms=86.076 ready_ms=183.602 total_ms=273.481 guest=init_s=0.12,envd_s=0.16,ready_s=0.16
cube-vz-api: create sandbox=sb-e7c79f76-ce47-4901-a4a9-6cca21c2b05b mode=cold clone_ms=0.980 construct_ms=3.041 start_ms=115.879 ready_ms=171.952 total_ms=291.852 guest=init_s=0.12,envd_s=0.16,ready_s=0.16
cube-vz-api: create sandbox=sb-7d85c356-a11c-4cbb-8c77-56d80382e41c mode=cold clone_ms=1.529 construct_ms=3.122 start_ms=92.806 ready_ms=174.517 total_ms=271.974 guest=init_s=0.12,envd_s=0.16,ready_s=0.16
cube-vz-api: create sandbox=sb-304d87d9-17ca-467e-97e1-aaba1a5b2490 mode=cold clone_ms=1.118 construct_ms=2.927 start_ms=87.278 ready_ms=166.697 total_ms=258.019 guest=init_s=0.11,envd_s=0.15,ready_s=0.15
cube-vz-api: create sandbox=sb-f017c43b-8f94-4329-8e69-aeaba9bef3a2 mode=cold clone_ms=1.169 construct_ms=10.549 start_ms=95.590 ready_ms=164.391 total_ms=271.697 guest=init_s=0.10,envd_s=0.14,ready_s=0.14
cube-vz-api: create sandbox=sb-719ff654-dd77-4d1d-9ac9-f208016b003e mode=cold clone_ms=0.952 construct_ms=2.604 start_ms=97.961 ready_ms=164.284 total_ms=265.801 guest=init_s=0.11,envd_s=0.15,ready_s=0.15
cube-vz-api: create sandbox=sb-1b5ea617-97a6-434e-b322-c88b376a832b mode=cold clone_ms=1.249 construct_ms=2.991 start_ms=106.258 ready_ms=164.402 total_ms=274.900 guest=init_s=0.11,envd_s=0.14,ready_s=0.14
cube-vz-api: create sandbox=sb-7f5a8abf-dae4-48b7-a6ec-bd29d129619d mode=cold clone_ms=1.266 construct_ms=4.189 start_ms=89.075 ready_ms=166.713 total_ms=261.242 guest=init_s=0.11,envd_s=0.14,ready_s=0.14
cube-vz-api: create sandbox=sb-a74d3608-9c95-4391-9712-5265c55266b6 mode=cold clone_ms=1.288 construct_ms=3.236 start_ms=80.678 ready_ms=170.208 total_ms=255.410 guest=init_s=0.12,envd_s=0.15,ready_s=0.15
cube-vz-api: create sandbox=sb-13d1a387-78f1-4262-86cd-410b5fd2928c mode=cold clone_ms=0.808 construct_ms=3.152 start_ms=97.174 ready_ms=157.050 total_ms=258.184 guest=init_s=0.10,envd_s=0.14,ready_s=0.14
cube-vz-api: create sandbox=sb-56fac493-4a12-4027-bb68-88a8cfb6b18b mode=cold clone_ms=0.967 construct_ms=3.050 start_ms=104.537 ready_ms=163.730 total_ms=272.284 guest=init_s=0.11,envd_s=0.15,ready_s=0.15
cube-vz-api: create sandbox=sb-39775ac5-a932-4841-b1eb-836297f976a8 mode=cold clone_ms=1.198 construct_ms=3.886 start_ms=94.477 ready_ms=148.262 total_ms=247.822 guest=init_s=0.09,envd_s=0.13,ready_s=0.13
cube-vz-api: create sandbox=sb-12f34fe4-0ffe-4911-a3b7-50dec1dfda19 mode=cold clone_ms=0.963 construct_ms=2.877 start_ms=89.960 ready_ms=156.531 total_ms=250.330 guest=init_s=0.10,envd_s=0.13,ready_s=0.13
cube-vz-api: create sandbox=sb-b159f61d-1141-4dee-9211-4d7107f812b2 mode=cold clone_ms=1.047 construct_ms=3.532 start_ms=98.802 ready_ms=160.745 total_ms=264.126 guest=init_s=0.10,envd_s=0.14,ready_s=0.14
cube-vz-api: create sandbox=sb-ca16e922-97ab-4712-ae81-ade5e05c85a8 mode=cold clone_ms=0.981 construct_ms=3.253 start_ms=99.512 ready_ms=163.567 total_ms=267.312 guest=init_s=0.11,envd_s=0.14,ready_s=0.14
cube-vz-api: create sandbox=sb-a7404c74-0412-467b-8c36-73a7562cdba8 mode=cold clone_ms=1.759 construct_ms=3.545 start_ms=94.007 ready_ms=169.164 total_ms=268.475 guest=init_s=0.11,envd_s=0.14,ready_s=0.14
cube-vz-api: create sandbox=sb-fc8c5ac9-2a6f-4df1-b3e7-3cdc3f6cc844 mode=cold clone_ms=0.971 construct_ms=3.145 start_ms=109.550 ready_ms=171.978 total_ms=285.645 guest=init_s=0.11,envd_s=0.15,ready_s=0.15
cube-vz-api: create sandbox=sb-2cbc6b93-0d8e-4ed4-b1a9-a990622a7b8e mode=cold clone_ms=0.882 construct_ms=3.378 start_ms=92.122 ready_ms=153.905 total_ms=250.287 guest=init_s=0.10,envd_s=0.13,ready_s=0.13
cube-vz-api: create sandbox=sb-f9e65405-b8ae-42d3-af2a-584d5115c36c mode=cold clone_ms=1.427 construct_ms=3.972 start_ms=82.246 ready_ms=161.255 total_ms=248.900 guest=init_s=0.11,envd_s=0.14,ready_s=0.14
cube-vz-api: create sandbox=sb-c04c36b5-b506-413e-b6c7-59d9d432ea4d mode=cold clone_ms=1.120 construct_ms=2.667 start_ms=81.011 ready_ms=153.825 total_ms=238.624 guest=init_s=0.10,envd_s=0.13,ready_s=0.13
cube-vz-api: create sandbox=sb-1c617895-e6e4-4022-8499-5121cd3fba28 mode=cold clone_ms=1.075 construct_ms=4.298 start_ms=101.308 ready_ms=163.180 total_ms=269.861 guest=init_s=0.11,envd_s=0.15,ready_s=0.15
cube-vz-api: create sandbox=sb-6c9f189e-939f-479f-9822-e0406fbe7ea7 mode=cold clone_ms=1.047 construct_ms=2.722 start_ms=95.796 ready_ms=165.140 total_ms=264.706 guest=init_s=0.11,envd_s=0.15,ready_s=0.15
cube-vz-api: create sandbox=sb-b5092f1c-26be-44a8-85e5-15d52fc55190 mode=cold clone_ms=3.908 construct_ms=2.848 start_ms=80.382 ready_ms=155.147 total_ms=242.284 guest=init_s=0.10,envd_s=0.14,ready_s=0.14
cube-vz-api: create sandbox=sb-101e22ab-b785-41be-8ef8-f392cf814305 mode=cold clone_ms=0.916 construct_ms=3.808 start_ms=104.499 ready_ms=167.728 total_ms=276.951 guest=init_s=0.10,envd_s=0.15,ready_s=0.15
cube-vz-api: create sandbox=sb-953b7a02-ffa9-4d69-80fa-38ba08ae4836 mode=cold clone_ms=0.965 construct_ms=3.262 start_ms=89.136 ready_ms=167.188 total_ms=260.551 guest=init_s=0.10,envd_s=0.15,ready_s=0.15
cube-vz-api: create sandbox=sb-c17c1d29-ebd4-4d69-bb0e-ccde0a33fc01 mode=cold clone_ms=0.880 construct_ms=3.474 start_ms=91.437 ready_ms=171.739 total_ms=267.529 guest=init_s=0.10,envd_s=0.15,ready_s=0.15
cube-vz-api: create sandbox=sb-0f697d20-d4ef-4f4e-a76f-640eaeaf82e8 mode=cold clone_ms=1.224 construct_ms=3.373 start_ms=102.871 ready_ms=179.693 total_ms=287.162 guest=init_s=0.11,envd_s=0.16,ready_s=0.16
cube-vz-api: create sandbox=sb-a6eb99fc-5fae-47d6-aa9e-a491073895bc mode=cold clone_ms=1.173 construct_ms=3.145 start_ms=111.307 ready_ms=178.351 total_ms=293.976 guest=init_s=0.10,envd_s=0.14,ready_s=0.14
cube-vz-api: create sandbox=sb-d0391691-060f-49ec-86eb-823359f58242 mode=cold clone_ms=0.985 construct_ms=2.675 start_ms=106.449 ready_ms=195.548 total_ms=305.657 guest=init_s=0.11,envd_s=0.17,ready_s=0.17
cube-vz-api: create sandbox=sb-7f73c147-1804-4a79-8fe4-c2f7408b5504 mode=cold clone_ms=1.135 construct_ms=3.590 start_ms=85.584 ready_ms=205.764 total_ms=296.072 guest=init_s=0.14,envd_s=0.19,ready_s=0.19
cube-vz-api: create sandbox=sb-b3b2bf98-222f-4b3a-8db4-3377e4f05225 mode=cold clone_ms=0.970 construct_ms=3.289 start_ms=92.212 ready_ms=214.131 total_ms=310.601 guest=init_s=0.15,envd_s=0.19,ready_s=0.19
cube-vz-api: create sandbox=sb-cb094a14-89e5-4163-8d6f-02d765f5f078 mode=cold clone_ms=1.501 construct_ms=3.788 start_ms=100.593 ready_ms=179.327 total_ms=285.209 guest=init_s=0.12,envd_s=0.16,ready_s=0.16
cube-vz-api: create sandbox=sb-d4f2b5b5-74ea-49a9-8cad-40092f92eff7 mode=cold clone_ms=0.890 construct_ms=3.513 start_ms=123.323 ready_ms=179.609 total_ms=307.336 guest=init_s=0.12,envd_s=0.16,ready_s=0.16
cube-vz-api: create sandbox=sb-c6dfc10e-f9aa-43f3-a7c8-647831539f98 mode=cold clone_ms=1.110 construct_ms=3.076 start_ms=130.961 ready_ms=186.429 total_ms=321.576 guest=init_s=0.11,envd_s=0.16,ready_s=0.16
cube-vz-api: create sandbox=sb-64082d2c-ec5c-486d-8292-a5ff7283f6ac mode=cold clone_ms=9.634 construct_ms=3.412 start_ms=85.556 ready_ms=201.321 total_ms=299.922 guest=init_s=0.13,envd_s=0.18,ready_s=0.18
cube-vz-api: create sandbox=sb-016a1538-e0fc-4110-a518-e80c619230e4 mode=cold clone_ms=4.670 construct_ms=2.945 start_ms=108.754 ready_ms=184.325 total_ms=300.694 guest=init_s=0.12,envd_s=0.17,ready_s=0.17
cube-vz-api: create sandbox=sb-72454063-5590-478f-9283-bbc16f3a4a95 mode=cold clone_ms=1.576 construct_ms=3.648 start_ms=118.806 ready_ms=190.105 total_ms=314.135 guest=init_s=0.13,envd_s=0.17,ready_s=0.17
cube-vz-api: create sandbox=sb-5c1d47b5-15b5-4448-80d2-a60c9af0c427 mode=cold clone_ms=1.067 construct_ms=7.194 start_ms=92.274 ready_ms=158.575 total_ms=259.110 guest=init_s=0.10,envd_s=0.14,ready_s=0.14
cube-vz-api: create sandbox=sb-79ec7704-94e7-435c-ae36-5f60c7c2411e mode=cold clone_ms=1.071 construct_ms=3.440 start_ms=109.479 ready_ms=156.165 total_ms=270.155 guest=init_s=0.10,envd_s=0.13,ready_s=0.13
cube-vz-api: create sandbox=sb-a353989f-4d01-4b3d-9054-91be71c39de3 mode=cold clone_ms=1.139 construct_ms=3.294 start_ms=102.933 ready_ms=161.534 total_ms=268.899 guest=init_s=0.11,envd_s=0.14,ready_s=0.14
cube-vz-api: create sandbox=sb-ed48b8f5-f056-4d6b-9c08-ab2adad0a9be mode=cold clone_ms=1.083 construct_ms=3.187 start_ms=86.815 ready_ms=162.625 total_ms=253.710 guest=init_s=0.11,envd_s=0.14,ready_s=0.14
cube-vz-api: create sandbox=sb-7c1db94a-594a-411b-8538-d422fdb2f5d6 mode=cold clone_ms=1.077 construct_ms=3.242 start_ms=81.168 ready_ms=158.173 total_ms=243.660 guest=init_s=0.11,envd_s=0.13,ready_s=0.13
cube-vz-api: create sandbox=sb-aef3253c-281f-47c4-bc49-a9b214e627bd mode=cold clone_ms=0.999 construct_ms=3.038 start_ms=103.234 ready_ms=155.681 total_ms=262.954 guest=init_s=0.10,envd_s=0.13,ready_s=0.13
cube-vz-api: create sandbox=sb-948c81db-1a82-4c7a-b0b3-183588e7b3c9 mode=cold clone_ms=1.046 construct_ms=2.773 start_ms=97.713 ready_ms=163.106 total_ms=264.637 guest=init_s=0.11,envd_s=0.14,ready_s=0.14
cube-vz-api: create sandbox=sb-7f4690e5-c783-4716-ad77-174f48af29ef mode=cold clone_ms=0.930 construct_ms=3.140 start_ms=85.990 ready_ms=162.743 total_ms=252.803 guest=init_s=0.10,envd_s=0.14,ready_s=0.14
cube-vz-api: create sandbox=sb-3139a56e-6191-4151-b5e5-0972341c4689 mode=cold clone_ms=1.006 construct_ms=3.439 start_ms=87.968 ready_ms=147.464 total_ms=239.876 guest=init_s=0.09,envd_s=0.13,ready_s=0.13
cube-vz-api: create sandbox=sb-9e6edc8f-f027-4038-9787-f435d917cb73 mode=cold clone_ms=1.169 construct_ms=3.066 start_ms=108.330 ready_ms=153.157 total_ms=265.722 guest=init_s=0.09,envd_s=0.13,ready_s=0.13
cube-vz-api: create sandbox=sb-d0abcd0d-644d-496f-8874-6e4f862c8073 mode=cold clone_ms=0.790 construct_ms=3.530 start_ms=100.910 ready_ms=170.671 total_ms=275.900 guest=init_s=0.10,envd_s=0.15,ready_s=0.15
cube-vz-api: create sandbox=sb-1fab08e0-6953-463b-86b6-1a81fa46bb76 mode=cold clone_ms=1.192 construct_ms=2.933 start_ms=85.581 ready_ms=163.665 total_ms=253.371 guest=init_s=0.10,envd_s=0.14,ready_s=0.14
cube-vz-api: create sandbox=sb-a4c5ea2f-c65a-4795-8c7e-33d445031224 mode=cold clone_ms=1.008 construct_ms=2.797 start_ms=86.306 ready_ms=174.371 total_ms=264.482 guest=init_s=0.12,envd_s=0.15,ready_s=0.15
cube-vz-api: create sandbox=sb-99e42f78-c26b-4da9-83df-582c65d06a9c mode=cold clone_ms=1.029 construct_ms=3.459 start_ms=97.268 ready_ms=169.931 total_ms=271.687 guest=init_s=0.11,envd_s=0.15,ready_s=0.15
cube-vz-api: create sandbox=sb-f2afa355-0a4d-4e96-a51c-0ab7ebc8e6d4 mode=cold clone_ms=0.955 construct_ms=3.743 start_ms=108.289 ready_ms=171.905 total_ms=284.892 guest=init_s=0.10,envd_s=0.15,ready_s=0.15
cube-vz-api: create sandbox=sb-d3b9e99b-4161-4318-a35c-544003678346 mode=cold clone_ms=1.142 construct_ms=3.645 start_ms=82.776 ready_ms=166.159 total_ms=253.722 guest=init_s=0.11,envd_s=0.15,ready_s=0.15
cube-vz-api: create sandbox=sb-69244aee-4403-4e3e-b84d-ab65ba666f99 mode=cold clone_ms=0.952 construct_ms=3.865 start_ms=95.664 ready_ms=168.842 total_ms=269.323 guest=init_s=0.10,envd_s=0.15,ready_s=0.15
cube-vz-api: create sandbox=sb-1544e7f6-8473-468f-9874-6fd110ad51d4 mode=cold clone_ms=0.954 construct_ms=2.983 start_ms=101.694 ready_ms=155.505 total_ms=261.136 guest=init_s=0.10,envd_s=0.14,ready_s=0.14
cube-vz-api: create sandbox=sb-0cf8e596-e3b0-4903-96d8-67ca9bbf7842 mode=cold clone_ms=0.843 construct_ms=2.619 start_ms=96.086 ready_ms=162.479 total_ms=262.027 guest=init_s=0.11,envd_s=0.14,ready_s=0.14
cube-vz-api: create sandbox=sb-85257891-7edf-447e-93c9-515229f9474f mode=cold clone_ms=1.119 construct_ms=3.633 start_ms=96.772 ready_ms=164.719 total_ms=266.243 guest=init_s=0.11,envd_s=0.14,ready_s=0.14
cube-vz-api: create sandbox=sb-238f5c82-c9c7-47f0-8687-45aca28c6c48 mode=cold clone_ms=1.167 construct_ms=3.445 start_ms=104.893 ready_ms=187.944 total_ms=297.449 guest=init_s=0.12,envd_s=0.17,ready_s=0.17
cube-vz-api: create sandbox=sb-0f0bbbe2-9bc0-4a6b-a65a-83f8c2d5b4fe mode=cold clone_ms=0.778 construct_ms=3.907 start_ms=98.279 ready_ms=157.215 total_ms=260.178 guest=init_s=0.10,envd_s=0.13,ready_s=0.13
cube-vz-api: create sandbox=sb-1b161bce-8ab1-4e6e-9926-4d6b50e0e0f6 mode=cold clone_ms=0.989 construct_ms=3.141 start_ms=105.540 ready_ms=161.416 total_ms=271.086 guest=init_s=0.10,envd_s=0.14,ready_s=0.14
cube-vz-api: create sandbox=sb-8e2bb473-11fd-44f7-9496-2b177d880805 mode=cold clone_ms=1.177 construct_ms=6.957 start_ms=105.915 ready_ms=151.669 total_ms=265.718 guest=init_s=0.10,envd_s=0.13,ready_s=0.13
cube-vz-api: create sandbox=sb-29a8e4e9-289f-44f6-b97e-bd95170c41f5 mode=cold clone_ms=0.973 construct_ms=2.826 start_ms=83.437 ready_ms=150.630 total_ms=237.867 guest=init_s=0.09,envd_s=0.13,ready_s=0.13
cube-vz-api: create sandbox=sb-d64949b0-7ceb-46a7-b491-3506c3c9590e mode=cold clone_ms=1.002 construct_ms=3.255 start_ms=81.200 ready_ms=138.671 total_ms=224.128 guest=init_s=0.09,envd_s=0.12,ready_s=0.12
cube-vz-api: create sandbox=sb-bbcf1091-daaf-46e6-9d95-735def3bceb2 mode=cold clone_ms=0.982 construct_ms=2.554 start_ms=78.035 ready_ms=139.041 total_ms=220.611 guest=init_s=0.10,envd_s=0.12,ready_s=0.12
cube-vz-api: create sandbox=sb-fabdec01-8f42-42e0-bda7-7a31ff795007 mode=cold clone_ms=1.050 construct_ms=3.114 start_ms=78.638 ready_ms=165.411 total_ms=248.212 guest=init_s=0.11,envd_s=0.14,ready_s=0.14
cube-vz-api: create sandbox=sb-5deda823-073b-4e0d-9f83-a0dd113685ba mode=cold clone_ms=1.261 construct_ms=2.781 start_ms=83.739 ready_ms=164.414 total_ms=252.195 guest=init_s=0.10,envd_s=0.14,ready_s=0.14
cube-vz-api: create sandbox=sb-8481239c-553a-40fe-b0c2-4c3fa9c481f8 mode=cold clone_ms=0.866 construct_ms=3.525 start_ms=80.637 ready_ms=162.691 total_ms=247.719 guest=init_s=0.10,envd_s=0.14,ready_s=0.14
cube-vz-api: create sandbox=sb-ae9e93ba-7574-40d7-9e22-db82555529e4 mode=cold clone_ms=0.950 construct_ms=2.688 start_ms=100.544 ready_ms=153.941 total_ms=258.122 guest=init_s=0.10,envd_s=0.14,ready_s=0.14
cube-vz-api: create sandbox=sb-9295383a-3c16-4d1f-bc98-6d009c5626d4 mode=cold clone_ms=1.115 construct_ms=2.843 start_ms=113.904 ready_ms=163.567 total_ms=281.428 guest=init_s=0.11,envd_s=0.15,ready_s=0.15
cube-vz-api: create sandbox=sb-441ceb55-9c8b-4a88-a663-f01a5f376625 mode=cold clone_ms=1.003 construct_ms=3.137 start_ms=121.615 ready_ms=180.598 total_ms=306.353 guest=init_s=0.12,envd_s=0.16,ready_s=0.16
cube-vz-api: create sandbox=sb-25cde33f-6ca0-4666-a522-8ab501d6fc34 mode=cold clone_ms=0.954 construct_ms=3.126 start_ms=89.733 ready_ms=149.355 total_ms=243.168 guest=init_s=0.09,envd_s=0.13,ready_s=0.13
cube-vz-api: create sandbox=sb-81bcc080-2484-43db-8618-f6d9a1546132 mode=cold clone_ms=1.078 construct_ms=6.675 start_ms=93.083 ready_ms=187.296 total_ms=288.131 guest=init_s=0.12,envd_s=0.17,ready_s=0.17
cube-vz-api: create sandbox=sb-5e44ba45-0247-401e-bc38-fbfbf1761f36 mode=cold clone_ms=0.896 construct_ms=3.134 start_ms=85.095 ready_ms=163.769 total_ms=252.893 guest=init_s=0.11,envd_s=0.15,ready_s=0.15
cube-vz-api: create sandbox=sb-9f566dc5-384a-4e46-ba96-3e503bfdc0d1 mode=cold clone_ms=1.019 construct_ms=2.742 start_ms=86.882 ready_ms=182.275 total_ms=272.918 guest=init_s=0.13,envd_s=0.16,ready_s=0.16
cube-vz-api: create sandbox=sb-d2842c56-f074-4045-b354-8e5e05eeac05 mode=cold clone_ms=0.991 construct_ms=3.263 start_ms=108.287 ready_ms=165.160 total_ms=277.700 guest=init_s=0.10,envd_s=0.15,ready_s=0.15
cube-vz-api: create sandbox=sb-f49a5b4d-9fd0-4de2-b6d5-547511c6c29f mode=cold clone_ms=1.125 construct_ms=5.187 start_ms=100.346 ready_ms=169.652 total_ms=276.311 guest=init_s=0.11,envd_s=0.15,ready_s=0.15
cube-vz-api: create sandbox=sb-1eb2cb8b-e844-4259-856c-c2ad4edb7d57 mode=cold clone_ms=1.315 construct_ms=3.684 start_ms=108.850 ready_ms=170.521 total_ms=284.370 guest=init_s=0.11,envd_s=0.15,ready_s=0.15
cube-vz-api: create sandbox=sb-4f8eeb3f-fc82-43b1-9f99-e288c9674731 mode=cold clone_ms=1.176 construct_ms=3.053 start_ms=101.682 ready_ms=170.306 total_ms=276.217 guest=init_s=0.11,envd_s=0.15,ready_s=0.15
cube-vz-api: create sandbox=sb-cb7c3d8f-38ba-4ad8-925d-e654202e19ac mode=cold clone_ms=1.075 construct_ms=3.299 start_ms=83.989 ready_ms=178.816 total_ms=267.179 guest=init_s=0.12,envd_s=0.16,ready_s=0.16
cube-vz-api: create sandbox=sb-7d6ffb03-57e5-421d-b2e9-670be035a652 mode=cold clone_ms=0.874 construct_ms=3.259 start_ms=84.911 ready_ms=161.741 total_ms=250.785 guest=init_s=0.11,envd_s=0.15,ready_s=0.15
cube-vz-api: create sandbox=sb-c8218944-332e-46a4-9c8b-2ae7f77bd6e2 mode=cold clone_ms=1.197 construct_ms=3.148 start_ms=102.300 ready_ms=153.595 total_ms=260.241 guest=init_s=0.10,envd_s=0.14,ready_s=0.14
cube-vz-api: create sandbox=sb-70553b9c-10ee-40bb-9de5-22d52d83120d mode=cold clone_ms=1.006 construct_ms=3.548 start_ms=94.527 ready_ms=158.806 total_ms=257.886 guest=init_s=0.11,envd_s=0.14,ready_s=0.14
cube-vz-api: create sandbox=sb-75180295-0b86-45fd-b4e3-c3da0c06714f mode=cold clone_ms=1.550 construct_ms=3.475 start_ms=89.513 ready_ms=149.599 total_ms=244.137 guest=init_s=0.10,envd_s=0.13,ready_s=0.13
cube-vz-api: create sandbox=sb-075c605e-95f7-4fc0-8842-89a36a38e6dc mode=cold clone_ms=1.177 construct_ms=3.414 start_ms=109.323 ready_ms=166.154 total_ms=280.069 guest=init_s=0.11,envd_s=0.15,ready_s=0.15
cube-vz-api: create sandbox=sb-2de75bdb-6105-433a-b8cc-e07e6f115b3e mode=cold clone_ms=2.439 construct_ms=2.662 start_ms=101.983 ready_ms=175.150 total_ms=282.235 guest=init_s=0.12,envd_s=0.15,ready_s=0.15
cube-vz-api: create sandbox=sb-f55e062f-299a-4e1c-b33c-70d28ba634c1 mode=cold clone_ms=0.935 construct_ms=3.150 start_ms=83.789 ready_ms=145.607 total_ms=233.481 guest=init_s=0.09,envd_s=0.13,ready_s=0.13
cube-vz-api: create sandbox=sb-08e21d0b-fea8-4f3f-a25b-526733bf36fe mode=cold clone_ms=0.994 construct_ms=3.180 start_ms=81.896 ready_ms=175.466 total_ms=261.536 guest=init_s=0.11,envd_s=0.15,ready_s=0.15
cube-vz-api: create sandbox=sb-8e2451ac-2e96-44d6-bbc3-efda893b5ab2 mode=cold clone_ms=1.099 construct_ms=3.096 start_ms=109.333 ready_ms=219.450 total_ms=332.977 guest=init_s=0.11,envd_s=0.20,ready_s=0.20
cube-vz-api: create sandbox=sb-982d4da7-2cae-494c-9125-360a532778d5 mode=cold clone_ms=0.808 construct_ms=3.315 start_ms=102.181 ready_ms=222.272 total_ms=328.575 guest=init_s=0.14,envd_s=0.21,ready_s=0.21
cube-vz-api: create sandbox=sb-22b6a8cb-4782-4a58-8606-5af8f2c79542 mode=cold clone_ms=0.843 construct_ms=3.348 start_ms=91.942 ready_ms=231.874 total_ms=328.007 guest=init_s=0.15,envd_s=0.21,ready_s=0.22
cube-vz-api: create sandbox=sb-7c3bd3ad-764a-48db-95bd-fd64bf098c2a mode=cold clone_ms=0.981 construct_ms=2.837 start_ms=97.941 ready_ms=178.521 total_ms=280.280 guest=init_s=0.12,envd_s=0.16,ready_s=0.16
cube-vz-api: create sandbox=sb-ec4bf7fc-eb70-4216-a58c-d421055f37ba mode=cold clone_ms=0.964 construct_ms=3.205 start_ms=120.734 ready_ms=191.348 total_ms=316.251 guest=init_s=0.13,envd_s=0.17,ready_s=0.17
cube-vz-api: create sandbox=sb-084a3377-d017-40ee-9390-c5c7c60a044a mode=cold clone_ms=0.931 construct_ms=3.506 start_ms=134.308 ready_ms=201.387 total_ms=340.132 guest=init_s=0.11,envd_s=0.18,ready_s=0.18
cube-vz-api: create sandbox=sb-cce93ee7-74c7-4124-8064-13620b88d43b mode=cold clone_ms=1.164 construct_ms=3.544 start_ms=149.904 ready_ms=227.229 total_ms=381.841 guest=init_s=0.16,envd_s=0.20,ready_s=0.20
cube-vz-api: create sandbox=sb-3be7a355-0aa0-465b-b695-0fc0baea30ce mode=cold clone_ms=16.901 construct_ms=4.674 start_ms=93.143 ready_ms=218.784 total_ms=333.502 guest=init_s=0.15,envd_s=0.19,ready_s=0.20
cube-vz-api: create sandbox=sb-3127e275-c637-4d8c-a125-9e5429e4646c mode=cold clone_ms=1.326 construct_ms=3.440 start_ms=142.695 ready_ms=227.368 total_ms=374.829 guest=init_s=0.16,envd_s=0.20,ready_s=0.20
cube-vz-api: create sandbox=sb-b8314e45-e15c-4475-b998-68a222312ab9 mode=cold clone_ms=2.157 construct_ms=4.249 start_ms=125.793 ready_ms=229.345 total_ms=361.544 guest=init_s=0.16,envd_s=0.21,ready_s=0.21
cube-vz-api: create sandbox=sb-cd22cf65-8af7-4923-83d5-2d15a3f3db57 mode=cold clone_ms=0.966 construct_ms=9.324 start_ms=102.585 ready_ms=169.507 total_ms=282.382 guest=init_s=0.11,envd_s=0.15,ready_s=0.15
cube-vz-api: create sandbox=sb-6a0202de-6caa-4954-aa1c-ffbafdb07f0d mode=cold clone_ms=0.942 construct_ms=2.797 start_ms=98.980 ready_ms=157.077 total_ms=259.797 guest=init_s=0.10,envd_s=0.14,ready_s=0.14
cube-vz-api: create sandbox=sb-ee971a36-55c3-4b12-bd9f-e01e4f993674 mode=cold clone_ms=1.116 construct_ms=2.814 start_ms=104.741 ready_ms=170.861 total_ms=279.532 guest=init_s=0.11,envd_s=0.15,ready_s=0.15
cube-vz-api: create sandbox=sb-06b38714-e6f9-4c29-80a2-8dee87c7bbbe mode=cold clone_ms=0.939 construct_ms=3.025 start_ms=99.699 ready_ms=162.193 total_ms=265.856 guest=init_s=0.11,envd_s=0.14,ready_s=0.14
cube-vz-api: create sandbox=sb-1564fabf-08c0-4518-8060-33727bc29fe6 mode=cold clone_ms=1.601 construct_ms=3.173 start_ms=106.597 ready_ms=176.957 total_ms=288.328 guest=init_s=0.12,envd_s=0.16,ready_s=0.16
cube-vz-api: create sandbox=sb-d53f5b05-9fa1-4bb5-bd8e-c24cbfc6a5fe mode=cold clone_ms=3.786 construct_ms=2.821 start_ms=83.134 ready_ms=159.814 total_ms=249.555 guest=init_s=0.09,envd_s=0.14,ready_s=0.14
cube-vz-api: create sandbox=sb-e070ca7d-a0cc-4a4d-b033-ba8fd51693df mode=cold clone_ms=1.064 construct_ms=3.049 start_ms=117.225 ready_ms=161.443 total_ms=282.781 guest=init_s=0.11,envd_s=0.14,ready_s=0.14
cube-vz-api: create sandbox=sb-123ac50b-8ed4-49b1-99ea-400244a9e1b7 mode=cold clone_ms=0.987 construct_ms=2.962 start_ms=111.958 ready_ms=169.611 total_ms=285.518 guest=init_s=0.11,envd_s=0.15,ready_s=0.15
cube-vz-api: create sandbox=sb-0b7fe1cc-4701-49fb-8237-baa4c76a1d1b mode=cold clone_ms=0.967 construct_ms=2.700 start_ms=106.831 ready_ms=179.867 total_ms=290.365 guest=init_s=0.12,envd_s=0.16,ready_s=0.16
cube-vz-api: create sandbox=sb-28b28cb8-0469-4068-a096-37c231d7a6f0 mode=cold clone_ms=0.914 construct_ms=2.573 start_ms=80.976 ready_ms=179.588 total_ms=264.051 guest=init_s=0.13,envd_s=0.16,ready_s=0.16
cube-vz-api: create sandbox=sb-84a2d89a-1179-430f-b187-5de74e228268 mode=cold clone_ms=0.922 construct_ms=2.732 start_ms=100.481 ready_ms=169.666 total_ms=273.802 guest=init_s=0.11,envd_s=0.15,ready_s=0.15
cube-vz-api: create sandbox=sb-48e2e044-aa47-4e35-a203-acf01d534014 mode=cold clone_ms=0.906 construct_ms=4.439 start_ms=109.356 ready_ms=172.804 total_ms=287.505 guest=init_s=0.11,envd_s=0.15,ready_s=0.15
cube-vz-api: create sandbox=sb-589f60f3-bce8-4e12-9a2d-121d5a1e40fa mode=cold clone_ms=1.268 construct_ms=2.939 start_ms=95.993 ready_ms=162.075 total_ms=262.275 guest=init_s=0.11,envd_s=0.14,ready_s=0.14
cube-vz-api: create sandbox=sb-eb76270c-737a-48b5-b60e-eb80fee248d7 mode=cold clone_ms=0.930 construct_ms=3.325 start_ms=83.683 ready_ms=159.997 total_ms=247.934 guest=init_s=0.11,envd_s=0.13,ready_s=0.13
cube-vz-api: create sandbox=sb-9aa489db-7b8f-4157-9155-f865033309b4 mode=cold clone_ms=1.130 construct_ms=2.961 start_ms=113.708 ready_ms=163.245 total_ms=281.044 guest=init_s=0.10,envd_s=0.14,ready_s=0.14
cube-vz-api: create sandbox=sb-caeee077-5f6a-43d1-b9ba-f7f85bf70e08 mode=cold clone_ms=1.198 construct_ms=6.424 start_ms=129.048 ready_ms=173.278 total_ms=309.948 guest=init_s=0.12,envd_s=0.15,ready_s=0.15
cube-vz-api: create sandbox=sb-835d30af-d15a-4427-a339-2a5a53c59314 mode=cold clone_ms=1.445 construct_ms=3.076 start_ms=80.276 ready_ms=149.093 total_ms=233.889 guest=init_s=0.09,envd_s=0.13,ready_s=0.13
cube-vz-api: create sandbox=sb-73682f0f-ad13-41a4-983e-56db1d6fbd11 mode=cold clone_ms=1.133 construct_ms=2.984 start_ms=101.926 ready_ms=214.853 total_ms=320.896 guest=init_s=0.11,envd_s=0.19,ready_s=0.19
cube-vz-api: create sandbox=sb-f7a35c13-8ed4-400b-b132-c5e8893afdde mode=cold clone_ms=1.324 construct_ms=2.824 start_ms=95.189 ready_ms=223.013 total_ms=322.350 guest=init_s=0.10,envd_s=0.20,ready_s=0.20
cube-vz-api: create sandbox=sb-36974e2e-a3df-4fe9-973e-bc4c7925d332 mode=cold clone_ms=0.921 construct_ms=3.309 start_ms=85.672 ready_ms=226.575 total_ms=316.477 guest=init_s=0.17,envd_s=0.21,ready_s=0.21
cube-vz-api: create sandbox=sb-bc816276-7b82-4f30-8c17-86b5ec68a759 mode=cold clone_ms=0.886 construct_ms=4.100 start_ms=116.825 ready_ms=198.587 total_ms=320.399 guest=init_s=0.13,envd_s=0.16,ready_s=0.16
cube-vz-api: create sandbox=sb-4ba70c5c-8c96-4ae0-8514-4808ccfdffd8 mode=cold clone_ms=1.145 construct_ms=2.795 start_ms=91.300 ready_ms=166.334 total_ms=261.574 guest=init_s=0.11,envd_s=0.15,ready_s=0.15
cube-vz-api: create sandbox=sb-e1537edd-5e52-4cab-b832-232751ef3792 mode=cold clone_ms=1.299 construct_ms=4.230 start_ms=120.223 ready_ms=192.517 total_ms=318.269 guest=init_s=0.14,envd_s=0.17,ready_s=0.17
cube-vz-api: create sandbox=sb-44214dc4-609b-417b-bee6-ffd3e6100fe2 mode=cold clone_ms=1.341 construct_ms=4.461 start_ms=87.420 ready_ms=148.973 total_ms=242.196 guest=init_s=0.09,envd_s=0.13,ready_s=0.13
cube-vz-api: create sandbox=sb-daf80065-ebc8-4d77-8e6f-ef3234625923 mode=cold clone_ms=1.036 construct_ms=3.519 start_ms=82.059 ready_ms=162.607 total_ms=249.221 guest=init_s=0.11,envd_s=0.14,ready_s=0.14
cube-vz-api: create sandbox=sb-52b9c4cb-d828-4b08-8386-a264c26ea088 mode=cold clone_ms=1.266 construct_ms=2.797 start_ms=99.032 ready_ms=161.464 total_ms=264.560 guest=init_s=0.10,envd_s=0.13,ready_s=0.13
cube-vz-api: create sandbox=sb-e71073b6-1ae2-4b84-9627-b2e2c1e0a92a mode=cold clone_ms=1.070 construct_ms=2.910 start_ms=104.479 ready_ms=161.804 total_ms=270.263 guest=init_s=0.10,envd_s=0.14,ready_s=0.14
cube-vz-api: create sandbox=sb-9f55d5af-93a1-4979-b376-6dc1ca503b45 mode=cold clone_ms=0.911 construct_ms=2.974 start_ms=83.378 ready_ms=162.793 total_ms=250.055 guest=init_s=0.11,envd_s=0.14,ready_s=0.14
cube-vz-api: create sandbox=sb-c97728a5-311b-48c3-8ee0-39a533a9dfbb mode=cold clone_ms=0.948 construct_ms=2.759 start_ms=89.011 ready_ms=163.151 total_ms=255.869 guest=init_s=0.11,envd_s=0.14,ready_s=0.15
cube-vz-api: create sandbox=sb-bff0c534-5316-44ac-b311-dd0d1c178816 mode=cold clone_ms=1.204 construct_ms=3.193 start_ms=82.831 ready_ms=162.586 total_ms=249.815 guest=init_s=0.11,envd_s=0.14,ready_s=0.14
cube-vz-api: create sandbox=sb-1aa7c083-48e4-4e91-af9c-3d5fd32b1a12 mode=cold clone_ms=1.091 construct_ms=2.754 start_ms=85.629 ready_ms=153.868 total_ms=243.343 guest=init_s=0.10,envd_s=0.14,ready_s=0.14
cube-vz-api: create sandbox=sb-156983b4-f784-497f-aae9-7fc7f9175e02 mode=cold clone_ms=0.912 construct_ms=3.419 start_ms=90.865 ready_ms=158.330 total_ms=253.525 guest=init_s=0.10,envd_s=0.14,ready_s=0.14
cube-vz-api: create sandbox=sb-bac501b9-73f6-4691-a1fe-78c7489e3bbc mode=cold clone_ms=1.192 construct_ms=2.918 start_ms=87.905 ready_ms=159.763 total_ms=251.778 guest=init_s=0.11,envd_s=0.14,ready_s=0.14
cube-vz-api: create sandbox=sb-b783bdf9-ae40-4c8c-a7c7-c59810039878 mode=cold clone_ms=1.033 construct_ms=3.935 start_ms=85.479 ready_ms=173.093 total_ms=263.540 guest=init_s=0.11,envd_s=0.15,ready_s=0.15
cube-vz-api: create sandbox=sb-71d3b1c5-8f09-499f-a811-bfff6f41629f mode=cold clone_ms=1.020 construct_ms=2.760 start_ms=87.195 ready_ms=164.472 total_ms=255.447 guest=init_s=0.11,envd_s=0.15,ready_s=0.15
cube-vz-api: create sandbox=sb-be30057d-1995-4b79-abdd-b2b3d702d732 mode=cold clone_ms=0.969 construct_ms=3.279 start_ms=101.732 ready_ms=166.884 total_ms=272.864 guest=init_s=0.11,envd_s=0.15,ready_s=0.15
cube-vz-api: create sandbox=sb-c4f84065-4d72-46f1-865b-277b3be92009 mode=cold clone_ms=1.259 construct_ms=3.219 start_ms=107.751 ready_ms=166.996 total_ms=279.225 guest=init_s=0.11,envd_s=0.15,ready_s=0.15
cube-vz-api: create sandbox=sb-c7889849-4606-4eb0-8cfd-64b86516aeca mode=cold clone_ms=0.937 construct_ms=2.848 start_ms=87.562 ready_ms=153.675 total_ms=245.021 guest=init_s=0.10,envd_s=0.13,ready_s=0.13
cube-vz-api: create sandbox=sb-109f4699-8e5c-4cbb-acfb-aa2a585df238 mode=cold clone_ms=1.018 construct_ms=2.953 start_ms=87.862 ready_ms=168.134 total_ms=259.967 guest=init_s=0.11,envd_s=0.15,ready_s=0.15
cube-vz-api: create sandbox=sb-3ae19a9c-8036-4270-8587-16765beb866f mode=cold clone_ms=0.829 construct_ms=2.919 start_ms=83.291 ready_ms=173.899 total_ms=260.938 guest=init_s=0.11,envd_s=0.15,ready_s=0.15
cube-vz-api: create sandbox=sb-1dca00b8-94fb-4d79-ad75-efaafd046330 mode=cold clone_ms=0.764 construct_ms=2.650 start_ms=124.199 ready_ms=168.826 total_ms=296.438 guest=init_s=0.12,envd_s=0.15,ready_s=0.15
cube-vz-api: create sandbox=sb-1b211c4f-d8e2-4598-8b7d-4127ca356cfd mode=cold clone_ms=1.495 construct_ms=2.790 start_ms=112.029 ready_ms=168.935 total_ms=285.249 guest=init_s=0.12,envd_s=0.15,ready_s=0.15
cube-vz-api: create sandbox=sb-5544c0dc-f734-43fd-bc0a-a71600c75fd1 mode=cold clone_ms=1.208 construct_ms=3.157 start_ms=111.395 ready_ms=183.565 total_ms=299.326 guest=init_s=0.13,envd_s=0.16,ready_s=0.16
cube-vz-api: create sandbox=sb-9c8632cd-4dc2-4d2e-af20-fd41df44f2cc mode=cold clone_ms=1.307 construct_ms=3.327 start_ms=107.983 ready_ms=154.859 total_ms=267.476 guest=init_s=0.10,envd_s=0.14,ready_s=0.14
cube-vz-api: create sandbox=sb-7b56a2f8-2f60-4208-936a-de9fc34881a4 mode=cold clone_ms=1.072 construct_ms=7.548 start_ms=108.849 ready_ms=167.537 total_ms=285.006 guest=init_s=0.11,envd_s=0.15,ready_s=0.15
cube-vz-api: create sandbox=sb-168449dd-3889-46ef-842e-d445483dd9fa mode=cold clone_ms=1.141 construct_ms=3.554 start_ms=103.950 ready_ms=156.694 total_ms=265.338 guest=init_s=0.10,envd_s=0.13,ready_s=0.13
cube-vz-api: create sandbox=sb-d09a10b4-74fc-44d4-9b91-25b19400797a mode=cold clone_ms=1.041 construct_ms=2.970 start_ms=96.660 ready_ms=160.297 total_ms=260.969 guest=init_s=0.10,envd_s=0.14,ready_s=0.14
cube-vz-api: create sandbox=sb-197eb548-50bb-4387-948b-56fee7da85fb mode=cold clone_ms=0.960 construct_ms=3.402 start_ms=84.237 ready_ms=156.800 total_ms=245.399 guest=init_s=0.10,envd_s=0.14,ready_s=0.14
cube-vz-api: create sandbox=sb-62540c31-5570-4649-91bc-848e88107a99 mode=cold clone_ms=1.097 construct_ms=2.902 start_ms=98.511 ready_ms=175.182 total_ms=277.692 guest=init_s=0.12,envd_s=0.15,ready_s=0.16
cube-vz-api: create sandbox=sb-3e330250-4359-4306-89bd-5e6bbaf63667 mode=cold clone_ms=0.851 construct_ms=5.543 start_ms=99.258 ready_ms=173.392 total_ms=279.044 guest=init_s=0.10,envd_s=0.15,ready_s=0.15
cube-vz-api: create sandbox=sb-a0cfabcc-9c94-4a45-855f-2c2236f451c5 mode=cold clone_ms=1.771 construct_ms=2.795 start_ms=82.012 ready_ms=184.602 total_ms=271.180 guest=init_s=0.11,envd_s=0.16,ready_s=0.16
cube-vz-api: create sandbox=sb-85b2719d-04e9-4f8c-a225-eeab9583f861 mode=cold clone_ms=1.096 construct_ms=2.878 start_ms=86.856 ready_ms=169.156 total_ms=259.986 guest=init_s=0.10,envd_s=0.15,ready_s=0.15
cube-vz-api: create sandbox=sb-105107e2-544e-47c8-a7e0-f86a6f6739ec mode=cold clone_ms=0.978 construct_ms=2.791 start_ms=102.381 ready_ms=180.348 total_ms=286.498 guest=init_s=0.12,envd_s=0.15,ready_s=0.15
cube-vz-api: create sandbox=sb-42763780-32e9-4d06-a883-b3796c09fce0 mode=cold clone_ms=0.975 construct_ms=3.277 start_ms=95.302 ready_ms=182.422 total_ms=281.976 guest=init_s=0.13,envd_s=0.16,ready_s=0.16
cube-vz-api: create sandbox=sb-4bc283f9-33a3-4842-bc6c-04b7f6c31604 mode=cold clone_ms=0.917 construct_ms=3.652 start_ms=87.773 ready_ms=163.871 total_ms=256.213 guest=init_s=0.10,envd_s=0.14,ready_s=0.14
cube-vz-api: create sandbox=sb-de9752bd-319f-4a21-977d-a68bab871e54 mode=cold clone_ms=1.277 construct_ms=3.881 start_ms=90.301 ready_ms=153.907 total_ms=249.366 guest=init_s=0.10,envd_s=0.13,ready_s=0.13
cube-vz-api: create sandbox=sb-530e9772-8cbf-4d32-967e-fcb3bb1e1e63 mode=cold clone_ms=1.048 construct_ms=3.400 start_ms=78.888 ready_ms=146.329 total_ms=229.665 guest=init_s=0.09,envd_s=0.13,ready_s=0.13
cube-vz-api: create sandbox=sb-8db08d9c-78f2-4d94-9d4e-7656d921edbc mode=cold clone_ms=0.850 construct_ms=2.819 start_ms=135.859 ready_ms=158.970 total_ms=298.499 guest=init_s=0.11,envd_s=0.14,ready_s=0.14
cube-vz-api: create sandbox=sb-d82cbfda-6168-4d7e-b8b2-0488ad95ca7e mode=cold clone_ms=1.004 construct_ms=3.289 start_ms=111.040 ready_ms=162.994 total_ms=278.326 guest=init_s=0.11,envd_s=0.14,ready_s=0.14
cube-vz-api: create sandbox=sb-9d300ce6-5da0-4ef4-9653-5445c978065f mode=cold clone_ms=1.122 construct_ms=2.628 start_ms=104.034 ready_ms=164.578 total_ms=272.363 guest=init_s=0.11,envd_s=0.15,ready_s=0.15
cube-vz-api: create sandbox=sb-9bbacd7f-c51c-4a2b-8658-88577536447c mode=cold clone_ms=0.826 construct_ms=2.751 start_ms=128.885 ready_ms=167.304 total_ms=299.767 guest=init_s=0.11,envd_s=0.15,ready_s=0.15
cube-vz-api: create sandbox=sb-3a480634-eb67-4110-9e11-f9ce33d89276 mode=cold clone_ms=0.899 construct_ms=5.426 start_ms=87.334 ready_ms=152.044 total_ms=245.702 guest=init_s=0.11,envd_s=0.13,ready_s=0.13
cube-vz-api: create sandbox=sb-924e0192-b046-4396-8820-4b68596b35a3 mode=cold clone_ms=1.040 construct_ms=3.731 start_ms=84.300 ready_ms=151.056 total_ms=240.127 guest=init_s=0.10,envd_s=0.13,ready_s=0.13
cube-vz-api: create sandbox=sb-d88a5569-35e3-4ccf-ae2b-d7f5bc041ed5 mode=cold clone_ms=0.930 construct_ms=3.904 start_ms=91.106 ready_ms=148.762 total_ms=244.702 guest=init_s=0.10,envd_s=0.13,ready_s=0.13
cube-vz-api: create sandbox=sb-81ec9c0c-75fa-4f2d-a357-347664192681 mode=cold clone_ms=0.792 construct_ms=3.223 start_ms=82.287 ready_ms=168.359 total_ms=254.661 guest=init_s=0.11,envd_s=0.15,ready_s=0.15
cube-vz-api: create sandbox=sb-f1445af2-d066-49b2-99d6-d7dfae12e52f mode=cold clone_ms=4.574 construct_ms=2.927 start_ms=86.297 ready_ms=153.571 total_ms=247.369 guest=init_s=0.10,envd_s=0.13,ready_s=0.13
cube-vz-api: create sandbox=sb-a9c5971a-a8f2-4ff5-aba4-98013d196b2e mode=cold clone_ms=0.898 construct_ms=2.924 start_ms=87.297 ready_ms=153.761 total_ms=244.880 guest=init_s=0.10,envd_s=0.13,ready_s=0.13
cube-vz-api: create sandbox=sb-1f63ae1b-0a35-43e3-8c7c-96355a36a0d5 mode=cold clone_ms=1.049 construct_ms=2.805 start_ms=98.479 ready_ms=158.563 total_ms=260.896 guest=init_s=0.11,envd_s=0.14,ready_s=0.14
cube-vz-api: create sandbox=sb-5b502fee-ee19-4884-b2f5-3487fc87f169 mode=cold clone_ms=0.854 construct_ms=2.878 start_ms=106.390 ready_ms=154.393 total_ms=264.515 guest=init_s=0.10,envd_s=0.13,ready_s=0.13
cube-vz-api: create sandbox=sb-201c4aa2-88d7-4cc3-9fc8-ee08ddef634b mode=cold clone_ms=0.994 construct_ms=2.749 start_ms=113.457 ready_ms=154.231 total_ms=271.432 guest=init_s=0.10,envd_s=0.13,ready_s=0.13
cube-vz-api: create sandbox=sb-b5861b1b-1cb5-4971-a28a-a364991fb6fb mode=cold clone_ms=1.066 construct_ms=3.050 start_ms=83.414 ready_ms=152.834 total_ms=240.364 guest=init_s=0.10,envd_s=0.13,ready_s=0.13
cube-vz-api: create sandbox=sb-640bb2a0-e870-419b-b233-d123779094fc mode=cold clone_ms=1.004 construct_ms=3.180 start_ms=104.700 ready_ms=153.850 total_ms=262.734 guest=init_s=0.11,envd_s=0.14,ready_s=0.14
cube-vz-api: create sandbox=sb-4a084de1-6b68-4f56-92e7-0260651c3caa mode=cold clone_ms=1.231 construct_ms=2.710 start_ms=98.990 ready_ms=160.177 total_ms=263.108 guest=init_s=0.11,envd_s=0.14,ready_s=0.14
cube-vz-api: create sandbox=sb-79c2c71e-4a1d-449d-88a6-44f9c99427b2 mode=cold clone_ms=1.244 construct_ms=3.223 start_ms=91.624 ready_ms=159.781 total_ms=255.873 guest=init_s=0.10,envd_s=0.14,ready_s=0.14
cube-vz-api: create sandbox=sb-1f573c19-241e-4297-8e7e-abc1146b2eb1 mode=cold clone_ms=0.942 construct_ms=4.413 start_ms=81.868 ready_ms=154.597 total_ms=241.821 guest=init_s=0.10,envd_s=0.13,ready_s=0.13
cube-vz-api: create sandbox=sb-2947ccbf-d8e5-446a-9424-1554320789ce mode=cold clone_ms=1.041 construct_ms=3.488 start_ms=87.232 ready_ms=150.236 total_ms=241.998 guest=init_s=0.10,envd_s=0.13,ready_s=0.13
cube-vz-api: create sandbox=sb-a5bcbdfe-c48e-4246-84da-6996f4f8a29c mode=cold clone_ms=0.851 construct_ms=2.791 start_ms=82.625 ready_ms=173.718 total_ms=259.985 guest=init_s=0.12,envd_s=0.15,ready_s=0.15
cube-vz-api: create sandbox=sb-d3d8ed38-7956-4595-98ce-210b6d181bae mode=cold clone_ms=1.044 construct_ms=2.741 start_ms=81.644 ready_ms=142.764 total_ms=228.194 guest=init_s=0.09,envd_s=0.12,ready_s=0.12
cube-vz-api: create sandbox=sb-ce9af2ac-a2ac-4929-b47e-38b1160f0e60 mode=cold clone_ms=1.010 construct_ms=3.063 start_ms=79.641 ready_ms=149.211 total_ms=232.926 guest=init_s=0.09,envd_s=0.13,ready_s=0.13
