cube-vz-api: create sandbox=sb-fd926062-213e-479b-aa5b-45fe25854668 mode=cold clone_ms=1.618 construct_ms=6.430 start_ms=88.277 ready_ms=148.682 total_ms=245.006 guest=init_s=0.10,envd_s=0.13,ready_s=0.13
cube-vz-api: create sandbox=sb-5fe8ea88-4245-462d-89a6-a4c2b0a3164e mode=cold clone_ms=0.933 construct_ms=3.157 start_ms=81.978 ready_ms=152.717 total_ms=238.784 guest=init_s=0.10,envd_s=0.13,ready_s=0.13
cube-vz-api: create sandbox=sb-b2343c15-7f57-40d2-bc5d-9ef7deee275d mode=cold clone_ms=1.025 construct_ms=2.758 start_ms=76.845 ready_ms=127.146 total_ms=207.774 guest=init_s=0.09,envd_s=0.11,ready_s=0.11
cube-vz-api: create sandbox=sb-b4bec690-338a-4abb-a8e2-eaa9ed40ffc6 mode=cold clone_ms=0.997 construct_ms=2.780 start_ms=86.591 ready_ms=139.349 total_ms=229.718 guest=init_s=0.10,envd_s=0.12,ready_s=0.12
cube-vz-api: create sandbox=sb-ec07fbcf-9440-4a9f-a74b-7dd72852c0b8 mode=cold clone_ms=0.938 construct_ms=2.839 start_ms=76.783 ready_ms=127.316 total_ms=207.877 guest=init_s=0.08,envd_s=0.11,ready_s=0.11
cube-vz-api: create sandbox=sb-e357075d-f1a0-4300-a77f-d9cf2c5253b2 mode=cold clone_ms=0.909 construct_ms=2.624 start_ms=78.239 ready_ms=159.146 total_ms=240.918 guest=init_s=0.10,envd_s=0.14,ready_s=0.14
cube-vz-api: create sandbox=sb-6abe9341-7c29-4269-ac0f-837399435097 mode=cold clone_ms=0.961 construct_ms=2.767 start_ms=76.079 ready_ms=139.276 total_ms=219.083 guest=init_s=0.10,envd_s=0.12,ready_s=0.12
cube-vz-api: create sandbox=sb-3e29ad98-93c4-44d8-a2f5-b7d1e27178a3 mode=cold clone_ms=0.914 construct_ms=2.616 start_ms=77.404 ready_ms=124.338 total_ms=205.272 guest=init_s=0.08,envd_s=0.11,ready_s=0.11
cube-vz-api: create sandbox=sb-077f164a-7a96-41c4-9b9d-203414f3cfb2 mode=cold clone_ms=1.449 construct_ms=2.774 start_ms=75.367 ready_ms=147.441 total_ms=227.031 guest=init_s=0.10,envd_s=0.13,ready_s=0.13
cube-vz-api: create sandbox=sb-91ab5fce-9d02-4480-9a44-59dba1215eee mode=cold clone_ms=1.069 construct_ms=3.133 start_ms=75.445 ready_ms=139.029 total_ms=218.677 guest=init_s=0.10,envd_s=0.12,ready_s=0.12
cube-vz-api: create sandbox=sb-b96ca345-7b31-4e78-b87d-cbc50d780510 mode=cold clone_ms=0.975 construct_ms=2.724 start_ms=78.708 ready_ms=131.800 total_ms=214.207 guest=init_s=0.09,envd_s=0.11,ready_s=0.11
cube-vz-api: create sandbox=sb-a55f05dc-7621-406e-969c-e2e7d3ca1c29 mode=cold clone_ms=1.156 construct_ms=2.721 start_ms=77.277 ready_ms=127.450 total_ms=208.604 guest=init_s=0.08,envd_s=0.11,ready_s=0.11
cube-vz-api: create sandbox=sb-36669750-8883-4535-8725-df907b84f973 mode=cold clone_ms=1.067 construct_ms=2.945 start_ms=80.805 ready_ms=143.757 total_ms=228.574 guest=init_s=0.10,envd_s=0.13,ready_s=0.13
cube-vz-api: create sandbox=sb-f4f5b8d4-2318-4422-9657-a332f48fff3c mode=cold clone_ms=1.047 construct_ms=2.789 start_ms=77.730 ready_ms=130.812 total_ms=212.379 guest=init_s=0.09,envd_s=0.11,ready_s=0.11
cube-vz-api: create sandbox=sb-7a8161a7-57d8-4bad-8ad6-f423cd99e19d mode=cold clone_ms=1.007 construct_ms=2.768 start_ms=79.574 ready_ms=131.573 total_ms=214.922 guest=init_s=0.09,envd_s=0.11,ready_s=0.11
cube-vz-api: create sandbox=sb-04817f6a-54a7-4363-a99a-d2d472c531e6 mode=cold clone_ms=1.026 construct_ms=2.745 start_ms=81.245 ready_ms=194.251 total_ms=279.267 guest=init_s=0.12,envd_s=0.16,ready_s=0.16
cube-vz-api: create sandbox=sb-8360da32-87dc-4bbf-94b4-b357fffe7ef3 mode=cold clone_ms=1.013 construct_ms=3.646 start_ms=84.934 ready_ms=141.747 total_ms=231.339 guest=init_s=0.10,envd_s=0.12,ready_s=0.12
cube-vz-api: create sandbox=sb-182777e1-9eb5-4f0b-97df-67a3fa2e1845 mode=cold clone_ms=0.919 construct_ms=3.691 start_ms=80.190 ready_ms=154.796 total_ms=239.596 guest=init_s=0.10,envd_s=0.14,ready_s=0.14
cube-vz-api: create sandbox=sb-77363e4a-a0cd-4084-a3f0-1a69c4fa41dc mode=cold clone_ms=0.904 construct_ms=3.180 start_ms=89.551 ready_ms=132.059 total_ms=225.694 guest=init_s=0.09,envd_s=0.11,ready_s=0.11
cube-vz-api: create sandbox=sb-b56931f0-ee30-470f-aed2-c2456f62d5cf mode=cold clone_ms=0.804 construct_ms=2.654 start_ms=78.224 ready_ms=143.389 total_ms=225.071 guest=init_s=0.10,envd_s=0.13,ready_s=0.13
cube-vz-api: create sandbox=sb-85085a64-210a-468b-ae5b-646fcd2d0be4 mode=cold clone_ms=0.990 construct_ms=2.745 start_ms=80.616 ready_ms=148.720 total_ms=233.071 guest=init_s=0.09,envd_s=0.13,ready_s=0.13
cube-vz-api: create sandbox=sb-f28e7c9c-ef49-4f5e-affe-78f583aecd74 mode=cold clone_ms=0.983 construct_ms=2.809 start_ms=81.276 ready_ms=156.459 total_ms=241.526 guest=init_s=0.10,envd_s=0.14,ready_s=0.14
cube-vz-api: create sandbox=sb-9c352104-99b0-427d-8359-2af72769ce80 mode=cold clone_ms=0.967 construct_ms=4.075 start_ms=80.754 ready_ms=127.644 total_ms=213.441 guest=init_s=0.09,envd_s=0.11,ready_s=0.11
cube-vz-api: create sandbox=sb-d04e8f51-e149-4e98-b80b-bcd8285361a1 mode=cold clone_ms=0.908 construct_ms=2.684 start_ms=76.855 ready_ms=151.829 total_ms=232.276 guest=init_s=0.11,envd_s=0.13,ready_s=0.13
cube-vz-api: create sandbox=sb-3f973d03-e64a-4a48-9386-eba18e848d7e mode=cold clone_ms=0.961 construct_ms=2.756 start_ms=80.947 ready_ms=130.645 total_ms=215.309 guest=init_s=0.09,envd_s=0.11,ready_s=0.11
cube-vz-api: create sandbox=sb-897b6013-2b89-4dd4-9606-472f8a4889f4 mode=cold clone_ms=1.357 construct_ms=3.122 start_ms=80.031 ready_ms=132.526 total_ms=217.035 guest=init_s=0.09,envd_s=0.11,ready_s=0.11
cube-vz-api: create sandbox=sb-22f87623-c19b-4a04-9082-f4daff2fb935 mode=cold clone_ms=0.767 construct_ms=2.415 start_ms=173.015 ready_ms=159.551 total_ms=335.749 guest=init_s=0.09,envd_s=0.14,ready_s=0.14
cube-vz-api: create sandbox=sb-b8208960-01ff-453e-b460-d15f36f0147f mode=cold clone_ms=0.840 construct_ms=2.812 start_ms=176.274 ready_ms=174.618 total_ms=354.544 guest=init_s=0.11,envd_s=0.15,ready_s=0.15
cube-vz-api: create sandbox=sb-b5dfd01f-e54d-41ae-a357-86badb9b3caf mode=cold clone_ms=1.114 construct_ms=2.769 start_ms=162.442 ready_ms=179.664 total_ms=345.990 guest=init_s=0.12,envd_s=0.16,ready_s=0.16
cube-vz-api: create sandbox=sb-7cebd494-7e64-49a0-b3ce-2964874d262f mode=cold clone_ms=0.992 construct_ms=2.611 start_ms=195.152 ready_ms=172.268 total_ms=371.022 guest=init_s=0.11,envd_s=0.15,ready_s=0.15
cube-vz-api: create sandbox=sb-79c70a75-f715-42d2-9f76-252e89e2a053 mode=cold clone_ms=1.605 construct_ms=3.458 start_ms=175.575 ready_ms=181.533 total_ms=362.171 guest=init_s=0.12,envd_s=0.16,ready_s=0.16
cube-vz-api: create sandbox=sb-8bfad669-e86b-45fe-9ed8-eaf28f46b89b mode=cold clone_ms=0.863 construct_ms=2.451 start_ms=206.626 ready_ms=179.281 total_ms=389.220 guest=init_s=0.12,envd_s=0.15,ready_s=0.15
cube-vz-api: create sandbox=sb-31eb8fbe-ad39-4a53-9d67-e10cc3914921 mode=cold clone_ms=1.039 construct_ms=2.525 start_ms=200.650 ready_ms=181.741 total_ms=385.955 guest=init_s=0.12,envd_s=0.16,ready_s=0.16
cube-vz-api: create sandbox=sb-a6f1f362-81c6-4ec6-bcfa-2cba71e91ba4 mode=cold clone_ms=0.720 construct_ms=2.387 start_ms=209.733 ready_ms=189.708 total_ms=402.549 guest=init_s=0.12,envd_s=0.16,ready_s=0.16
cube-vz-api: create sandbox=sb-0e25566d-b1f1-4d53-838b-c5a8a7631457 mode=cold clone_ms=1.001 construct_ms=2.660 start_ms=188.529 ready_ms=194.247 total_ms=386.436 guest=init_s=0.14,envd_s=0.17,ready_s=0.17
cube-vz-api: create sandbox=sb-eedf7e7f-abd2-4a94-a923-3f23c344a2aa mode=cold clone_ms=1.118 construct_ms=2.966 start_ms=194.511 ready_ms=192.105 total_ms=390.700 guest=init_s=0.13,envd_s=0.16,ready_s=0.16
cube-vz-api: create sandbox=sb-1ef9df20-387a-4e81-ba2f-89dba69d073a mode=cold clone_ms=0.934 construct_ms=3.469 start_ms=133.852 ready_ms=159.874 total_ms=298.129 guest=init_s=0.10,envd_s=0.14,ready_s=0.14
cube-vz-api: create sandbox=sb-c8f95662-70ae-4541-a6d9-bc74b3d91a9f mode=cold clone_ms=1.018 construct_ms=2.760 start_ms=126.552 ready_ms=171.930 total_ms=302.259 guest=init_s=0.12,envd_s=0.15,ready_s=0.15
cube-vz-api: create sandbox=sb-c0e03a68-b1c0-4247-ad51-55c1ce25a864 mode=cold clone_ms=1.086 construct_ms=2.968 start_ms=112.078 ready_ms=174.438 total_ms=290.570 guest=init_s=0.12,envd_s=0.16,ready_s=0.16
cube-vz-api: create sandbox=sb-a2d84719-05ff-4e21-a869-d4468dc0cdbb mode=cold clone_ms=0.921 construct_ms=2.763 start_ms=120.932 ready_ms=182.163 total_ms=306.779 guest=init_s=0.13,envd_s=0.16,ready_s=0.16
cube-vz-api: create sandbox=sb-4952706e-2cbc-4ac4-8f0d-69136fde4e07 mode=cold clone_ms=0.902 construct_ms=3.075 start_ms=84.962 ready_ms=150.769 total_ms=239.707 guest=init_s=0.09,envd_s=0.13,ready_s=0.13
cube-vz-api: create sandbox=sb-99052a01-b6ea-4308-9119-8d6ae32ceb52 mode=cold clone_ms=1.202 construct_ms=2.966 start_ms=83.780 ready_ms=150.448 total_ms=238.395 guest=init_s=0.09,envd_s=0.13,ready_s=0.13
cube-vz-api: create sandbox=sb-f789e3d0-f230-4711-b4f7-17e4cccc4e13 mode=cold clone_ms=1.342 construct_ms=3.377 start_ms=83.246 ready_ms=164.632 total_ms=252.596 guest=init_s=0.10,envd_s=0.14,ready_s=0.14
cube-vz-api: create sandbox=sb-859ddb60-dd0b-4fcc-b2e9-25ea7a644ab1 mode=cold clone_ms=1.095 construct_ms=4.407 start_ms=85.999 ready_ms=182.551 total_ms=274.052 guest=init_s=0.11,envd_s=0.16,ready_s=0.16
cube-vz-api: create sandbox=sb-2b310229-27f5-483e-9eba-245e6aa514bd mode=cold clone_ms=0.993 construct_ms=3.140 start_ms=87.054 ready_ms=155.029 total_ms=246.217 guest=init_s=0.10,envd_s=0.14,ready_s=0.14
cube-vz-api: create sandbox=sb-7bffcc77-524b-4347-be41-dcc01010d35c mode=cold clone_ms=0.971 construct_ms=3.792 start_ms=95.680 ready_ms=158.028 total_ms=258.470 guest=init_s=0.10,envd_s=0.14,ready_s=0.14
cube-vz-api: create sandbox=sb-259375a2-7529-4d8c-97b9-5a9fd8ddf61b mode=cold clone_ms=0.921 construct_ms=3.463 start_ms=105.917 ready_ms=168.409 total_ms=278.710 guest=init_s=0.11,envd_s=0.14,ready_s=0.14
cube-vz-api: create sandbox=sb-ded40a43-c3cb-4d71-a9e6-4825d3e126c5 mode=cold clone_ms=0.939 construct_ms=3.224 start_ms=91.573 ready_ms=178.090 total_ms=273.826 guest=init_s=0.12,envd_s=0.16,ready_s=0.16
cube-vz-api: create sandbox=sb-88003839-53e6-4300-866a-949b2e831668 mode=cold clone_ms=0.863 construct_ms=3.447 start_ms=88.621 ready_ms=176.150 total_ms=269.080 guest=init_s=0.12,envd_s=0.15,ready_s=0.15
cube-vz-api: create sandbox=sb-8cbd0d4e-ab8c-4c16-984d-618dc0036b8e mode=cold clone_ms=1.151 construct_ms=3.481 start_ms=85.828 ready_ms=180.351 total_ms=270.812 guest=init_s=0.12,envd_s=0.16,ready_s=0.16
cube-vz-api: create sandbox=sb-07a510ad-d76d-48e3-9d9a-eb052fc93d76 mode=cold clone_ms=1.126 construct_ms=3.871 start_ms=79.040 ready_ms=182.456 total_ms=266.493 guest=init_s=0.12,envd_s=0.16,ready_s=0.16
cube-vz-api: create sandbox=sb-152a6a33-d63d-4e52-9ed6-474550ae259a mode=cold clone_ms=1.289 construct_ms=4.549 start_ms=111.145 ready_ms=173.477 total_ms=290.460 guest=init_s=0.11,envd_s=0.15,ready_s=0.15
cube-vz-api: create sandbox=sb-ea87319d-e029-4f78-9656-b3cf11b7bfc4 mode=cold clone_ms=1.063 construct_ms=3.498 start_ms=122.693 ready_ms=175.758 total_ms=303.012 guest=init_s=0.12,envd_s=0.15,ready_s=0.15
cube-vz-api: create sandbox=sb-054c8b6f-e7f2-414f-8d03-389a6bb33bce mode=cold clone_ms=1.345 construct_ms=2.910 start_ms=94.779 ready_ms=174.297 total_ms=273.331 guest=init_s=0.12,envd_s=0.15,ready_s=0.15
cube-vz-api: create sandbox=sb-c0c04216-768a-45df-92db-2e644cb95ce5 mode=cold clone_ms=1.072 construct_ms=6.652 start_ms=94.509 ready_ms=182.807 total_ms=285.041 guest=init_s=0.13,envd_s=0.16,ready_s=0.16
cube-vz-api: create sandbox=sb-22940653-07d3-445a-aee0-6ee2a7d2fbda mode=cold clone_ms=0.924 construct_ms=4.410 start_ms=127.753 ready_ms=183.445 total_ms=316.532 guest=init_s=0.12,envd_s=0.16,ready_s=0.17
cube-vz-api: create sandbox=sb-b1d5b7ba-3233-4fb1-bc4d-97a8d0dff5eb mode=cold clone_ms=1.131 construct_ms=4.375 start_ms=101.369 ready_ms=185.366 total_ms=292.241 guest=init_s=0.12,envd_s=0.17,ready_s=0.17
cube-vz-api: create sandbox=sb-19315522-3346-4fce-879c-543864ece80e mode=cold clone_ms=1.019 construct_ms=3.183 start_ms=83.080 ready_ms=184.792 total_ms=272.074 guest=init_s=0.12,envd_s=0.17,ready_s=0.17
cube-vz-api: create sandbox=sb-545a1b65-da56-4150-b5ec-87b7d6ccc1f1 mode=cold clone_ms=8.543 construct_ms=2.921 start_ms=110.093 ready_ms=191.892 total_ms=313.449 guest=init_s=0.12,envd_s=0.17,ready_s=0.17
cube-vz-api: create sandbox=sb-6cb3c71e-555e-48b8-90d8-53e0cf7cc538 mode=cold clone_ms=0.997 construct_ms=3.109 start_ms=108.744 ready_ms=179.075 total_ms=291.925 guest=init_s=0.13,envd_s=0.16,ready_s=0.16
cube-vz-api: create sandbox=sb-c5a3ae13-fc0f-4bc5-97da-a5d73c640cde mode=cold clone_ms=0.843 construct_ms=3.281 start_ms=90.643 ready_ms=167.769 total_ms=262.537 guest=init_s=0.11,envd_s=0.15,ready_s=0.15
cube-vz-api: create sandbox=sb-fae87533-b710-42fd-92f7-cba7f3a21017 mode=cold clone_ms=1.426 construct_ms=4.199 start_ms=86.824 ready_ms=170.589 total_ms=263.038 guest=init_s=0.11,envd_s=0.15,ready_s=0.15
cube-vz-api: create sandbox=sb-a4082d54-1c9c-464f-b293-9f73c93c9a0b mode=cold clone_ms=27.167 construct_ms=4.328 start_ms=132.580 ready_ms=169.959 total_ms=334.034 guest=init_s=0.11,envd_s=0.15,ready_s=0.15
cube-vz-api: create sandbox=sb-c68cf746-eeb4-497b-9b4b-ce53a090c8f1 mode=cold clone_ms=1.220 construct_ms=4.764 start_ms=123.236 ready_ms=175.524 total_ms=304.745 guest=init_s=0.12,envd_s=0.15,ready_s=0.15
cube-vz-api: create sandbox=sb-6265ec90-ad8e-4101-8b36-51158850b193 mode=cold clone_ms=1.190 construct_ms=5.750 start_ms=115.594 ready_ms=190.520 total_ms=313.054 guest=init_s=0.12,envd_s=0.16,ready_s=0.17
cube-vz-api: create sandbox=sb-3f47e387-27d8-4cf8-8e5d-074577a27f54 mode=cold clone_ms=10.214 construct_ms=3.632 start_ms=95.324 ready_ms=166.615 total_ms=275.786 guest=init_s=0.11,envd_s=0.14,ready_s=0.14
cube-vz-api: create sandbox=sb-b33ee999-5432-43ae-b445-e833155062b5 mode=cold clone_ms=1.114 construct_ms=3.447 start_ms=95.074 ready_ms=163.346 total_ms=262.981 guest=init_s=0.11,envd_s=0.15,ready_s=0.15
cube-vz-api: create sandbox=sb-5abf6b44-169f-43b5-96e0-38c740c1d85f mode=cold clone_ms=1.124 construct_ms=3.409 start_ms=103.007 ready_ms=175.652 total_ms=283.192 guest=init_s=0.12,envd_s=0.16,ready_s=0.16
cube-vz-api: create sandbox=sb-57fc20a5-8f6b-4302-a52a-895dbfe972f0 mode=cold clone_ms=1.109 construct_ms=3.480 start_ms=85.629 ready_ms=150.234 total_ms=240.452 guest=init_s=0.10,envd_s=0.13,ready_s=0.13
cube-vz-api: create sandbox=sb-b6d48787-9756-4ff4-b5ce-225d9b7b41e4 mode=cold clone_ms=3.679 construct_ms=2.850 start_ms=87.786 ready_ms=165.863 total_ms=260.178 guest=init_s=0.10,envd_s=0.15,ready_s=0.15
cube-vz-api: create sandbox=sb-e908b4e9-64ae-46d0-97e6-1191d5f3bc95 mode=cold clone_ms=1.187 construct_ms=2.617 start_ms=112.993 ready_ms=173.618 total_ms=290.415 guest=init_s=0.12,envd_s=0.15,ready_s=0.15
cube-vz-api: create sandbox=sb-a8c2efee-3f53-4f51-b819-98b8d4bab01d mode=cold clone_ms=1.320 construct_ms=3.207 start_ms=120.015 ready_ms=182.568 total_ms=307.110 guest=init_s=0.11,envd_s=0.16,ready_s=0.16
cube-vz-api: create sandbox=sb-d3eecf67-7da0-48b1-ae3b-f192fbf0905a mode=cold clone_ms=0.910 construct_ms=2.823 start_ms=103.183 ready_ms=176.697 total_ms=283.612 guest=init_s=0.11,envd_s=0.15,ready_s=0.15
cube-vz-api: create sandbox=sb-71cda019-870d-4b3c-b9f8-5e85179d9fdb mode=cold clone_ms=1.016 construct_ms=3.374 start_ms=108.702 ready_ms=176.881 total_ms=289.974 guest=init_s=0.11,envd_s=0.15,ready_s=0.15
cube-vz-api: create sandbox=sb-65c2110c-94fd-418d-b8a2-1894108e0410 mode=cold clone_ms=1.104 construct_ms=3.176 start_ms=85.033 ready_ms=164.378 total_ms=253.692 guest=init_s=0.10,envd_s=0.14,ready_s=0.14
cube-vz-api: create sandbox=sb-92be2e20-4bd0-40a7-b504-35fe1097f478 mode=cold clone_ms=1.119 construct_ms=2.901 start_ms=85.305 ready_ms=147.517 total_ms=236.842 guest=init_s=0.09,envd_s=0.13,ready_s=0.13
cube-vz-api: create sandbox=sb-babd576e-868e-423c-91ff-ad59d34fdd55 mode=cold clone_ms=1.335 construct_ms=3.065 start_ms=107.684 ready_ms=151.581 total_ms=263.664 guest=init_s=0.10,envd_s=0.13,ready_s=0.13
cube-vz-api: create sandbox=sb-93b3cf16-ec1b-426e-b90e-25a3ef735f2b mode=cold clone_ms=0.935 construct_ms=3.460 start_ms=100.478 ready_ms=157.024 total_ms=261.897 guest=init_s=0.10,envd_s=0.14,ready_s=0.14
cube-vz-api: create sandbox=sb-2618dd4e-cf00-4b6a-9030-1ced4805ae19 mode=cold clone_ms=1.340 construct_ms=9.208 start_ms=106.949 ready_ms=154.364 total_ms=271.861 guest=init_s=0.10,envd_s=0.14,ready_s=0.14
cube-vz-api: create sandbox=sb-742024f7-61b8-41da-9e2f-b702fbbaeb2b mode=cold clone_ms=0.912 construct_ms=2.727 start_ms=82.299 ready_ms=149.822 total_ms=235.760 guest=init_s=0.09,envd_s=0.12,ready_s=0.12
cube-vz-api: create sandbox=sb-4419df82-9e8c-40bc-ad71-77bf23e277bb mode=cold clone_ms=0.999 construct_ms=3.324 start_ms=80.879 ready_ms=151.918 total_ms=237.119 guest=init_s=0.10,envd_s=0.13,ready_s=0.13
cube-vz-api: create sandbox=sb-e31561eb-1eb5-4648-a073-78bc785dd25d mode=cold clone_ms=1.045 construct_ms=2.724 start_ms=78.602 ready_ms=150.185 total_ms=232.555 guest=init_s=0.09,envd_s=0.13,ready_s=0.13
cube-vz-api: create sandbox=sb-21c3e1c6-326a-4b4c-aa82-509b52746181 mode=cold clone_ms=0.869 construct_ms=3.046 start_ms=83.327 ready_ms=182.101 total_ms=269.342 guest=init_s=0.11,envd_s=0.15,ready_s=0.15
cube-vz-api: create sandbox=sb-677a1cd4-a711-4057-b288-7a6df6fe7808 mode=cold clone_ms=0.979 construct_ms=3.434 start_ms=89.680 ready_ms=171.193 total_ms=265.286 guest=init_s=0.12,envd_s=0.15,ready_s=0.15
cube-vz-api: create sandbox=sb-6502781b-8552-405a-9459-aaa1047e8081 mode=cold clone_ms=1.101 construct_ms=2.927 start_ms=97.039 ready_ms=171.532 total_ms=272.598 guest=init_s=0.12,envd_s=0.15,ready_s=0.15
cube-vz-api: create sandbox=sb-20529106-1810-4f35-921c-f6135585fd37 mode=cold clone_ms=1.134 construct_ms=5.124 start_ms=97.796 ready_ms=224.303 total_ms=328.357 guest=init_s=0.15,envd_s=0.21,ready_s=0.21
cube-vz-api: create sandbox=sb-1e251671-bbed-4830-a965-8bf09ccb2e9b mode=cold clone_ms=1.094 construct_ms=2.792 start_ms=170.252 ready_ms=170.299 total_ms=344.437 guest=init_s=0.10,envd_s=0.15,ready_s=0.15
cube-vz-api: create sandbox=sb-690de5a2-709c-4e30-ad55-0e347668417c mode=cold clone_ms=1.117 construct_ms=2.855 start_ms=178.800 ready_ms=181.683 total_ms=364.456 guest=init_s=0.11,envd_s=0.16,ready_s=0.16
cube-vz-api: create sandbox=sb-f618b080-538d-496b-bad6-fc975a9f14a5 mode=cold clone_ms=1.183 construct_ms=2.581 start_ms=156.837 ready_ms=197.922 total_ms=358.522 guest=init_s=0.13,envd_s=0.18,ready_s=0.18
cube-vz-api: create sandbox=sb-81b1ddd5-addc-4f0f-920b-bc56944d5bc3 mode=cold clone_ms=1.137 construct_ms=3.008 start_ms=173.893 ready_ms=185.822 total_ms=363.860 guest=init_s=0.11,envd_s=0.16,ready_s=0.16
cube-vz-api: create sandbox=sb-f16726df-a683-40eb-b0b4-514a03edac28 mode=cold clone_ms=0.968 construct_ms=3.930 start_ms=185.053 ready_ms=200.815 total_ms=390.766 guest=init_s=0.13,envd_s=0.17,ready_s=0.17
cube-vz-api: create sandbox=sb-17770a58-2741-4535-9395-f311aad8a7df mode=cold clone_ms=1.144 construct_ms=4.571 start_ms=163.210 ready_ms=200.768 total_ms=369.693 guest=init_s=0.13,envd_s=0.17,ready_s=0.17
cube-vz-api: create sandbox=sb-c6b12189-459e-4cb1-b1f4-7720ccd5f79b mode=cold clone_ms=3.124 construct_ms=3.011 start_ms=154.935 ready_ms=217.976 total_ms=379.046 guest=init_s=0.14,envd_s=0.19,ready_s=0.19
cube-vz-api: create sandbox=sb-5fa75175-3c8b-4a8f-8039-676f8b8a8edb mode=cold clone_ms=1.843 construct_ms=4.876 start_ms=111.908 ready_ms=195.868 total_ms=314.495 guest=init_s=0.12,envd_s=0.17,ready_s=0.17
cube-vz-api: create sandbox=sb-0cee855e-dbc9-4818-8271-eb687cff7ab0 mode=cold clone_ms=1.874 construct_ms=3.664 start_ms=115.168 ready_ms=199.178 total_ms=319.884 guest=init_s=0.12,envd_s=0.18,ready_s=0.18
cube-vz-api: create sandbox=sb-0b424cac-54e8-4794-9e9a-5ff8d9b0c990 mode=cold clone_ms=7.652 construct_ms=2.981 start_ms=84.318 ready_ms=201.575 total_ms=296.527 guest=init_s=0.11,envd_s=0.17,ready_s=0.18
cube-vz-api: create sandbox=sb-d1738892-c456-42ea-b276-1936cf2ca979 mode=cold clone_ms=1.162 construct_ms=3.008 start_ms=94.645 ready_ms=191.450 total_ms=290.265 guest=init_s=0.12,envd_s=0.17,ready_s=0.17
cube-vz-api: create sandbox=sb-9e0e7f36-f7a4-42cb-9ded-4dea41dad98d mode=cold clone_ms=1.235 construct_ms=3.475 start_ms=89.169 ready_ms=200.633 total_ms=294.512 guest=init_s=0.14,envd_s=0.18,ready_s=0.18
cube-vz-api: create sandbox=sb-6dc8c2ad-d357-4b83-a02f-497cce489fc1 mode=cold clone_ms=1.132 construct_ms=2.920 start_ms=137.042 ready_ms=170.996 total_ms=312.089 guest=init_s=0.10,envd_s=0.15,ready_s=0.15
cube-vz-api: create sandbox=sb-272db052-843c-4c69-8812-5aea7a7582e1 mode=cold clone_ms=1.182 construct_ms=4.260 start_ms=164.352 ready_ms=187.904 total_ms=357.699 guest=init_s=0.13,envd_s=0.17,ready_s=0.17
cube-vz-api: create sandbox=sb-57da2f64-3f58-4467-a8eb-a9e8d7ec04fe mode=cold clone_ms=1.041 construct_ms=3.670 start_ms=172.908 ready_ms=196.751 total_ms=374.370 guest=init_s=0.12,envd_s=0.17,ready_s=0.17
cube-vz-api: create sandbox=sb-c6d990eb-c4a2-48fc-9105-15c2e0c24329 mode=cold clone_ms=1.277 construct_ms=3.989 start_ms=119.791 ready_ms=207.698 total_ms=332.755 guest=init_s=0.13,envd_s=0.18,ready_s=0.18
cube-vz-api: create sandbox=sb-eabd9449-933a-4e75-8cfa-53456076436a mode=cold clone_ms=1.218 construct_ms=3.109 start_ms=182.909 ready_ms=212.114 total_ms=399.350 guest=init_s=0.14,envd_s=0.19,ready_s=0.19
cube-vz-api: create sandbox=sb-2b292561-02ba-46a2-91ef-6a42237997df mode=cold clone_ms=1.137 construct_ms=4.634 start_ms=150.693 ready_ms=214.175 total_ms=370.639 guest=init_s=0.15,envd_s=0.19,ready_s=0.19
cube-vz-api: create sandbox=sb-d80b61a1-3583-4a32-81ac-62063200119a mode=cold clone_ms=1.068 construct_ms=2.963 start_ms=134.375 ready_ms=221.137 total_ms=359.543 guest=init_s=0.14,envd_s=0.19,ready_s=0.19
cube-vz-api: create sandbox=sb-4bebffd2-a442-4476-b290-11d6e0e4ae76 mode=cold clone_ms=1.593 construct_ms=4.562 start_ms=85.886 ready_ms=167.999 total_ms=260.040 guest=init_s=0.11,envd_s=0.15,ready_s=0.15
cube-vz-api: create sandbox=sb-88ed4927-a3eb-4300-9e61-e6b55ca1a9fb mode=cold clone_ms=1.001 construct_ms=3.093 start_ms=88.708 ready_ms=190.400 total_ms=283.201 guest=init_s=0.13,envd_s=0.17,ready_s=0.17
cube-vz-api: create sandbox=sb-e790b9f6-4ef1-4c30-ac20-fa06413fe9b9 mode=cold clone_ms=1.154 construct_ms=3.831 start_ms=88.287 ready_ms=193.370 total_ms=286.641 guest=init_s=0.11,envd_s=0.17,ready_s=0.17
cube-vz-api: create sandbox=sb-5bad558c-716a-401e-a7d4-ee51370940f4 mode=cold clone_ms=1.232 construct_ms=2.975 start_ms=91.511 ready_ms=216.624 total_ms=312.341 guest=init_s=0.13,envd_s=0.19,ready_s=0.19
cube-vz-api: create sandbox=sb-bf53311a-efb7-4eea-8999-2a118934a944 mode=cold clone_ms=0.963 construct_ms=2.712 start_ms=148.546 ready_ms=194.631 total_ms=346.852 guest=init_s=0.12,envd_s=0.17,ready_s=0.17
cube-vz-api: create sandbox=sb-11cbc918-8f10-4e3b-a3e4-79084d1df68f mode=cold clone_ms=1.199 construct_ms=5.215 start_ms=163.838 ready_ms=199.092 total_ms=369.344 guest=init_s=0.13,envd_s=0.18,ready_s=0.18
cube-vz-api: create sandbox=sb-65c0a2a6-162a-47e4-ba5f-5e5882dcc272 mode=cold clone_ms=1.157 construct_ms=3.587 start_ms=154.233 ready_ms=209.580 total_ms=368.558 guest=init_s=0.15,envd_s=0.19,ready_s=0.19
cube-vz-api: create sandbox=sb-f8ee7ebb-2ee4-4636-b32d-3e12b227759c mode=cold clone_ms=1.003 construct_ms=2.813 start_ms=143.509 ready_ms=209.207 total_ms=356.532 guest=init_s=0.13,envd_s=0.18,ready_s=0.18
cube-vz-api: create sandbox=sb-1c23ee1d-a23a-4857-b1b2-bbc6648157ba mode=cold clone_ms=1.261 construct_ms=3.101 start_ms=173.823 ready_ms=225.547 total_ms=403.731 guest=init_s=0.15,envd_s=0.20,ready_s=0.20
cube-vz-api: create sandbox=sb-fc963d00-51cc-42f0-b451-7ba283baa58c mode=cold clone_ms=0.980 construct_ms=3.395 start_ms=135.625 ready_ms=225.197 total_ms=365.198 guest=init_s=0.14,envd_s=0.19,ready_s=0.19
cube-vz-api: create sandbox=sb-5502f1ea-0e69-465c-9167-1c8b1482bd49 mode=cold clone_ms=0.984 construct_ms=2.731 start_ms=109.498 ready_ms=207.020 total_ms=320.233 guest=init_s=0.14,envd_s=0.19,ready_s=0.19
cube-vz-api: create sandbox=sb-30d8cc25-8e5d-4739-a943-abc560e8b18d mode=cold clone_ms=1.080 construct_ms=26.177 start_ms=115.415 ready_ms=170.441 total_ms=313.113 guest=init_s=0.11,envd_s=0.15,ready_s=0.15
cube-vz-api: create sandbox=sb-ca6b7487-0fcf-4b4f-a9b2-e5064ff073fa mode=cold clone_ms=4.194 construct_ms=5.157 start_ms=94.283 ready_ms=177.581 total_ms=281.215 guest=init_s=0.11,envd_s=0.15,ready_s=0.15
cube-vz-api: create sandbox=sb-f543f569-a0f8-42a4-9626-e6b3e3055d37 mode=cold clone_ms=0.925 construct_ms=2.592 start_ms=94.926 ready_ms=173.190 total_ms=271.632 guest=init_s=0.11,envd_s=0.15,ready_s=0.15
cube-vz-api: create sandbox=sb-519bf586-c386-412b-adb2-dad9cebb2eac mode=cold clone_ms=1.336 construct_ms=2.940 start_ms=166.260 ready_ms=170.786 total_ms=341.323 guest=init_s=0.11,envd_s=0.16,ready_s=0.16
cube-vz-api: create sandbox=sb-50720204-91ad-443e-95c4-f6b091b3e5c5 mode=cold clone_ms=1.107 construct_ms=2.573 start_ms=180.965 ready_ms=189.285 total_ms=373.930 guest=init_s=0.12,envd_s=0.17,ready_s=0.17
cube-vz-api: create sandbox=sb-baf93cc5-32db-403d-9607-165a921cad34 mode=cold clone_ms=1.258 construct_ms=2.992 start_ms=202.694 ready_ms=181.719 total_ms=388.662 guest=init_s=0.11,envd_s=0.16,ready_s=0.16
cube-vz-api: create sandbox=sb-91576968-cd8e-41de-af5c-68392ca7f181 mode=cold clone_ms=1.015 construct_ms=3.148 start_ms=207.054 ready_ms=183.965 total_ms=395.183 guest=init_s=0.11,envd_s=0.16,ready_s=0.16
cube-vz-api: create sandbox=sb-3b397732-de87-4f28-8459-fb22f79fcad6 mode=cold clone_ms=1.006 construct_ms=4.007 start_ms=185.087 ready_ms=194.678 total_ms=384.779 guest=init_s=0.13,envd_s=0.17,ready_s=0.17
cube-vz-api: create sandbox=sb-e27603c1-aa72-42d9-ae06-c6b8ae8ca5f4 mode=cold clone_ms=0.991 construct_ms=2.785 start_ms=115.199 ready_ms=214.838 total_ms=333.813 guest=init_s=0.14,envd_s=0.19,ready_s=0.19
cube-vz-api: create sandbox=sb-fe233d0e-548b-4fe6-a899-4d74281ef3eb mode=cold clone_ms=1.076 construct_ms=2.864 start_ms=191.224 ready_ms=196.265 total_ms=391.429 guest=init_s=0.13,envd_s=0.18,ready_s=0.18
cube-vz-api: create sandbox=sb-94ef869c-1bc8-4871-983a-8a7ddf76a83c mode=cold clone_ms=1.025 construct_ms=3.441 start_ms=174.993 ready_ms=201.923 total_ms=381.381 guest=init_s=0.13,envd_s=0.18,ready_s=0.18
cube-vz-api: create sandbox=sb-4769bf60-1516-436a-b59e-103faa484de5 mode=cold clone_ms=0.783 construct_ms=2.890 start_ms=126.164 ready_ms=215.732 total_ms=345.569 guest=init_s=0.13,envd_s=0.18,ready_s=0.18
cube-vz-api: create sandbox=sb-9fd0ceb5-efc4-4c1c-a758-a53fdd0c33e2 mode=cold clone_ms=1.193 construct_ms=4.892 start_ms=106.744 ready_ms=184.269 total_ms=297.098 guest=init_s=0.12,envd_s=0.16,ready_s=0.16
cube-vz-api: create sandbox=sb-f9daf27c-d4e3-4f43-85a6-aeb42d23693a mode=cold clone_ms=1.311 construct_ms=3.574 start_ms=99.798 ready_ms=204.513 total_ms=309.196 guest=init_s=0.10,envd_s=0.19,ready_s=0.19
cube-vz-api: create sandbox=sb-91286635-5306-4311-8fd4-1b2094c0aa9d mode=cold clone_ms=1.212 construct_ms=3.045 start_ms=171.230 ready_ms=172.071 total_ms=347.557 guest=init_s=0.10,envd_s=0.15,ready_s=0.15
cube-vz-api: create sandbox=sb-2949a4e3-1f3b-43f6-9187-aec13b2e792c mode=cold clone_ms=1.231 construct_ms=3.195 start_ms=201.410 ready_ms=171.869 total_ms=377.705 guest=init_s=0.11,envd_s=0.15,ready_s=0.15
cube-vz-api: create sandbox=sb-7fa41b2e-4143-4c3e-8e72-638425ee704b mode=cold clone_ms=1.595 construct_ms=3.037 start_ms=178.324 ready_ms=180.048 total_ms=363.004 guest=init_s=0.11,envd_s=0.16,ready_s=0.16
cube-vz-api: create sandbox=sb-0cd2e72f-13fb-4364-8087-09be4cfe9331 mode=cold clone_ms=1.088 construct_ms=3.734 start_ms=172.038 ready_ms=175.345 total_ms=352.205 guest=init_s=0.11,envd_s=0.16,ready_s=0.16
cube-vz-api: create sandbox=sb-a45fb0e5-3e03-4e4f-a9b2-e95b8a949187 mode=cold clone_ms=1.257 construct_ms=3.006 start_ms=185.398 ready_ms=189.195 total_ms=378.856 guest=init_s=0.12,envd_s=0.17,ready_s=0.17
cube-vz-api: create sandbox=sb-32962207-dc0f-4393-914b-5b5cb1dee6ec mode=cold clone_ms=0.879 construct_ms=3.340 start_ms=166.685 ready_ms=199.704 total_ms=370.607 guest=init_s=0.14,envd_s=0.18,ready_s=0.18
cube-vz-api: create sandbox=sb-b329cf68-c11e-412c-bd51-f1b5c490ddad mode=cold clone_ms=1.037 construct_ms=3.520 start_ms=207.257 ready_ms=197.977 total_ms=409.790 guest=init_s=0.13,envd_s=0.18,ready_s=0.18
cube-vz-api: create sandbox=sb-c186bf3a-f816-4cf6-add4-dac66a179282 mode=cold clone_ms=1.016 construct_ms=3.037 start_ms=191.579 ready_ms=197.717 total_ms=393.348 guest=init_s=0.12,envd_s=0.17,ready_s=0.17
cube-vz-api: create sandbox=sb-d32a633e-8362-416f-9830-c36bb1430b8f mode=cold clone_ms=1.044 construct_ms=2.809 start_ms=178.809 ready_ms=222.448 total_ms=405.110 guest=init_s=0.14,envd_s=0.18,ready_s=0.18
cube-vz-api: create sandbox=sb-b91fc066-0856-40c9-a81e-20b2492a6d8b mode=cold clone_ms=1.077 construct_ms=2.678 start_ms=87.498 ready_ms=165.816 total_ms=257.068 guest=init_s=0.11,envd_s=0.14,ready_s=0.15
cube-vz-api: create sandbox=sb-7b88cf0b-85a9-458d-ad91-81e81bda7f56 mode=cold clone_ms=1.488 construct_ms=3.256 start_ms=95.489 ready_ms=194.307 total_ms=294.540 guest=init_s=0.14,envd_s=0.17,ready_s=0.17
cube-vz-api: create sandbox=sb-2da153b7-0ab8-46e9-a419-612e517a7160 mode=cold clone_ms=1.140 construct_ms=2.962 start_ms=110.689 ready_ms=192.664 total_ms=307.455 guest=init_s=0.12,envd_s=0.16,ready_s=0.16
cube-vz-api: create sandbox=sb-1b4fe681-9262-4775-beea-2b7227af97ba mode=cold clone_ms=0.974 construct_ms=3.151 start_ms=143.538 ready_ms=166.564 total_ms=314.228 guest=init_s=0.10,envd_s=0.15,ready_s=0.15
cube-vz-api: create sandbox=sb-33cc922f-7114-4c16-8bf1-5065d43858c0 mode=cold clone_ms=1.079 construct_ms=2.907 start_ms=185.945 ready_ms=171.911 total_ms=361.842 guest=init_s=0.10,envd_s=0.15,ready_s=0.15
cube-vz-api: create sandbox=sb-a3317d57-cb81-4254-b773-3ef892738299 mode=cold clone_ms=1.030 construct_ms=4.058 start_ms=141.721 ready_ms=182.558 total_ms=329.367 guest=init_s=0.12,envd_s=0.16,ready_s=0.16
cube-vz-api: create sandbox=sb-e7d6cd81-8bc9-48a7-8965-c154d4f9a4f2 mode=cold clone_ms=3.280 construct_ms=2.628 start_ms=137.597 ready_ms=184.480 total_ms=327.985 guest=init_s=0.13,envd_s=0.16,ready_s=0.16
cube-vz-api: create sandbox=sb-76ab2972-473c-44bd-b05a-050a9c2f2261 mode=cold clone_ms=1.114 construct_ms=2.990 start_ms=137.302 ready_ms=196.069 total_ms=337.475 guest=init_s=0.13,envd_s=0.18,ready_s=0.18
cube-vz-api: create sandbox=sb-12133ed2-e41b-4958-a0fe-812392cd197e mode=cold clone_ms=1.076 construct_ms=3.187 start_ms=158.143 ready_ms=202.681 total_ms=365.088 guest=init_s=0.13,envd_s=0.17,ready_s=0.17
cube-vz-api: create sandbox=sb-a749e0a6-7e78-470d-bb0a-9a1ee5992335 mode=cold clone_ms=1.155 construct_ms=2.657 start_ms=129.419 ready_ms=201.826 total_ms=335.058 guest=init_s=0.13,envd_s=0.18,ready_s=0.18
cube-vz-api: create sandbox=sb-5baa044f-7ee9-4d2f-b317-04bf13a11659 mode=cold clone_ms=1.450 construct_ms=3.481 start_ms=107.289 ready_ms=208.643 total_ms=320.862 guest=init_s=0.14,envd_s=0.19,ready_s=0.19
cube-vz-api: create sandbox=sb-719008e6-93d3-4a38-85ed-f4d46ad62036 mode=cold clone_ms=1.421 construct_ms=3.224 start_ms=102.742 ready_ms=193.244 total_ms=300.632 guest=init_s=0.10,envd_s=0.17,ready_s=0.17
cube-vz-api: create sandbox=sb-1cf30548-3acb-49ad-bc4e-005ddddc0a78 mode=cold clone_ms=8.243 construct_ms=3.446 start_ms=113.963 ready_ms=219.726 total_ms=345.378 guest=init_s=0.12,envd_s=0.20,ready_s=0.20
cube-vz-api: create sandbox=sb-72e8cf96-ce44-4d8e-af0b-2aa3fdaae133 mode=cold clone_ms=1.121 construct_ms=2.898 start_ms=88.748 ready_ms=214.706 total_ms=307.473 guest=init_s=0.14,envd_s=0.19,ready_s=0.19
cube-vz-api: create sandbox=sb-fbef1ca3-fc03-43f5-85c0-deddb84b2399 mode=cold clone_ms=1.437 construct_ms=3.092 start_ms=210.478 ready_ms=185.824 total_ms=400.830 guest=init_s=0.12,envd_s=0.16,ready_s=0.16
cube-vz-api: create sandbox=sb-ecf37d05-c219-4ff0-9c2f-eb5bc7472400 mode=cold clone_ms=0.846 construct_ms=2.569 start_ms=114.353 ready_ms=190.246 total_ms=308.015 guest=init_s=0.12,envd_s=0.17,ready_s=0.17
cube-vz-api: create sandbox=sb-7d27014f-7e76-45e3-83e4-e73d892bf8af mode=cold clone_ms=0.904 construct_ms=2.902 start_ms=200.811 ready_ms=191.326 total_ms=395.943 guest=init_s=0.13,envd_s=0.16,ready_s=0.16
cube-vz-api: create sandbox=sb-e480cb19-d50f-4733-b5de-5f5be78fcdef mode=cold clone_ms=1.219 construct_ms=9.242 start_ms=184.718 ready_ms=191.630 total_ms=386.810 guest=init_s=0.12,envd_s=0.17,ready_s=0.17
cube-vz-api: create sandbox=sb-fa8c35cf-325a-4248-8519-0b32e2b40ff7 mode=cold clone_ms=1.166 construct_ms=2.896 start_ms=208.028 ready_ms=199.222 total_ms=411.312 guest=init_s=0.13,envd_s=0.17,ready_s=0.17
cube-vz-api: create sandbox=sb-227c22fe-ca78-41b8-8d50-327cb23b088e mode=cold clone_ms=1.037 construct_ms=2.899 start_ms=176.233 ready_ms=199.304 total_ms=379.474 guest=init_s=0.13,envd_s=0.18,ready_s=0.18
cube-vz-api: create sandbox=sb-c1edb86b-693a-4837-b67a-edd93232b74b mode=cold clone_ms=1.055 construct_ms=2.857 start_ms=199.701 ready_ms=201.755 total_ms=405.367 guest=init_s=0.14,envd_s=0.18,ready_s=0.18
cube-vz-api: create sandbox=sb-482cb31e-45f1-4e1e-9fa9-2e89e56d7fd2 mode=cold clone_ms=1.165 construct_ms=2.911 start_ms=83.748 ready_ms=165.367 total_ms=253.191 guest=init_s=0.11,envd_s=0.15,ready_s=0.15
cube-vz-api: create sandbox=sb-f773ece6-39dc-4ad2-a8d3-88538a6beccb mode=cold clone_ms=0.830 construct_ms=2.869 start_ms=93.623 ready_ms=161.830 total_ms=259.152 guest=init_s=0.10,envd_s=0.14,ready_s=0.14
cube-vz-api: create sandbox=sb-286c0cdd-62d9-423e-8cb0-c2d0769523e2 mode=cold clone_ms=1.002 construct_ms=2.710 start_ms=102.618 ready_ms=173.024 total_ms=279.353 guest=init_s=0.11,envd_s=0.15,ready_s=0.15
cube-vz-api: create sandbox=sb-362a1008-bac7-4f56-8ca1-3ccef8ddacb6 mode=cold clone_ms=0.973 construct_ms=2.927 start_ms=163.209 ready_ms=177.231 total_ms=344.340 guest=init_s=0.10,envd_s=0.16,ready_s=0.16
cube-vz-api: create sandbox=sb-bb195b1a-9b01-40fc-bb86-1da6f0d6a54b mode=cold clone_ms=1.228 construct_ms=2.929 start_ms=165.657 ready_ms=194.243 total_ms=364.057 guest=init_s=0.13,envd_s=0.17,ready_s=0.17
cube-vz-api: create sandbox=sb-001978f8-2750-4633-a416-6c37393baab1 mode=cold clone_ms=0.956 construct_ms=2.739 start_ms=185.262 ready_ms=205.262 total_ms=394.220 guest=init_s=0.13,envd_s=0.18,ready_s=0.18
cube-vz-api: create sandbox=sb-a083dd5a-cfdb-49c0-9a3a-fc182347b569 mode=cold clone_ms=0.991 construct_ms=3.217 start_ms=154.321 ready_ms=206.110 total_ms=364.639 guest=init_s=0.13,envd_s=0.18,ready_s=0.18
cube-vz-api: create sandbox=sb-2770a8aa-0f27-4b5c-9c06-6e9a71722199 mode=cold clone_ms=1.008 construct_ms=2.906 start_ms=175.162 ready_ms=218.473 total_ms=397.549 guest=init_s=0.15,envd_s=0.19,ready_s=0.19
cube-vz-api: create sandbox=sb-139fe9c6-195b-4b36-80be-e8cbd8770b48 mode=cold clone_ms=1.204 construct_ms=3.040 start_ms=171.805 ready_ms=215.868 total_ms=391.916 guest=init_s=0.15,envd_s=0.19,ready_s=0.19
cube-vz-api: create sandbox=sb-8235e35d-110b-4a59-bf45-aacfd4780c49 mode=cold clone_ms=1.006 construct_ms=2.787 start_ms=163.609 ready_ms=217.154 total_ms=384.556 guest=init_s=0.15,envd_s=0.19,ready_s=0.19
cube-vz-api: create sandbox=sb-2313ae35-9845-43e3-bdb3-eac6ab9d693c mode=cold clone_ms=0.957 construct_ms=2.826 start_ms=103.634 ready_ms=214.330 total_ms=321.748 guest=init_s=0.15,envd_s=0.19,ready_s=0.19
cube-vz-api: create sandbox=sb-faaaab6b-326f-42ef-bdbb-dae8eb774e2a mode=cold clone_ms=1.369 construct_ms=3.587 start_ms=127.820 ready_ms=186.037 total_ms=318.813 guest=init_s=0.12,envd_s=0.17,ready_s=0.17
cube-vz-api: create sandbox=sb-a008e6ac-9019-4880-9f99-60f1c5b13b33 mode=cold clone_ms=2.246 construct_ms=6.158 start_ms=111.229 ready_ms=202.639 total_ms=322.271 guest=init_s=0.14,envd_s=0.19,ready_s=0.19
cube-vz-api: create sandbox=sb-aa187bca-65d0-4a56-b3d3-4861bafb86d7 mode=cold clone_ms=1.364 construct_ms=3.369 start_ms=91.146 ready_ms=215.617 total_ms=311.496 guest=init_s=0.14,envd_s=0.19,ready_s=0.19
cube-vz-api: create sandbox=sb-84d8316b-1387-4379-88a9-91d37ea33127 mode=cold clone_ms=1.008 construct_ms=2.810 start_ms=162.434 ready_ms=169.620 total_ms=335.872 guest=init_s=0.11,envd_s=0.16,ready_s=0.16
cube-vz-api: create sandbox=sb-4870bd67-972c-49c9-8261-6464f1b48bab mode=cold clone_ms=1.045 construct_ms=2.804 start_ms=201.406 ready_ms=187.825 total_ms=393.080 guest=init_s=0.12,envd_s=0.16,ready_s=0.17
cube-vz-api: create sandbox=sb-6f1cc26a-75d3-4af4-bd9c-9090277ce427 mode=cold clone_ms=1.107 construct_ms=2.993 start_ms=209.330 ready_ms=189.459 total_ms=402.889 guest=init_s=0.12,envd_s=0.16,ready_s=0.16
cube-vz-api: create sandbox=sb-9715f78d-765d-47b1-95f5-ca6682f3204d mode=cold clone_ms=1.551 construct_ms=2.795 start_ms=192.450 ready_ms=187.282 total_ms=384.077 guest=init_s=0.13,envd_s=0.17,ready_s=0.17
cube-vz-api: create sandbox=sb-10222ee9-0251-4472-8f28-f44b4ade872e mode=cold clone_ms=1.753 construct_ms=4.293 start_ms=197.020 ready_ms=187.347 total_ms=390.413 guest=init_s=0.13,envd_s=0.16,ready_s=0.16
cube-vz-api: create sandbox=sb-cc3cc2b4-e01f-401f-a7d4-2ba5efbde43a mode=cold clone_ms=0.981 construct_ms=3.413 start_ms=169.728 ready_ms=212.171 total_ms=386.293 guest=init_s=0.13,envd_s=0.18,ready_s=0.18
cube-vz-api: create sandbox=sb-2aefe8f3-ad5b-4da3-ae95-042b8e40b44f mode=cold clone_ms=1.035 construct_ms=2.901 start_ms=176.831 ready_ms=201.110 total_ms=381.877 guest=init_s=0.13,envd_s=0.18,ready_s=0.18
cube-vz-api: create sandbox=sb-668efdfb-4f93-46d3-8514-890eef1c3c43 mode=cold clone_ms=1.070 construct_ms=2.977 start_ms=155.985 ready_ms=205.528 total_ms=365.559 guest=init_s=0.13,envd_s=0.18,ready_s=0.18
cube-vz-api: create sandbox=sb-77ffe681-956e-4a93-a73c-c67b02828baf mode=cold clone_ms=0.773 construct_ms=2.937 start_ms=146.315 ready_ms=200.243 total_ms=350.268 guest=init_s=0.13,envd_s=0.17,ready_s=0.17
cube-vz-api: create sandbox=sb-21acc343-45c9-4d78-9cec-755bb3ee4e00 mode=cold clone_ms=0.970 construct_ms=3.018 start_ms=95.432 ready_ms=156.165 total_ms=255.585 guest=init_s=0.10,envd_s=0.13,ready_s=0.13
cube-vz-api: create sandbox=sb-ae376bcc-d7ed-461d-8b09-8780ccde3352 mode=cold clone_ms=0.948 construct_ms=2.777 start_ms=97.457 ready_ms=199.728 total_ms=300.911 guest=init_s=0.13,envd_s=0.18,ready_s=0.18
cube-vz-api: create sandbox=sb-82580413-b15f-4c3b-b8c0-f15d65ef3143 mode=cold clone_ms=0.864 construct_ms=2.626 start_ms=162.683 ready_ms=173.840 total_ms=340.013 guest=init_s=0.11,envd_s=0.16,ready_s=0.16
cube-vz-api: create sandbox=sb-fa46617f-c808-4272-897b-0e18e5ec6a93 mode=cold clone_ms=1.092 construct_ms=2.887 start_ms=174.243 ready_ms=189.813 total_ms=368.035 guest=init_s=0.12,envd_s=0.17,ready_s=0.17
cube-vz-api: create sandbox=sb-09f983d7-de7e-4f67-bfb1-f9d512e59480 mode=cold clone_ms=1.069 construct_ms=2.593 start_ms=176.189 ready_ms=174.856 total_ms=354.707 guest=init_s=0.11,envd_s=0.16,ready_s=0.16
cube-vz-api: create sandbox=sb-18e1ce1e-03d2-48b8-9fc8-9744f861823c mode=cold clone_ms=1.118 construct_ms=2.574 start_ms=172.386 ready_ms=174.948 total_ms=351.026 guest=init_s=0.11,envd_s=0.15,ready_s=0.15
cube-vz-api: create sandbox=sb-ace507a4-cba3-43c0-bd72-eb3e90bbe4c8 mode=cold clone_ms=0.926 construct_ms=2.722 start_ms=167.090 ready_ms=176.873 total_ms=347.611 guest=init_s=0.12,envd_s=0.16,ready_s=0.16
cube-vz-api: create sandbox=sb-b2c36335-3c26-4187-89a8-a6da4d75c76a mode=cold clone_ms=1.583 construct_ms=2.624 start_ms=159.142 ready_ms=180.542 total_ms=343.891 guest=init_s=0.12,envd_s=0.16,ready_s=0.16
cube-vz-api: create sandbox=sb-e37cd040-6061-4735-b1bb-8f6f86ea3862 mode=cold clone_ms=0.922 construct_ms=2.839 start_ms=188.164 ready_ms=188.540 total_ms=380.465 guest=init_s=0.11,envd_s=0.16,ready_s=0.16
cube-vz-api: create sandbox=sb-c59912c9-1e4b-4ee0-b78f-a792a0e523c3 mode=cold clone_ms=1.032 construct_ms=2.822 start_ms=180.015 ready_ms=192.627 total_ms=376.496 guest=init_s=0.12,envd_s=0.16,ready_s=0.16
cube-vz-api: create sandbox=sb-2688db38-feea-453f-a9df-bf7f85bc3145 mode=cold clone_ms=4.364 construct_ms=3.758 start_ms=97.431 ready_ms=187.999 total_ms=293.552 guest=init_s=0.11,envd_s=0.16,ready_s=0.16
cube-vz-api: create sandbox=sb-a04af3aa-fa90-4ba7-8442-c801c13703ec mode=cold clone_ms=0.933 construct_ms=2.715 start_ms=82.829 ready_ms=153.017 total_ms=239.494 guest=init_s=0.11,envd_s=0.13,ready_s=0.13
cube-vz-api: create sandbox=sb-5df8600d-acb2-4737-84b0-9fbdf01cbb24 mode=cold clone_ms=1.495 construct_ms=3.110 start_ms=88.449 ready_ms=197.045 total_ms=290.099 guest=init_s=0.14,envd_s=0.18,ready_s=0.18
cube-vz-api: create sandbox=sb-edbf8f16-4124-44bb-a225-ac9c3628f5e5 mode=cold clone_ms=1.034 construct_ms=2.952 start_ms=87.780 ready_ms=199.287 total_ms=291.053 guest=init_s=0.14,envd_s=0.18,ready_s=0.18
cube-vz-api: create sandbox=sb-88a30e8a-5999-4542-8cd3-055689fa80c9 mode=cold clone_ms=1.010 construct_ms=2.878 start_ms=139.599 ready_ms=173.813 total_ms=317.299 guest=init_s=0.11,envd_s=0.15,ready_s=0.15
cube-vz-api: create sandbox=sb-c12672ed-bd5e-4d26-99b0-507573689d8e mode=cold clone_ms=1.031 construct_ms=3.169 start_ms=181.226 ready_ms=189.923 total_ms=375.348 guest=init_s=0.13,envd_s=0.17,ready_s=0.17
cube-vz-api: create sandbox=sb-995e2c21-f0a4-4c77-a839-a0b55816cd6f mode=cold clone_ms=1.142 construct_ms=4.296 start_ms=166.372 ready_ms=195.689 total_ms=367.499 guest=init_s=0.12,envd_s=0.17,ready_s=0.17
cube-vz-api: create sandbox=sb-8c581a73-27e5-455f-8c2d-28515929e435 mode=cold clone_ms=0.922 construct_ms=2.763 start_ms=176.179 ready_ms=206.043 total_ms=385.907 guest=init_s=0.13,envd_s=0.18,ready_s=0.18
cube-vz-api: create sandbox=sb-de8dc89f-fc5c-4d86-824a-4aef2ab68d26 mode=cold clone_ms=1.119 construct_ms=2.898 start_ms=185.045 ready_ms=207.986 total_ms=397.049 guest=init_s=0.14,envd_s=0.18,ready_s=0.19
cube-vz-api: create sandbox=sb-5b9e6f51-1cfe-47fd-b2cf-1e3c6000b9f7 mode=cold clone_ms=2.104 construct_ms=4.634 start_ms=157.085 ready_ms=208.061 total_ms=371.885 guest=init_s=0.14,envd_s=0.19,ready_s=0.19
cube-vz-api: create sandbox=sb-64415793-cdda-4382-bbc7-5910558e7e91 mode=cold clone_ms=0.965 construct_ms=2.723 start_ms=181.904 ready_ms=213.369 total_ms=398.960 guest=init_s=0.14,envd_s=0.18,ready_s=0.18
cube-vz-api: create sandbox=sb-26ee47f0-b2bf-4373-aa48-6036ed102db1 mode=cold clone_ms=1.016 construct_ms=2.959 start_ms=94.739 ready_ms=196.128 total_ms=294.842 guest=init_s=0.13,envd_s=0.17,ready_s=0.17
cube-vz-api: create sandbox=sb-0951b89f-b67a-4b32-bb27-d6d4e434d44b mode=cold clone_ms=4.754 construct_ms=3.021 start_ms=85.666 ready_ms=132.650 total_ms=226.091 guest=init_s=0.09,envd_s=0.11,ready_s=0.11
cube-vz-api: create sandbox=sb-d6ede848-c787-48c2-8161-3be0af4055cf mode=cold clone_ms=0.937 construct_ms=2.906 start_ms=83.692 ready_ms=172.522 total_ms=260.057 guest=init_s=0.12,envd_s=0.15,ready_s=0.15
cube-vz-api: create sandbox=sb-614e48eb-07dd-4ae6-b52b-4ee7be76eaf9 mode=cold clone_ms=1.199 construct_ms=3.338 start_ms=87.774 ready_ms=205.029 total_ms=297.341 guest=init_s=0.15,envd_s=0.18,ready_s=0.18
cube-vz-api: create sandbox=sb-95841e8c-2c97-4ef8-aba0-5ea9515ae6c8 mode=cold clone_ms=1.119 construct_ms=3.068 start_ms=96.452 ready_ms=212.104 total_ms=312.743 guest=init_s=0.15,envd_s=0.19,ready_s=0.19
cube-vz-api: create sandbox=sb-e4c0cf3f-678a-4e64-ad8e-0b576af61f57 mode=cold clone_ms=0.982 construct_ms=2.731 start_ms=150.084 ready_ms=188.160 total_ms=341.956 guest=init_s=0.12,envd_s=0.16,ready_s=0.16
cube-vz-api: create sandbox=sb-67b0c489-1d1d-4695-b8b8-c8c7030b5dc9 mode=cold clone_ms=1.169 construct_ms=2.967 start_ms=161.893 ready_ms=197.565 total_ms=363.593 guest=init_s=0.12,envd_s=0.17,ready_s=0.17
cube-vz-api: create sandbox=sb-6b072e53-8786-4c1b-b411-bf26ee05881e mode=cold clone_ms=1.405 construct_ms=3.726 start_ms=146.708 ready_ms=190.820 total_ms=342.659 guest=init_s=0.11,envd_s=0.16,ready_s=0.16
cube-vz-api: create sandbox=sb-9bfc4b07-5111-408f-b9b9-53848666b9a0 mode=cold clone_ms=1.109 construct_ms=2.669 start_ms=145.187 ready_ms=196.828 total_ms=345.792 guest=init_s=0.12,envd_s=0.17,ready_s=0.17
cube-vz-api: create sandbox=sb-7ba7378c-7f27-43e5-be8c-dd083bce552c mode=cold clone_ms=1.006 construct_ms=2.596 start_ms=155.163 ready_ms=204.052 total_ms=362.817 guest=init_s=0.12,envd_s=0.17,ready_s=0.17
cube-vz-api: create sandbox=sb-26b9a4a5-a18e-4e0b-acbe-82d1427e26c3 mode=cold clone_ms=1.156 construct_ms=2.934 start_ms=164.263 ready_ms=215.688 total_ms=384.042 guest=init_s=0.13,envd_s=0.18,ready_s=0.18
cube-vz-api: create sandbox=sb-4341f028-48d2-4e1d-82c3-d285f8273e66 mode=cold clone_ms=0.975 construct_ms=7.666 start_ms=104.019 ready_ms=180.730 total_ms=293.390 guest=init_s=0.11,envd_s=0.16,ready_s=0.16
cube-vz-api: create sandbox=sb-7d4223f5-ed3a-482f-8322-33f648677be7 mode=cold clone_ms=0.997 construct_ms=2.828 start_ms=118.473 ready_ms=182.574 total_ms=304.871 guest=init_s=0.11,envd_s=0.16,ready_s=0.16
cube-vz-api: create sandbox=sb-60183499-2312-465b-85b4-38793b9c33d0 mode=cold clone_ms=1.116 construct_ms=2.919 start_ms=110.102 ready_ms=190.233 total_ms=304.371 guest=init_s=0.11,envd_s=0.17,ready_s=0.17
cube-vz-api: create sandbox=sb-609e368e-5fb7-47cf-9676-401a54b6e986 mode=cold clone_ms=1.094 construct_ms=3.691 start_ms=114.261 ready_ms=192.262 total_ms=311.308 guest=init_s=0.11,envd_s=0.17,ready_s=0.17
cube-vz-api: create sandbox=sb-acb15ccb-859d-439e-ae93-6b374282b95d mode=cold clone_ms=1.069 construct_ms=2.832 start_ms=169.406 ready_ms=156.964 total_ms=330.271 guest=init_s=0.09,envd_s=0.14,ready_s=0.14
cube-vz-api: create sandbox=sb-dcc1a79e-4ec5-42b0-b0cd-c075390a5b93 mode=cold clone_ms=1.281 construct_ms=3.564 start_ms=183.613 ready_ms=162.828 total_ms=351.287 guest=init_s=0.11,envd_s=0.14,ready_s=0.14
cube-vz-api: create sandbox=sb-25c5d9ff-381c-45a3-b474-13df2af62100 mode=cold clone_ms=0.997 construct_ms=2.814 start_ms=170.972 ready_ms=166.608 total_ms=341.391 guest=init_s=0.11,envd_s=0.14,ready_s=0.14
cube-vz-api: create sandbox=sb-fc8aa89b-295f-40e5-bfe6-a4749c2003c5 mode=cold clone_ms=1.016 construct_ms=3.037 start_ms=170.752 ready_ms=173.236 total_ms=348.040 guest=init_s=0.12,envd_s=0.15,ready_s=0.15
cube-vz-api: create sandbox=sb-3bf9cb09-d759-4f3c-9ea6-e1085fbdc05a mode=cold clone_ms=1.156 construct_ms=2.928 start_ms=184.403 ready_ms=171.582 total_ms=360.069 guest=init_s=0.12,envd_s=0.15,ready_s=0.15
cube-vz-api: create sandbox=sb-a10e0052-d1b0-4ce3-8672-08b7094b4074 mode=cold clone_ms=1.352 construct_ms=2.955 start_ms=132.090 ready_ms=177.725 total_ms=314.121 guest=init_s=0.12,envd_s=0.16,ready_s=0.16
cube-vz-api: create sandbox=sb-fc66af22-eefa-4738-a8ec-e9d76edf4e66 mode=cold clone_ms=0.970 construct_ms=5.327 start_ms=158.801 ready_ms=177.804 total_ms=342.901 guest=init_s=0.12,envd_s=0.16,ready_s=0.16
