cube-vz-api: create sandbox=sb-ec4991e0-4fb7-4533-ba11-6ac5e50fca65 mode=cold clone_ms=1.532 construct_ms=7.260 start_ms=91.137 ready_ms=149.419 total_ms=249.347 guest=init_s=0.11,envd_s=0.13,ready_s=0.13
cube-vz-api: create sandbox=sb-5a5b2124-88bd-4a9c-a81c-6bd1f53c051d mode=cold clone_ms=0.851 construct_ms=3.184 start_ms=76.029 ready_ms=145.983 total_ms=226.047 guest=init_s=0.09,envd_s=0.13,ready_s=0.13
cube-vz-api: create sandbox=sb-076c16b4-c181-49bf-b991-3845f3f3d0c3 mode=cold clone_ms=0.849 construct_ms=2.776 start_ms=75.313 ready_ms=129.858 total_ms=208.797 guest=init_s=0.09,envd_s=0.11,ready_s=0.11
cube-vz-api: create sandbox=sb-5e80222a-93ed-4bb0-ad07-86f4cb164957 mode=cold clone_ms=0.810 construct_ms=2.394 start_ms=76.646 ready_ms=136.293 total_ms=216.143 guest=init_s=0.09,envd_s=0.12,ready_s=0.12
cube-vz-api: create sandbox=sb-5f5b17b9-c290-4dc0-8273-c88ea2d69e86 mode=cold clone_ms=0.864 construct_ms=2.557 start_ms=75.494 ready_ms=135.246 total_ms=214.160 guest=init_s=0.09,envd_s=0.12,ready_s=0.12
cube-vz-api: create sandbox=sb-a2ad3c31-d0dc-48d3-9e3a-fb44dd9ab74f mode=cold clone_ms=0.822 construct_ms=2.863 start_ms=75.431 ready_ms=126.195 total_ms=205.310 guest=init_s=0.09,envd_s=0.11,ready_s=0.11
cube-vz-api: create sandbox=sb-0ea7a317-24f6-4f79-b575-cee8f891cfbb mode=cold clone_ms=0.869 construct_ms=2.581 start_ms=73.099 ready_ms=126.227 total_ms=202.775 guest=init_s=0.08,envd_s=0.11,ready_s=0.11
cube-vz-api: create sandbox=sb-b1088e1d-aeb1-4c98-8f55-242a238eebe2 mode=cold clone_ms=0.818 construct_ms=2.637 start_ms=80.196 ready_ms=139.763 total_ms=223.414 guest=init_s=0.10,envd_s=0.12,ready_s=0.12
cube-vz-api: create sandbox=sb-13bd2d41-6566-400a-8cee-6df7463364df mode=cold clone_ms=0.781 construct_ms=2.824 start_ms=76.611 ready_ms=139.784 total_ms=220.000 guest=init_s=0.10,envd_s=0.12,ready_s=0.12
cube-vz-api: create sandbox=sb-87a26a95-7c1b-41cd-befa-5b6aa0d35f9d mode=cold clone_ms=0.863 construct_ms=2.566 start_ms=82.286 ready_ms=143.390 total_ms=229.105 guest=init_s=0.10,envd_s=0.12,ready_s=0.13
cube-vz-api: create sandbox=sb-2eafffc6-cdcc-4c99-94fc-ee7c056d53f3 mode=cold clone_ms=0.807 construct_ms=2.586 start_ms=74.837 ready_ms=150.537 total_ms=228.767 guest=init_s=0.10,envd_s=0.13,ready_s=0.13
cube-vz-api: create sandbox=sb-d451413f-894b-411a-87c9-d832b33e3774 mode=cold clone_ms=0.868 construct_ms=2.649 start_ms=74.052 ready_ms=138.988 total_ms=216.558 guest=init_s=0.10,envd_s=0.12,ready_s=0.12
cube-vz-api: create sandbox=sb-41b6e2db-ddcc-4894-8d0a-c2c6f5852ce4 mode=cold clone_ms=0.759 construct_ms=2.582 start_ms=74.881 ready_ms=123.239 total_ms=201.461 guest=init_s=0.08,envd_s=0.11,ready_s=0.11
cube-vz-api: create sandbox=sb-5b4976ea-d9e1-41e2-9fad-d0d42e1e7440 mode=cold clone_ms=0.831 construct_ms=2.530 start_ms=75.147 ready_ms=135.666 total_ms=214.174 guest=init_s=0.09,envd_s=0.12,ready_s=0.12
cube-vz-api: create sandbox=sb-0ec559f4-b766-467e-983f-c3bc45974c61 mode=cold clone_ms=0.785 construct_ms=2.718 start_ms=75.853 ready_ms=141.990 total_ms=221.346 guest=init_s=0.09,envd_s=0.12,ready_s=0.12
cube-vz-api: create sandbox=sb-f20c960c-bacb-4d48-a504-5e8a17ac3e28 mode=cold clone_ms=0.820 construct_ms=2.670 start_ms=78.542 ready_ms=147.041 total_ms=229.073 guest=init_s=0.11,envd_s=0.13,ready_s=0.13
cube-vz-api: create sandbox=sb-7451a69c-0253-46c5-9b92-525037e3805d mode=cold clone_ms=0.840 construct_ms=2.578 start_ms=77.921 ready_ms=134.456 total_ms=215.796 guest=init_s=0.09,envd_s=0.12,ready_s=0.12
cube-vz-api: create sandbox=sb-cfbae2ff-0bd3-415d-8239-867f555f58d6 mode=cold clone_ms=0.842 construct_ms=2.668 start_ms=75.777 ready_ms=125.940 total_ms=205.227 guest=init_s=0.08,envd_s=0.11,ready_s=0.11
cube-vz-api: create sandbox=sb-4c036e6d-1088-43b5-a9cf-18c69e84ff4e mode=cold clone_ms=0.851 construct_ms=2.546 start_ms=75.644 ready_ms=154.183 total_ms=233.223 guest=init_s=0.10,envd_s=0.14,ready_s=0.14
cube-vz-api: create sandbox=sb-63d4a395-21c4-404b-b824-79be72b0d0e2 mode=cold clone_ms=0.850 construct_ms=2.699 start_ms=77.038 ready_ms=139.638 total_ms=220.225 guest=init_s=0.10,envd_s=0.12,ready_s=0.12
cube-vz-api: create sandbox=sb-478758bc-0bc7-43c2-8d15-4fa40590116b mode=cold clone_ms=0.921 construct_ms=2.593 start_ms=75.340 ready_ms=131.983 total_ms=210.838 guest=init_s=0.09,envd_s=0.11,ready_s=0.11
cube-vz-api: create sandbox=sb-1d2011e3-a01c-4580-9048-ba4a2b5cfe2d mode=cold clone_ms=0.819 construct_ms=2.506 start_ms=74.321 ready_ms=131.460 total_ms=209.106 guest=init_s=0.09,envd_s=0.11,ready_s=0.11
cube-vz-api: create sandbox=sb-39e0c31e-80ac-4687-b373-07e71212f9e3 mode=cold clone_ms=0.782 construct_ms=2.560 start_ms=71.422 ready_ms=132.474 total_ms=207.239 guest=init_s=0.09,envd_s=0.11,ready_s=0.11
cube-vz-api: create sandbox=sb-fb97fb3f-ae5c-4671-8329-8a8d70726548 mode=cold clone_ms=0.953 construct_ms=2.660 start_ms=83.173 ready_ms=145.599 total_ms=232.385 guest=init_s=0.09,envd_s=0.13,ready_s=0.13
cube-vz-api: create sandbox=sb-b52d89ff-0c60-4842-bfb0-a1fef80e8fb9 mode=cold clone_ms=0.894 construct_ms=2.740 start_ms=75.120 ready_ms=127.396 total_ms=206.150 guest=init_s=0.09,envd_s=0.11,ready_s=0.11
cube-vz-api: create sandbox=sb-a4747af1-323c-447c-bf2c-7b7c34c7f7bf mode=cold clone_ms=0.796 construct_ms=2.564 start_ms=76.739 ready_ms=139.596 total_ms=219.695 guest=init_s=0.10,envd_s=0.12,ready_s=0.12
cube-vz-api: create sandbox=sb-690d0071-c27b-437f-a46b-8eaab6c8d7bf mode=cold clone_ms=0.819 construct_ms=2.530 start_ms=177.496 ready_ms=175.913 total_ms=356.757 guest=init_s=0.11,envd_s=0.16,ready_s=0.16
cube-vz-api: create sandbox=sb-9e0013c1-7064-484e-9d28-5da47a0493ae mode=cold clone_ms=0.794 construct_ms=2.440 start_ms=208.836 ready_ms=174.870 total_ms=386.940 guest=init_s=0.10,envd_s=0.15,ready_s=0.15
cube-vz-api: create sandbox=sb-33aa7141-c39f-45cb-9019-30aad1f9886a mode=cold clone_ms=1.022 construct_ms=2.495 start_ms=187.021 ready_ms=187.531 total_ms=378.068 guest=init_s=0.12,envd_s=0.16,ready_s=0.16
cube-vz-api: create sandbox=sb-74be099f-8ff1-4450-99a8-4b7b1e52d7f8 mode=cold clone_ms=0.752 construct_ms=2.459 start_ms=201.992 ready_ms=206.188 total_ms=411.392 guest=init_s=0.14,envd_s=0.18,ready_s=0.18
cube-vz-api: create sandbox=sb-8f3a2e64-1670-40e5-85fc-0079d79a15e9 mode=cold clone_ms=0.763 construct_ms=2.398 start_ms=198.709 ready_ms=206.372 total_ms=408.242 guest=init_s=0.15,envd_s=0.18,ready_s=0.18
cube-vz-api: create sandbox=sb-276315d2-1085-4f12-a9e1-683271dcd876 mode=cold clone_ms=0.809 construct_ms=2.769 start_ms=204.547 ready_ms=196.918 total_ms=405.044 guest=init_s=0.13,envd_s=0.17,ready_s=0.17
cube-vz-api: create sandbox=sb-608a2982-4b61-4ac4-8840-1b033793c63f mode=cold clone_ms=1.122 construct_ms=2.610 start_ms=182.416 ready_ms=219.516 total_ms=405.663 guest=init_s=0.14,envd_s=0.19,ready_s=0.19
cube-vz-api: create sandbox=sb-2b07dc93-9f1f-47a3-93ec-9d5a3d6c9e22 mode=cold clone_ms=1.191 construct_ms=2.540 start_ms=181.134 ready_ms=224.699 total_ms=409.564 guest=init_s=0.15,envd_s=0.19,ready_s=0.19
cube-vz-api: create sandbox=sb-c1e2df51-d546-443f-a90c-0f3654b38028 mode=cold clone_ms=1.030 construct_ms=2.553 start_ms=204.255 ready_ms=213.277 total_ms=421.115 guest=init_s=0.13,envd_s=0.18,ready_s=0.18
cube-vz-api: create sandbox=sb-27d6055f-a86b-4d01-87df-6c8d21129e2a mode=cold clone_ms=0.925 construct_ms=3.132 start_ms=196.489 ready_ms=213.302 total_ms=413.849 guest=init_s=0.14,envd_s=0.19,ready_s=0.19
cube-vz-api: create sandbox=sb-78647503-cf0f-44c7-ae73-fc96c0103db3 mode=cold clone_ms=1.237 construct_ms=3.077 start_ms=103.578 ready_ms=194.025 total_ms=301.917 guest=init_s=0.12,envd_s=0.17,ready_s=0.17
cube-vz-api: create sandbox=sb-18c57cb7-ce42-44c0-bff1-af5139048dd8 mode=cold clone_ms=1.030 construct_ms=3.260 start_ms=106.460 ready_ms=185.556 total_ms=296.306 guest=init_s=0.13,envd_s=0.17,ready_s=0.17
cube-vz-api: create sandbox=sb-47c6c2fd-c745-4c46-9fc1-7527ea61b26c mode=cold clone_ms=1.179 construct_ms=2.910 start_ms=98.076 ready_ms=190.702 total_ms=292.868 guest=init_s=0.13,envd_s=0.17,ready_s=0.17
cube-vz-api: create sandbox=sb-77b8cec2-7257-493b-b142-35c0ec43ff94 mode=cold clone_ms=1.017 construct_ms=3.179 start_ms=160.925 ready_ms=177.581 total_ms=342.702 guest=init_s=0.11,envd_s=0.16,ready_s=0.16
cube-vz-api: create sandbox=sb-80481a33-90e2-4142-9ec1-b611b5e3bbb2 mode=cold clone_ms=0.976 construct_ms=3.127 start_ms=177.628 ready_ms=186.975 total_ms=368.706 guest=init_s=0.11,envd_s=0.16,ready_s=0.16
cube-vz-api: create sandbox=sb-be7f2915-f537-43e8-8d43-4a1a311b85f5 mode=cold clone_ms=0.975 construct_ms=3.006 start_ms=189.716 ready_ms=189.632 total_ms=383.328 guest=init_s=0.12,envd_s=0.17,ready_s=0.17
cube-vz-api: create sandbox=sb-8c915684-db87-465f-812f-4d156e00f950 mode=cold clone_ms=1.077 construct_ms=2.593 start_ms=184.692 ready_ms=186.741 total_ms=375.102 guest=init_s=0.12,envd_s=0.16,ready_s=0.16
cube-vz-api: create sandbox=sb-310db155-072c-485a-b3c0-5c933d0908c8 mode=cold clone_ms=1.340 construct_ms=2.677 start_ms=161.092 ready_ms=202.595 total_ms=367.705 guest=init_s=0.12,envd_s=0.17,ready_s=0.17
cube-vz-api: create sandbox=sb-15806e90-5835-40be-baf4-3604f69fb53b mode=cold clone_ms=1.177 construct_ms=2.715 start_ms=157.926 ready_ms=201.897 total_ms=363.715 guest=init_s=0.13,envd_s=0.18,ready_s=0.18
cube-vz-api: create sandbox=sb-01d0e74c-234d-4f59-942d-fe05165a0b0d mode=cold clone_ms=1.006 construct_ms=3.072 start_ms=167.138 ready_ms=213.752 total_ms=384.968 guest=init_s=0.14,envd_s=0.19,ready_s=0.19
cube-vz-api: create sandbox=sb-32eb03b1-3b00-4efb-b3f1-1987745db17e mode=cold clone_ms=1.050 construct_ms=2.888 start_ms=82.042 ready_ms=163.197 total_ms=249.177 guest=init_s=0.11,envd_s=0.15,ready_s=0.15
cube-vz-api: create sandbox=sb-33ec24f9-8307-4e7d-9012-675321d166cc mode=cold clone_ms=8.397 construct_ms=2.752 start_ms=85.839 ready_ms=194.305 total_ms=291.293 guest=init_s=0.10,envd_s=0.17,ready_s=0.17
cube-vz-api: create sandbox=sb-98231d3f-702d-4f13-8bbf-ed36a3964bca mode=cold clone_ms=1.319 construct_ms=2.834 start_ms=96.052 ready_ms=210.966 total_ms=311.171 guest=init_s=0.12,envd_s=0.20,ready_s=0.20
cube-vz-api: create sandbox=sb-a43bc896-02b1-46e4-890c-3254f050c82d mode=cold clone_ms=1.092 construct_ms=3.086 start_ms=158.141 ready_ms=191.611 total_ms=353.929 guest=init_s=0.12,envd_s=0.17,ready_s=0.17
cube-vz-api: create sandbox=sb-a0e4497c-f46b-49bd-9706-234505b8f512 mode=cold clone_ms=1.121 construct_ms=2.945 start_ms=148.486 ready_ms=191.887 total_ms=344.440 guest=init_s=0.13,envd_s=0.17,ready_s=0.17
cube-vz-api: create sandbox=sb-c2989a32-0a69-4ef7-8df2-2b94a939c4c5 mode=cold clone_ms=1.033 construct_ms=3.737 start_ms=164.719 ready_ms=181.771 total_ms=351.261 guest=init_s=0.11,envd_s=0.16,ready_s=0.16
cube-vz-api: create sandbox=sb-bf2b290f-7c02-4505-9e6f-4ace58c7d21a mode=cold clone_ms=1.030 construct_ms=2.782 start_ms=160.771 ready_ms=188.389 total_ms=352.972 guest=init_s=0.12,envd_s=0.16,ready_s=0.16
cube-vz-api: create sandbox=sb-c4df672b-f5bf-425d-ac96-e95012d23ce0 mode=cold clone_ms=0.999 construct_ms=2.540 start_ms=147.817 ready_ms=188.502 total_ms=339.859 guest=init_s=0.13,envd_s=0.16,ready_s=0.16
cube-vz-api: create sandbox=sb-47b15762-e49a-432f-b7b9-bc8343108a26 mode=cold clone_ms=1.041 construct_ms=2.809 start_ms=135.018 ready_ms=191.771 total_ms=330.640 guest=init_s=0.13,envd_s=0.16,ready_s=0.16
cube-vz-api: create sandbox=sb-2f2be2e0-d24e-482b-b3bf-5839cb184436 mode=cold clone_ms=1.152 construct_ms=3.363 start_ms=151.466 ready_ms=194.008 total_ms=349.989 guest=init_s=0.12,envd_s=0.16,ready_s=0.16
cube-vz-api: create sandbox=sb-d7d30cb9-f177-4195-be4a-b920c0039eb8 mode=cold clone_ms=1.122 construct_ms=2.987 start_ms=88.765 ready_ms=176.841 total_ms=269.715 guest=init_s=0.11,envd_s=0.15,ready_s=0.15
cube-vz-api: create sandbox=sb-922a1299-1845-4c2e-a9b0-80460a4fc61e mode=cold clone_ms=1.024 construct_ms=4.037 start_ms=84.759 ready_ms=161.168 total_ms=250.988 guest=init_s=0.10,envd_s=0.14,ready_s=0.14
cube-vz-api: create sandbox=sb-992f6e61-4fcd-46e9-8f8a-25c4bc8888c6 mode=cold clone_ms=0.761 construct_ms=2.780 start_ms=85.214 ready_ms=156.297 total_ms=245.052 guest=init_s=0.10,envd_s=0.13,ready_s=0.13
cube-vz-api: create sandbox=sb-29123fe0-09f6-4d7c-93fc-f7f7c9dc88a3 mode=cold clone_ms=1.097 construct_ms=2.732 start_ms=190.681 ready_ms=186.857 total_ms=381.368 guest=init_s=0.12,envd_s=0.16,ready_s=0.16
cube-vz-api: create sandbox=sb-b99e57f7-9c2b-4afb-996b-55fd84641b1d mode=cold clone_ms=0.862 construct_ms=3.026 start_ms=203.357 ready_ms=188.296 total_ms=395.540 guest=init_s=0.11,envd_s=0.16,ready_s=0.16
cube-vz-api: create sandbox=sb-63da3c09-49e4-4cc0-ad7c-0953c653e75d mode=cold clone_ms=1.023 construct_ms=2.693 start_ms=165.422 ready_ms=193.960 total_ms=363.099 guest=init_s=0.12,envd_s=0.17,ready_s=0.17
cube-vz-api: create sandbox=sb-3da7c716-85dc-4558-a5a1-d3fb16cc9f3e mode=cold clone_ms=0.966 construct_ms=3.010 start_ms=167.442 ready_ms=188.220 total_ms=359.638 guest=init_s=0.12,envd_s=0.16,ready_s=0.16
cube-vz-api: create sandbox=sb-160828b8-8231-402a-acf4-a313c3e311e5 mode=cold clone_ms=0.999 construct_ms=2.746 start_ms=183.690 ready_ms=194.164 total_ms=381.599 guest=init_s=0.12,envd_s=0.17,ready_s=0.17
cube-vz-api: create sandbox=sb-8c9b7984-6c3a-423e-9783-93e9a530e0ad mode=cold clone_ms=0.907 construct_ms=2.914 start_ms=170.078 ready_ms=199.130 total_ms=373.029 guest=init_s=0.12,envd_s=0.17,ready_s=0.17
cube-vz-api: create sandbox=sb-c0472f3b-7b51-45e3-a390-ab5c5466750e mode=cold clone_ms=0.831 construct_ms=2.934 start_ms=119.347 ready_ms=192.949 total_ms=316.061 guest=init_s=0.13,envd_s=0.17,ready_s=0.17
cube-vz-api: create sandbox=sb-1e88f394-3f9d-4d60-ba58-f5d719a92601 mode=cold clone_ms=0.918 construct_ms=2.762 start_ms=175.231 ready_ms=196.819 total_ms=375.730 guest=init_s=0.14,envd_s=0.17,ready_s=0.17
cube-vz-api: create sandbox=sb-a66939f9-e6ea-4456-a122-500ca1a13282 mode=cold clone_ms=1.133 construct_ms=2.720 start_ms=197.021 ready_ms=204.257 total_ms=405.131 guest=init_s=0.13,envd_s=0.18,ready_s=0.18
cube-vz-api: create sandbox=sb-b332cc63-865a-4394-a986-a589aa8013ad mode=cold clone_ms=1.084 construct_ms=4.135 start_ms=109.280 ready_ms=177.530 total_ms=292.029 guest=init_s=0.12,envd_s=0.15,ready_s=0.15
cube-vz-api: create sandbox=sb-804ef616-1234-4e0a-94e9-33e5c0bac304 mode=cold clone_ms=1.059 construct_ms=2.945 start_ms=192.840 ready_ms=182.631 total_ms=379.475 guest=init_s=0.11,envd_s=0.16,ready_s=0.16
cube-vz-api: create sandbox=sb-4ae1b745-81a6-47ef-8e73-7a60123ae4e0 mode=cold clone_ms=1.132 construct_ms=3.343 start_ms=202.132 ready_ms=195.140 total_ms=401.747 guest=init_s=0.13,envd_s=0.17,ready_s=0.17
cube-vz-api: create sandbox=sb-8396f020-d1f1-4bdd-acc1-26133bcb872f mode=cold clone_ms=1.000 construct_ms=2.842 start_ms=188.491 ready_ms=195.233 total_ms=387.567 guest=init_s=0.14,envd_s=0.17,ready_s=0.17
cube-vz-api: create sandbox=sb-5fac11b3-5f22-4ab0-bea9-bc304a9ac8fe mode=cold clone_ms=1.017 construct_ms=2.744 start_ms=196.239 ready_ms=195.826 total_ms=395.827 guest=init_s=0.12,envd_s=0.17,ready_s=0.17
cube-vz-api: create sandbox=sb-1ead7ad9-f11a-4508-a6c7-633b480bd125 mode=cold clone_ms=0.977 construct_ms=3.462 start_ms=178.254 ready_ms=191.231 total_ms=373.923 guest=init_s=0.11,envd_s=0.16,ready_s=0.16
cube-vz-api: create sandbox=sb-3626057c-597a-4307-ab87-aff947985e82 mode=cold clone_ms=1.015 construct_ms=2.577 start_ms=197.299 ready_ms=201.078 total_ms=401.969 guest=init_s=0.12,envd_s=0.17,ready_s=0.17
cube-vz-api: create sandbox=sb-cf591ebe-cda5-455e-b3c3-0de11e796e81 mode=cold clone_ms=0.980 construct_ms=2.776 start_ms=187.000 ready_ms=203.743 total_ms=394.499 guest=init_s=0.12,envd_s=0.17,ready_s=0.17
cube-vz-api: create sandbox=sb-7f1f9205-2725-4be4-8280-386c6e809da2 mode=cold clone_ms=2.454 construct_ms=2.766 start_ms=174.661 ready_ms=200.215 total_ms=380.096 guest=init_s=0.13,envd_s=0.18,ready_s=0.18
cube-vz-api: create sandbox=sb-6e64d5c2-606a-4382-935c-a7dcc51ad761 mode=cold clone_ms=0.937 construct_ms=2.594 start_ms=180.393 ready_ms=202.517 total_ms=386.441 guest=init_s=0.13,envd_s=0.18,ready_s=0.18
cube-vz-api: create sandbox=sb-d2404a89-78ba-4e2c-9b25-fe1a6dfc7258 mode=cold clone_ms=1.069 construct_ms=2.826 start_ms=191.447 ready_ms=212.157 total_ms=407.499 guest=init_s=0.14,envd_s=0.19,ready_s=0.19
cube-vz-api: create sandbox=sb-a6a989d2-85ee-4016-94a7-2ecae7c5a37f mode=cold clone_ms=1.115 construct_ms=3.624 start_ms=174.574 ready_ms=169.297 total_ms=348.610 guest=init_s=0.11,envd_s=0.15,ready_s=0.15
cube-vz-api: create sandbox=sb-4372af31-58b8-4bf6-b4d3-ff85f92f8158 mode=cold clone_ms=1.140 construct_ms=3.132 start_ms=187.005 ready_ms=169.541 total_ms=360.817 guest=init_s=0.10,envd_s=0.15,ready_s=0.15
cube-vz-api: create sandbox=sb-27a724cd-02e4-4f7d-9f1e-f6d741f096f2 mode=cold clone_ms=1.212 construct_ms=3.297 start_ms=194.266 ready_ms=187.801 total_ms=386.575 guest=init_s=0.11,envd_s=0.17,ready_s=0.17
cube-vz-api: create sandbox=sb-c86e60a7-7120-4035-bf7f-f695c93c9b8f mode=cold clone_ms=1.137 construct_ms=3.243 start_ms=150.684 ready_ms=175.554 total_ms=330.619 guest=init_s=0.11,envd_s=0.15,ready_s=0.15
cube-vz-api: create sandbox=sb-1a21c347-78bf-4f40-8d35-29bd4b929680 mode=cold clone_ms=1.182 construct_ms=5.999 start_ms=173.599 ready_ms=186.389 total_ms=367.169 guest=init_s=0.11,envd_s=0.16,ready_s=0.16
cube-vz-api: create sandbox=sb-0ce229e7-e20c-4951-b133-d10748d12ae7 mode=cold clone_ms=1.552 construct_ms=3.614 start_ms=223.903 ready_ms=186.672 total_ms=415.741 guest=init_s=0.12,envd_s=0.16,ready_s=0.17
cube-vz-api: create sandbox=sb-44a74c76-54b8-42e6-870f-aa9787f8ba05 mode=cold clone_ms=1.849 construct_ms=5.766 start_ms=170.494 ready_ms=186.707 total_ms=364.816 guest=init_s=0.12,envd_s=0.17,ready_s=0.17
cube-vz-api: create sandbox=sb-ce8bc9be-1f21-4358-9216-c3af5b341b76 mode=cold clone_ms=1.322 construct_ms=2.933 start_ms=206.239 ready_ms=194.019 total_ms=404.512 guest=init_s=0.13,envd_s=0.17,ready_s=0.17
cube-vz-api: create sandbox=sb-70e5cba3-87f5-4796-8b35-4d0f248646f6 mode=cold clone_ms=2.691 construct_ms=2.954 start_ms=193.658 ready_ms=194.487 total_ms=393.789 guest=init_s=0.13,envd_s=0.17,ready_s=0.18
cube-vz-api: create sandbox=sb-33af71f1-0e4d-4b8e-a7da-d657cdcdb421 mode=cold clone_ms=1.126 construct_ms=5.098 start_ms=179.723 ready_ms=206.310 total_ms=392.256 guest=init_s=0.13,envd_s=0.18,ready_s=0.18
cube-vz-api: create sandbox=sb-0a71656d-9290-496a-a069-a31f5d5550e2 mode=cold clone_ms=1.210 construct_ms=3.312 start_ms=168.455 ready_ms=181.510 total_ms=354.488 guest=init_s=0.12,envd_s=0.17,ready_s=0.17
cube-vz-api: create sandbox=sb-825105c7-c294-43ab-9672-0764dd68d394 mode=cold clone_ms=1.082 construct_ms=3.389 start_ms=186.494 ready_ms=187.285 total_ms=378.251 guest=init_s=0.11,envd_s=0.17,ready_s=0.17
cube-vz-api: create sandbox=sb-72cc6d78-fdd5-46f3-abcf-9997a59839f8 mode=cold clone_ms=0.984 construct_ms=4.225 start_ms=183.192 ready_ms=184.537 total_ms=372.938 guest=init_s=0.12,envd_s=0.16,ready_s=0.16
cube-vz-api: create sandbox=sb-549f0acf-a311-4406-9727-cba5e6d01810 mode=cold clone_ms=1.030 construct_ms=3.565 start_ms=223.226 ready_ms=199.623 total_ms=427.443 guest=init_s=0.14,envd_s=0.17,ready_s=0.17
cube-vz-api: create sandbox=sb-26776e49-47be-4ee1-bbf5-a076231d5503 mode=cold clone_ms=1.378 construct_ms=5.408 start_ms=154.047 ready_ms=194.452 total_ms=355.286 guest=init_s=0.12,envd_s=0.17,ready_s=0.17
cube-vz-api: create sandbox=sb-cd7476a3-d75c-41a4-94ad-ab38c957263d mode=cold clone_ms=0.926 construct_ms=2.917 start_ms=172.103 ready_ms=205.299 total_ms=381.245 guest=init_s=0.14,envd_s=0.17,ready_s=0.17
cube-vz-api: create sandbox=sb-0fe386d3-ad31-4c6f-b27a-b55a07de8574 mode=cold clone_ms=1.300 construct_ms=2.963 start_ms=230.751 ready_ms=210.595 total_ms=445.610 guest=init_s=0.15,envd_s=0.18,ready_s=0.18
cube-vz-api: create sandbox=sb-6a57d8c3-a1c8-4c81-8156-dd06c13faf9f mode=cold clone_ms=1.122 construct_ms=3.195 start_ms=196.645 ready_ms=205.422 total_ms=406.384 guest=init_s=0.14,envd_s=0.17,ready_s=0.17
cube-vz-api: create sandbox=sb-16bc3346-1a14-4ee5-9f1b-9042d6cb7ff7 mode=cold clone_ms=1.147 construct_ms=3.024 start_ms=172.290 ready_ms=230.650 total_ms=407.112 guest=init_s=0.14,envd_s=0.19,ready_s=0.19
cube-vz-api: create sandbox=sb-20bbfb3f-6790-4211-bd1e-a384ec56e705 mode=cold clone_ms=1.311 construct_ms=3.670 start_ms=164.175 ready_ms=238.587 total_ms=407.743 guest=init_s=0.16,envd_s=0.21,ready_s=0.21
cube-vz-api: create sandbox=sb-ea5afa70-86ec-47bb-a8a6-94c798b4aa3a mode=cold clone_ms=1.127 construct_ms=3.006 start_ms=97.217 ready_ms=190.296 total_ms=291.646 guest=init_s=0.12,envd_s=0.17,ready_s=0.17
cube-vz-api: create sandbox=sb-7ef7b6ba-de80-4f4c-b892-635cc7539edf mode=cold clone_ms=0.882 construct_ms=2.968 start_ms=107.097 ready_ms=193.586 total_ms=304.532 guest=init_s=0.12,envd_s=0.17,ready_s=0.17
cube-vz-api: create sandbox=sb-559c89ed-38a1-45ae-8d6d-fd24be05479b mode=cold clone_ms=1.065 construct_ms=2.761 start_ms=178.455 ready_ms=183.435 total_ms=365.717 guest=init_s=0.11,envd_s=0.16,ready_s=0.16
cube-vz-api: create sandbox=sb-95319e8c-2182-4de8-a833-d73207098f6c mode=cold clone_ms=1.277 construct_ms=2.724 start_ms=169.777 ready_ms=192.086 total_ms=365.864 guest=init_s=0.11,envd_s=0.17,ready_s=0.17
cube-vz-api: create sandbox=sb-b91ad0af-8c51-451c-b90a-798b648e310b mode=cold clone_ms=1.101 construct_ms=3.441 start_ms=177.467 ready_ms=197.441 total_ms=379.450 guest=init_s=0.11,envd_s=0.17,ready_s=0.17
cube-vz-api: create sandbox=sb-dc18e519-c854-470e-ad23-e7656ce8268d mode=cold clone_ms=1.246 construct_ms=2.784 start_ms=210.717 ready_ms=197.096 total_ms=411.844 guest=init_s=0.12,envd_s=0.18,ready_s=0.18
cube-vz-api: create sandbox=sb-66047467-fe87-4e20-a565-e7ee8b6b99e9 mode=cold clone_ms=1.240 construct_ms=2.940 start_ms=169.535 ready_ms=224.436 total_ms=398.151 guest=init_s=0.15,envd_s=0.20,ready_s=0.20
cube-vz-api: create sandbox=sb-b9f1717f-b9a0-46a7-ba39-fa95f8f70777 mode=cold clone_ms=1.002 construct_ms=3.016 start_ms=165.237 ready_ms=211.346 total_ms=380.601 guest=init_s=0.14,envd_s=0.19,ready_s=0.19
cube-vz-api: create sandbox=sb-a0e47cf6-79ec-4a0d-8103-99b2f6eb51f1 mode=cold clone_ms=0.886 construct_ms=2.872 start_ms=159.735 ready_ms=209.581 total_ms=373.075 guest=init_s=0.13,envd_s=0.19,ready_s=0.19
cube-vz-api: create sandbox=sb-7a6d16ab-26f5-4f2a-9e1a-b9fd2a1f19f7 mode=cold clone_ms=0.956 construct_ms=2.878 start_ms=183.420 ready_ms=229.836 total_ms=417.090 guest=init_s=0.15,envd_s=0.20,ready_s=0.20
cube-vz-api: create sandbox=sb-fd8cdc85-a3d3-4785-af7b-7d5b1a70876b mode=cold clone_ms=0.983 construct_ms=2.728 start_ms=104.956 ready_ms=162.631 total_ms=271.298 guest=init_s=0.11,envd_s=0.14,ready_s=0.14
cube-vz-api: create sandbox=sb-04283e1f-40b5-4910-bc21-a9405ef3b359 mode=cold clone_ms=0.797 construct_ms=2.689 start_ms=98.778 ready_ms=172.896 total_ms=275.160 guest=init_s=0.11,envd_s=0.15,ready_s=0.15
cube-vz-api: create sandbox=sb-9420d090-f9a4-457d-8ccd-08eb7b3f5b65 mode=cold clone_ms=1.378 construct_ms=3.193 start_ms=88.987 ready_ms=192.514 total_ms=286.073 guest=init_s=0.14,envd_s=0.17,ready_s=0.17
cube-vz-api: create sandbox=sb-2a31ecbe-a876-42f6-ab66-7a9c6ab82993 mode=cold clone_ms=1.096 construct_ms=2.724 start_ms=162.879 ready_ms=193.324 total_ms=360.023 guest=init_s=0.12,envd_s=0.17,ready_s=0.17
cube-vz-api: create sandbox=sb-5486a507-d803-438d-bdb1-00dd8b9fa8b7 mode=cold clone_ms=1.152 construct_ms=3.375 start_ms=153.032 ready_ms=185.169 total_ms=342.728 guest=init_s=0.11,envd_s=0.16,ready_s=0.16
cube-vz-api: create sandbox=sb-1d2c0328-85d6-4b2a-a984-fce14e9f0d1e mode=cold clone_ms=0.986 construct_ms=2.986 start_ms=166.376 ready_ms=187.466 total_ms=357.812 guest=init_s=0.12,envd_s=0.16,ready_s=0.16
cube-vz-api: create sandbox=sb-f32272e0-608f-41bc-883a-270368486aca mode=cold clone_ms=1.001 construct_ms=2.921 start_ms=160.865 ready_ms=199.032 total_ms=363.819 guest=init_s=0.12,envd_s=0.17,ready_s=0.17
cube-vz-api: create sandbox=sb-bf42dada-0c66-4125-be7b-eec1607c5ce3 mode=cold clone_ms=0.972 construct_ms=3.074 start_ms=187.569 ready_ms=199.130 total_ms=390.745 guest=init_s=0.12,envd_s=0.17,ready_s=0.17
cube-vz-api: create sandbox=sb-d43a684b-cfce-4b24-8e82-2c0a9edbb552 mode=cold clone_ms=1.012 construct_ms=2.628 start_ms=157.497 ready_ms=199.235 total_ms=360.372 guest=init_s=0.13,envd_s=0.18,ready_s=0.18
cube-vz-api: create sandbox=sb-3839e324-8507-4541-9ef4-16f24af8d5ff mode=cold clone_ms=1.057 construct_ms=2.710 start_ms=170.995 ready_ms=220.188 total_ms=394.950 guest=init_s=0.14,envd_s=0.19,ready_s=0.19
cube-vz-api: create sandbox=sb-47548001-78b9-489d-b0e6-dbdeeff386eb mode=cold clone_ms=1.132 construct_ms=10.215 start_ms=99.636 ready_ms=179.065 total_ms=290.048 guest=init_s=0.12,envd_s=0.16,ready_s=0.16
cube-vz-api: create sandbox=sb-03dc0a81-33c5-4d06-b666-34739d7bd0d0 mode=cold clone_ms=1.084 construct_ms=3.034 start_ms=117.453 ready_ms=188.766 total_ms=310.337 guest=init_s=0.13,envd_s=0.17,ready_s=0.17
cube-vz-api: create sandbox=sb-c8b5b7f8-b64f-4a5a-b0ef-6cb774c80f15 mode=cold clone_ms=1.195 construct_ms=3.718 start_ms=85.802 ready_ms=164.846 total_ms=255.561 guest=init_s=0.11,envd_s=0.15,ready_s=0.15
cube-vz-api: create sandbox=sb-98037b6a-91c4-4072-a6bf-bb7789cbcddb mode=cold clone_ms=1.472 construct_ms=3.079 start_ms=181.590 ready_ms=163.322 total_ms=349.462 guest=init_s=0.11,envd_s=0.15,ready_s=0.15
cube-vz-api: create sandbox=sb-7ca14fb6-aebe-4ae3-bf89-e765537ac6c9 mode=cold clone_ms=0.817 construct_ms=2.926 start_ms=188.752 ready_ms=186.817 total_ms=379.313 guest=init_s=0.13,envd_s=0.17,ready_s=0.17
cube-vz-api: create sandbox=sb-cf6e94cd-7e7b-4e26-a346-67438c236a12 mode=cold clone_ms=1.034 construct_ms=2.824 start_ms=182.456 ready_ms=181.433 total_ms=367.746 guest=init_s=0.12,envd_s=0.16,ready_s=0.16
cube-vz-api: create sandbox=sb-f962b082-e1e9-4d72-b522-dae1570d70b3 mode=cold clone_ms=0.947 construct_ms=2.630 start_ms=209.269 ready_ms=177.021 total_ms=389.868 guest=init_s=0.11,envd_s=0.15,ready_s=0.15
cube-vz-api: create sandbox=sb-d9fed181-bdd4-4444-b4f6-5745ddfd7be2 mode=cold clone_ms=1.091 construct_ms=2.658 start_ms=144.418 ready_ms=182.881 total_ms=331.048 guest=init_s=0.11,envd_s=0.16,ready_s=0.16
cube-vz-api: create sandbox=sb-d9479f1d-7aee-417e-ad5b-da3eaab47572 mode=cold clone_ms=0.982 construct_ms=2.920 start_ms=189.005 ready_ms=196.287 total_ms=389.195 guest=init_s=0.13,envd_s=0.17,ready_s=0.17
cube-vz-api: create sandbox=sb-b6fd5158-b551-45f6-a435-a851164ed0bc mode=cold clone_ms=1.196 construct_ms=4.665 start_ms=179.547 ready_ms=196.776 total_ms=382.185 guest=init_s=0.12,envd_s=0.17,ready_s=0.17
cube-vz-api: create sandbox=sb-c525c017-ca22-4216-baaa-633f7c7bcbd3 mode=cold clone_ms=0.964 construct_ms=2.754 start_ms=192.759 ready_ms=207.502 total_ms=403.978 guest=init_s=0.13,envd_s=0.18,ready_s=0.18
cube-vz-api: create sandbox=sb-313300c0-7002-42a6-a3cf-049a7c8e8258 mode=cold clone_ms=0.944 construct_ms=3.046 start_ms=158.090 ready_ms=204.042 total_ms=366.122 guest=init_s=0.13,envd_s=0.18,ready_s=0.18
cube-vz-api: create sandbox=sb-e87346c6-241c-4f83-80cc-dbe7fa06ce74 mode=cold clone_ms=2.021 construct_ms=7.347 start_ms=113.335 ready_ms=196.889 total_ms=319.591 guest=init_s=0.13,envd_s=0.18,ready_s=0.18
cube-vz-api: create sandbox=sb-7038195d-4ddb-4e23-9414-6f015cf41607 mode=cold clone_ms=1.125 construct_ms=3.379 start_ms=91.518 ready_ms=217.528 total_ms=313.550 guest=init_s=0.17,envd_s=0.20,ready_s=0.20
cube-vz-api: create sandbox=sb-7fd0953e-82d2-4a1e-baa8-9d6c587f953e mode=cold clone_ms=1.052 construct_ms=2.835 start_ms=168.995 ready_ms=185.051 total_ms=357.932 guest=init_s=0.12,envd_s=0.17,ready_s=0.17
cube-vz-api: create sandbox=sb-f785581e-5017-4dac-81fd-50038e0072bb mode=cold clone_ms=1.025 construct_ms=3.005 start_ms=163.688 ready_ms=201.338 total_ms=369.055 guest=init_s=0.12,envd_s=0.18,ready_s=0.18
cube-vz-api: create sandbox=sb-4433adaa-5c90-46dc-9cb3-6afb3a6e6748 mode=cold clone_ms=1.112 construct_ms=3.497 start_ms=172.999 ready_ms=205.386 total_ms=382.993 guest=init_s=0.13,envd_s=0.19,ready_s=0.19
cube-vz-api: create sandbox=sb-8de260fe-54ab-42f6-8527-800901890d2b mode=cold clone_ms=1.302 construct_ms=3.212 start_ms=157.655 ready_ms=201.730 total_ms=363.899 guest=init_s=0.13,envd_s=0.18,ready_s=0.18
cube-vz-api: create sandbox=sb-e9b5d156-817b-40d2-8bfe-d51b1d5ca20d mode=cold clone_ms=1.159 construct_ms=2.956 start_ms=151.722 ready_ms=186.273 total_ms=342.110 guest=init_s=0.12,envd_s=0.17,ready_s=0.17
cube-vz-api: create sandbox=sb-ba03886e-1d94-414d-becf-fd23a9a827ee mode=cold clone_ms=0.814 construct_ms=2.905 start_ms=111.984 ready_ms=191.465 total_ms=307.168 guest=init_s=0.11,envd_s=0.16,ready_s=0.16
cube-vz-api: create sandbox=sb-250ceaf4-b043-462f-a0e5-88bef1433071 mode=cold clone_ms=1.343 construct_ms=3.443 start_ms=150.645 ready_ms=192.568 total_ms=347.999 guest=init_s=0.12,envd_s=0.17,ready_s=0.17
cube-vz-api: create sandbox=sb-8c05dcc9-781b-4cdc-b890-cb5b40339ad4 mode=cold clone_ms=0.966 construct_ms=3.032 start_ms=171.567 ready_ms=214.302 total_ms=389.867 guest=init_s=0.14,envd_s=0.19,ready_s=0.19
cube-vz-api: create sandbox=sb-a4505b44-e57e-41b7-9c19-03d14f5261c1 mode=cold clone_ms=1.171 construct_ms=4.192 start_ms=159.597 ready_ms=218.240 total_ms=383.200 guest=init_s=0.14,envd_s=0.19,ready_s=0.19
cube-vz-api: create sandbox=sb-fbc2321c-9264-47f8-86f6-5a912bf36ad2 mode=cold clone_ms=4.997 construct_ms=3.593 start_ms=89.125 ready_ms=166.646 total_ms=264.360 guest=init_s=0.11,envd_s=0.15,ready_s=0.15
cube-vz-api: create sandbox=sb-3bae0fe2-f7d5-4186-a287-69dec034d6f6 mode=cold clone_ms=1.200 construct_ms=3.145 start_ms=87.208 ready_ms=194.305 total_ms=285.858 guest=init_s=0.12,envd_s=0.17,ready_s=0.17
cube-vz-api: create sandbox=sb-6f39e286-1668-4c89-8d0c-6997f6053fa5 mode=cold clone_ms=1.567 construct_ms=3.241 start_ms=181.923 ready_ms=178.139 total_ms=364.870 guest=init_s=0.11,envd_s=0.15,ready_s=0.15
cube-vz-api: create sandbox=sb-f032f3b0-f460-4678-8ced-5c71337e6db3 mode=cold clone_ms=0.977 construct_ms=2.823 start_ms=197.933 ready_ms=184.502 total_ms=386.236 guest=init_s=0.11,envd_s=0.16,ready_s=0.16
cube-vz-api: create sandbox=sb-f2b53d8a-7b98-4ae8-97f4-d9f3bcc31d43 mode=cold clone_ms=1.226 construct_ms=3.273 start_ms=193.407 ready_ms=208.765 total_ms=406.671 guest=init_s=0.14,envd_s=0.19,ready_s=0.19
cube-vz-api: create sandbox=sb-6d7e3472-8654-427d-b5cf-399c71e202c9 mode=cold clone_ms=0.982 construct_ms=2.784 start_ms=182.774 ready_ms=194.546 total_ms=381.085 guest=init_s=0.13,envd_s=0.17,ready_s=0.17
cube-vz-api: create sandbox=sb-595b3aa5-5043-4702-af9b-a3ff0419e9f6 mode=cold clone_ms=1.132 construct_ms=2.925 start_ms=202.233 ready_ms=196.963 total_ms=403.252 guest=init_s=0.13,envd_s=0.18,ready_s=0.18
cube-vz-api: create sandbox=sb-fa5730b8-0a35-408f-a9c9-189da7352731 mode=cold clone_ms=1.022 construct_ms=2.916 start_ms=191.702 ready_ms=198.453 total_ms=394.094 guest=init_s=0.13,envd_s=0.18,ready_s=0.18
cube-vz-api: create sandbox=sb-b5fe7d75-6f3a-44e3-969f-7dd60d4a0fa2 mode=cold clone_ms=0.949 construct_ms=2.769 start_ms=169.964 ready_ms=214.740 total_ms=388.423 guest=init_s=0.13,envd_s=0.18,ready_s=0.18
cube-vz-api: create sandbox=sb-bcfe7fde-3a34-4198-9a6c-85d1d87b93cd mode=cold clone_ms=0.933 construct_ms=2.727 start_ms=167.433 ready_ms=213.571 total_ms=384.663 guest=init_s=0.13,envd_s=0.17,ready_s=0.17
cube-vz-api: create sandbox=sb-5fa3039c-adf2-4bfe-9d9a-0654a9b7e813 mode=cold clone_ms=0.994 construct_ms=7.514 start_ms=102.445 ready_ms=156.707 total_ms=267.660 guest=init_s=0.10,envd_s=0.14,ready_s=0.14
cube-vz-api: create sandbox=sb-f8001c53-c501-4454-be1c-c7741cc0a9e6 mode=cold clone_ms=0.800 construct_ms=3.124 start_ms=85.042 ready_ms=178.516 total_ms=267.482 guest=init_s=0.12,envd_s=0.16,ready_s=0.16
cube-vz-api: create sandbox=sb-1a9dbab8-122d-42c9-899b-2661ec8f400c mode=cold clone_ms=1.160 construct_ms=3.355 start_ms=91.800 ready_ms=183.718 total_ms=280.034 guest=init_s=0.12,envd_s=0.16,ready_s=0.17
cube-vz-api: create sandbox=sb-6baf7df1-4a6c-4c36-a2f7-ac8439dd48f1 mode=cold clone_ms=1.124 construct_ms=2.935 start_ms=97.561 ready_ms=193.074 total_ms=294.694 guest=init_s=0.14,envd_s=0.17,ready_s=0.17
cube-vz-api: create sandbox=sb-b8688625-7161-434c-8c7a-1ce4a8340d1b mode=cold clone_ms=0.807 construct_ms=2.647 start_ms=171.500 ready_ms=170.981 total_ms=345.935 guest=init_s=0.10,envd_s=0.15,ready_s=0.15
cube-vz-api: create sandbox=sb-a73a6d96-8797-4a25-bc4e-c6b6dd8b68bc mode=cold clone_ms=0.961 construct_ms=2.752 start_ms=193.264 ready_ms=189.801 total_ms=386.778 guest=init_s=0.11,envd_s=0.17,ready_s=0.17
cube-vz-api: create sandbox=sb-4d5ce391-c7ab-4b5f-a7f6-d2bad3687773 mode=cold clone_ms=1.473 construct_ms=2.963 start_ms=165.728 ready_ms=193.592 total_ms=363.756 guest=init_s=0.12,envd_s=0.17,ready_s=0.17
cube-vz-api: create sandbox=sb-e4b23385-5878-4766-9886-a3526100f656 mode=cold clone_ms=4.301 construct_ms=4.123 start_ms=174.521 ready_ms=189.505 total_ms=372.450 guest=init_s=0.12,envd_s=0.17,ready_s=0.17
cube-vz-api: create sandbox=sb-37664db4-1e18-4270-bbf2-6bb4c91e4316 mode=cold clone_ms=0.992 construct_ms=2.773 start_ms=195.377 ready_ms=204.065 total_ms=403.208 guest=init_s=0.13,envd_s=0.18,ready_s=0.18
cube-vz-api: create sandbox=sb-be983acd-fe9d-4959-a402-001ffe924a3e mode=cold clone_ms=1.044 construct_ms=3.262 start_ms=207.762 ready_ms=204.482 total_ms=416.551 guest=init_s=0.13,envd_s=0.18,ready_s=0.18
cube-vz-api: create sandbox=sb-97a0271f-42c5-4aef-b7bb-dc90429cf6b0 mode=cold clone_ms=0.979 construct_ms=2.933 start_ms=183.285 ready_ms=207.189 total_ms=394.385 guest=init_s=0.13,envd_s=0.18,ready_s=0.18
cube-vz-api: create sandbox=sb-bc95e834-d002-405c-bcab-b8125983ba9c mode=cold clone_ms=1.082 construct_ms=3.371 start_ms=100.889 ready_ms=183.487 total_ms=288.830 guest=init_s=0.12,envd_s=0.16,ready_s=0.16
cube-vz-api: create sandbox=sb-1533a384-64d9-4418-a655-7a322fb775ff mode=cold clone_ms=0.967 construct_ms=2.847 start_ms=83.836 ready_ms=147.629 total_ms=235.280 guest=init_s=0.11,envd_s=0.13,ready_s=0.13
cube-vz-api: create sandbox=sb-2925c188-4de8-4665-8051-c3a76a189258 mode=cold clone_ms=1.009 construct_ms=3.016 start_ms=86.651 ready_ms=167.378 total_ms=258.054 guest=init_s=0.10,envd_s=0.14,ready_s=0.14
cube-vz-api: create sandbox=sb-eaa08da7-246a-437f-876e-bd09b2d3e725 mode=cold clone_ms=1.346 construct_ms=3.079 start_ms=88.697 ready_ms=219.063 total_ms=312.186 guest=init_s=0.16,envd_s=0.20,ready_s=0.20
cube-vz-api: create sandbox=sb-2cb777f6-b105-4c6e-a4b6-1bc15c862776 mode=cold clone_ms=0.839 construct_ms=2.955 start_ms=165.820 ready_ms=174.044 total_ms=343.659 guest=init_s=0.11,envd_s=0.15,ready_s=0.15
cube-vz-api: create sandbox=sb-becac0e5-61dc-433c-9a7c-4613320b50c6 mode=cold clone_ms=0.989 construct_ms=3.047 start_ms=156.893 ready_ms=178.973 total_ms=339.901 guest=init_s=0.12,envd_s=0.16,ready_s=0.16
cube-vz-api: create sandbox=sb-1248132b-9fd7-46de-9d58-1899ff8e65d4 mode=cold clone_ms=1.357 construct_ms=3.234 start_ms=155.167 ready_ms=190.158 total_ms=349.916 guest=init_s=0.12,envd_s=0.17,ready_s=0.17
cube-vz-api: create sandbox=sb-cde36dfc-d590-430e-8fa1-ddaaac483cb5 mode=cold clone_ms=1.093 construct_ms=2.993 start_ms=190.083 ready_ms=192.837 total_ms=387.006 guest=init_s=0.12,envd_s=0.17,ready_s=0.17
cube-vz-api: create sandbox=sb-05b01739-7c3f-409a-9a33-9536c3366611 mode=cold clone_ms=1.051 construct_ms=3.071 start_ms=164.053 ready_ms=199.224 total_ms=367.399 guest=init_s=0.12,envd_s=0.17,ready_s=0.17
cube-vz-api: create sandbox=sb-70af1fcd-a26e-47e2-b272-991c433a15dd mode=cold clone_ms=1.974 construct_ms=2.743 start_ms=156.678 ready_ms=201.727 total_ms=363.121 guest=init_s=0.13,envd_s=0.17,ready_s=0.17
cube-vz-api: create sandbox=sb-b05ce1f9-f740-4c68-b10e-f5ef06d193a9 mode=cold clone_ms=0.994 construct_ms=2.958 start_ms=102.819 ready_ms=180.897 total_ms=287.668 guest=init_s=0.11,envd_s=0.16,ready_s=0.16
cube-vz-api: create sandbox=sb-71d9207d-f634-4b78-8f17-9c3c9dbd9ccd mode=cold clone_ms=0.971 construct_ms=2.429 start_ms=151.678 ready_ms=220.590 total_ms=375.668 guest=init_s=0.13,envd_s=0.18,ready_s=0.18
cube-vz-api: create sandbox=sb-422ce8e0-a7ba-4e9a-bcb5-0225032ed78e mode=cold clone_ms=0.870 construct_ms=4.601 start_ms=93.284 ready_ms=187.671 total_ms=286.425 guest=init_s=0.12,envd_s=0.17,ready_s=0.17
cube-vz-api: create sandbox=sb-2fbb8668-fe87-4b73-b208-2ba79938e18c mode=cold clone_ms=1.256 construct_ms=3.055 start_ms=87.880 ready_ms=151.713 total_ms=243.904 guest=init_s=0.10,envd_s=0.14,ready_s=0.14
cube-vz-api: create sandbox=sb-5a9fb80f-d11c-4d4f-b9ee-e3526d2ec826 mode=cold clone_ms=1.364 construct_ms=3.148 start_ms=99.665 ready_ms=181.320 total_ms=285.497 guest=init_s=0.13,envd_s=0.16,ready_s=0.16
cube-vz-api: create sandbox=sb-5e8ba54e-6580-4c09-af69-61b5a1a87190 mode=cold clone_ms=0.877 construct_ms=3.584 start_ms=104.944 ready_ms=181.984 total_ms=291.388 guest=init_s=0.13,envd_s=0.16,ready_s=0.17
cube-vz-api: create sandbox=sb-2b3094ee-ed0d-43c0-8d27-87ca288edfd2 mode=cold clone_ms=0.979 construct_ms=2.722 start_ms=157.330 ready_ms=161.452 total_ms=322.483 guest=init_s=0.10,envd_s=0.14,ready_s=0.14
cube-vz-api: create sandbox=sb-bf2ddf8e-bf6c-43fc-9d47-ebd26ef8b6ff mode=cold clone_ms=0.994 construct_ms=2.796 start_ms=159.633 ready_ms=170.148 total_ms=333.572 guest=init_s=0.11,envd_s=0.15,ready_s=0.15
cube-vz-api: create sandbox=sb-fb2a27e9-5f4f-463b-be13-81a2766c38cd mode=cold clone_ms=2.167 construct_ms=3.472 start_ms=153.454 ready_ms=169.872 total_ms=328.965 guest=init_s=0.11,envd_s=0.15,ready_s=0.15
cube-vz-api: create sandbox=sb-d5a6bfb0-ac6a-41b5-a194-11041db64e03 mode=cold clone_ms=1.059 construct_ms=2.783 start_ms=177.810 ready_ms=181.409 total_ms=363.061 guest=init_s=0.11,envd_s=0.16,ready_s=0.16
cube-vz-api: create sandbox=sb-18251bf0-deeb-47a2-bc8a-a00263b27a98 mode=cold clone_ms=4.689 construct_ms=5.572 start_ms=128.634 ready_ms=179.572 total_ms=318.467 guest=init_s=0.11,envd_s=0.16,ready_s=0.16
cube-vz-api: create sandbox=sb-f49043aa-ed91-4926-a4f1-e7d5b5d22c2d mode=cold clone_ms=1.779 construct_ms=3.137 start_ms=165.370 ready_ms=199.296 total_ms=369.582 guest=init_s=0.13,envd_s=0.17,ready_s=0.17
cube-vz-api: create sandbox=sb-0b50d8e3-643e-4ae4-a240-380277740bcc mode=cold clone_ms=0.819 construct_ms=2.701 start_ms=166.319 ready_ms=203.492 total_ms=373.331 guest=init_s=0.13,envd_s=0.18,ready_s=0.18
cube-vz-api: create sandbox=sb-e6a805a5-deac-488b-9c9b-93573b8cc946 mode=cold clone_ms=0.796 construct_ms=3.012 start_ms=98.002 ready_ms=212.508 total_ms=314.318 guest=init_s=0.13,envd_s=0.19,ready_s=0.19
cube-vz-api: create sandbox=sb-cd3be54e-825f-4712-9234-f0605247d1cd mode=cold clone_ms=1.079 construct_ms=3.134 start_ms=119.997 ready_ms=196.059 total_ms=320.269 guest=init_s=0.12,envd_s=0.18,ready_s=0.18
cube-vz-api: create sandbox=sb-e63b0cdb-ca77-46cd-8cd4-f301246c84d9 mode=cold clone_ms=0.993 construct_ms=3.354 start_ms=114.141 ready_ms=196.186 total_ms=314.675 guest=init_s=0.13,envd_s=0.18,ready_s=0.18
cube-vz-api: create sandbox=sb-95a34b0b-f06c-44d0-a704-6f6017a7f6e2 mode=cold clone_ms=1.067 construct_ms=3.044 start_ms=93.337 ready_ms=191.796 total_ms=289.244 guest=init_s=0.14,envd_s=0.17,ready_s=0.17
cube-vz-api: create sandbox=sb-0645598c-b657-480c-a3ad-5906e8bf6eaa mode=cold clone_ms=1.078 construct_ms=3.252 start_ms=90.101 ready_ms=198.577 total_ms=293.008 guest=init_s=0.13,envd_s=0.17,ready_s=0.17
cube-vz-api: create sandbox=sb-52bbf45e-e2fd-4c9e-96a9-5dc2f6943ce2 mode=cold clone_ms=1.019 construct_ms=2.986 start_ms=92.908 ready_ms=189.788 total_ms=286.700 guest=init_s=0.12,envd_s=0.17,ready_s=0.17
cube-vz-api: create sandbox=sb-963f15ce-d1aa-499a-9fef-57eba1fd068f mode=cold clone_ms=1.822 construct_ms=3.147 start_ms=132.190 ready_ms=190.187 total_ms=327.346 guest=init_s=0.12,envd_s=0.17,ready_s=0.17
cube-vz-api: create sandbox=sb-081064aa-bf73-4889-934a-107113bf1336 mode=cold clone_ms=1.651 construct_ms=6.833 start_ms=124.792 ready_ms=190.503 total_ms=323.779 guest=init_s=0.12,envd_s=0.17,ready_s=0.17
cube-vz-api: create sandbox=sb-d447084e-a215-4875-be6b-c6722d5884ff mode=cold clone_ms=0.890 construct_ms=2.890 start_ms=84.445 ready_ms=196.742 total_ms=284.968 guest=init_s=0.12,envd_s=0.17,ready_s=0.17
cube-vz-api: create sandbox=sb-2a5bfc21-c14e-48c8-bc73-42bdb690fb69 mode=cold clone_ms=1.104 construct_ms=5.843 start_ms=149.866 ready_ms=205.303 total_ms=362.116 guest=init_s=0.13,envd_s=0.18,ready_s=0.18
cube-vz-api: create sandbox=sb-d5bbcdc7-b368-4d58-b8a4-566d23d7f346 mode=cold clone_ms=1.254 construct_ms=2.980 start_ms=145.775 ready_ms=210.961 total_ms=360.970 guest=init_s=0.14,envd_s=0.19,ready_s=0.19
cube-vz-api: create sandbox=sb-d29aad94-82fa-4bf9-8a18-4a67eb7b9269 mode=cold clone_ms=0.787 construct_ms=2.571 start_ms=105.222 ready_ms=161.308 total_ms=269.888 guest=init_s=0.11,envd_s=0.14,ready_s=0.14
cube-vz-api: create sandbox=sb-c91c1246-853c-4fde-8570-6d7812f72d5e mode=cold clone_ms=0.820 construct_ms=2.918 start_ms=101.388 ready_ms=174.617 total_ms=279.742 guest=init_s=0.11,envd_s=0.15,ready_s=0.15
cube-vz-api: create sandbox=sb-13b98310-ff47-465f-ae34-1df3a6b64a91 mode=cold clone_ms=9.280 construct_ms=2.961 start_ms=89.842 ready_ms=197.268 total_ms=299.350 guest=init_s=0.11,envd_s=0.18,ready_s=0.18
cube-vz-api: create sandbox=sb-88584efe-994f-48f3-b5eb-8c9a0b4f604a mode=cold clone_ms=1.226 construct_ms=2.851 start_ms=102.019 ready_ms=184.057 total_ms=290.153 guest=init_s=0.11,envd_s=0.16,ready_s=0.16
cube-vz-api: create sandbox=sb-6b3ea135-e2c8-4f94-bb89-31f57b27b942 mode=cold clone_ms=1.401 construct_ms=3.028 start_ms=111.165 ready_ms=203.276 total_ms=318.869 guest=init_s=0.15,envd_s=0.18,ready_s=0.18
cube-vz-api: create sandbox=sb-15ec8ceb-bba0-436b-a285-008b47a01a44 mode=cold clone_ms=1.026 construct_ms=2.623 start_ms=147.977 ready_ms=196.423 total_ms=348.049 guest=init_s=0.13,envd_s=0.18,ready_s=0.18
cube-vz-api: create sandbox=sb-57e4941c-61bb-4669-90e7-69c58eff1207 mode=cold clone_ms=0.958 construct_ms=10.433 start_ms=133.516 ready_ms=205.129 total_ms=350.036 guest=init_s=0.13,envd_s=0.18,ready_s=0.18
cube-vz-api: create sandbox=sb-cf78b66d-1c52-4990-9b91-90c5238e7f31 mode=cold clone_ms=0.983 construct_ms=2.913 start_ms=153.202 ready_ms=205.237 total_ms=362.335 guest=init_s=0.13,envd_s=0.18,ready_s=0.18
cube-vz-api: create sandbox=sb-b3dbe67f-bcca-4c8a-b24b-f4df507c8f1e mode=cold clone_ms=1.187 construct_ms=3.003 start_ms=166.034 ready_ms=206.720 total_ms=376.944 guest=init_s=0.14,envd_s=0.19,ready_s=0.19
cube-vz-api: create sandbox=sb-b2d5b32d-8fe4-4f68-8de7-2f868884ac32 mode=cold clone_ms=1.262 construct_ms=2.611 start_ms=161.429 ready_ms=219.504 total_ms=384.807 guest=init_s=0.15,envd_s=0.20,ready_s=0.20
cube-vz-api: create sandbox=sb-fd4130d2-ab1a-4065-b4b6-ceb836f9cf78 mode=cold clone_ms=1.148 construct_ms=6.844 start_ms=85.043 ready_ms=172.967 total_ms=266.003 guest=init_s=0.12,envd_s=0.15,ready_s=0.15
cube-vz-api: create sandbox=sb-1884268b-7970-4c0f-b89a-80187d695bc2 mode=cold clone_ms=1.053 construct_ms=19.314 start_ms=97.438 ready_ms=172.015 total_ms=289.820 guest=init_s=0.11,envd_s=0.15,ready_s=0.15
cube-vz-api: create sandbox=sb-86a7d501-bd46-4d11-ac78-c65c5e4a49d2 mode=cold clone_ms=1.249 construct_ms=2.727 start_ms=84.122 ready_ms=176.273 total_ms=264.372 guest=init_s=0.12,envd_s=0.15,ready_s=0.15
cube-vz-api: create sandbox=sb-a440ef37-c133-456f-8a51-d624dc5c8368 mode=cold clone_ms=0.999 construct_ms=3.024 start_ms=90.942 ready_ms=179.843 total_ms=274.809 guest=init_s=0.12,envd_s=0.16,ready_s=0.16
cube-vz-api: create sandbox=sb-41bee783-fbc9-4d27-9bfe-8f8f9d992e70 mode=cold clone_ms=1.267 construct_ms=3.533 start_ms=88.403 ready_ms=162.046 total_ms=255.248 guest=init_s=0.10,envd_s=0.14,ready_s=0.14
cube-vz-api: create sandbox=sb-995a853d-7d3b-4694-a339-ff4ad590cf8c mode=cold clone_ms=0.979 construct_ms=2.763 start_ms=139.728 ready_ms=182.003 total_ms=325.474 guest=init_s=0.13,envd_s=0.16,ready_s=0.16
cube-vz-api: create sandbox=sb-05fe0a56-f28e-4c38-9c20-619e5c11a1e4 mode=cold clone_ms=1.049 construct_ms=2.879 start_ms=144.750 ready_ms=181.763 total_ms=330.440 guest=init_s=0.12,envd_s=0.16,ready_s=0.16
cube-vz-api: create sandbox=sb-2da58ac7-0ca9-408c-813d-9c4a691a1083 mode=cold clone_ms=1.068 construct_ms=3.159 start_ms=154.575 ready_ms=194.477 total_ms=353.279 guest=init_s=0.12,envd_s=0.17,ready_s=0.17
cube-vz-api: create sandbox=sb-56800fce-9549-4aa2-8a96-70187675b44a mode=cold clone_ms=1.015 construct_ms=3.487 start_ms=136.940 ready_ms=187.235 total_ms=328.677 guest=init_s=0.12,envd_s=0.17,ready_s=0.17
cube-vz-api: create sandbox=sb-cabae987-a252-4184-a046-053fbbcaef1e mode=cold clone_ms=1.076 construct_ms=2.708 start_ms=155.488 ready_ms=184.557 total_ms=343.829 guest=init_s=0.11,envd_s=0.16,ready_s=0.16
cube-vz-api: create sandbox=sb-8de125b2-4069-4121-b5f0-fb46df6ee24e mode=cold clone_ms=0.955 construct_ms=3.536 start_ms=103.180 ready_ms=188.384 total_ms=296.055 guest=init_s=0.12,envd_s=0.17,ready_s=0.17
cube-vz-api: create sandbox=sb-fc06bd56-adaf-4283-99a4-88766115afa3 mode=cold clone_ms=1.122 construct_ms=3.007 start_ms=145.253 ready_ms=198.477 total_ms=347.859 guest=init_s=0.13,envd_s=0.18,ready_s=0.18
cube-vz-api: create sandbox=sb-bae2a14f-246a-4c92-9832-fda9231f0b54 mode=cold clone_ms=0.980 construct_ms=3.403 start_ms=105.077 ready_ms=179.367 total_ms=288.827 guest=init_s=0.11,envd_s=0.16,ready_s=0.16
cube-vz-api: create sandbox=sb-b20587b0-7dfe-48fc-864b-4aad86ef1763 mode=cold clone_ms=1.097 construct_ms=2.651 start_ms=108.019 ready_ms=188.476 total_ms=300.243 guest=init_s=0.11,envd_s=0.17,ready_s=0.17
cube-vz-api: create sandbox=sb-eeba5083-e8e0-4daf-81a3-9b2463e23914 mode=cold clone_ms=0.974 construct_ms=4.288 start_ms=111.820 ready_ms=214.827 total_ms=331.910 guest=init_s=0.13,envd_s=0.20,ready_s=0.20
cube-vz-api: create sandbox=sb-053d3df9-dd3c-4987-82f0-b9f3ecc35aa6 mode=cold clone_ms=1.072 construct_ms=3.250 start_ms=143.237 ready_ms=153.897 total_ms=301.458 guest=init_s=0.10,envd_s=0.14,ready_s=0.14
cube-vz-api: create sandbox=sb-63e6b895-3e37-4739-9a8b-48ec5bde240a mode=cold clone_ms=1.162 construct_ms=2.953 start_ms=117.845 ready_ms=156.967 total_ms=278.927 guest=init_s=0.11,envd_s=0.14,ready_s=0.14
cube-vz-api: create sandbox=sb-24ab641c-f368-418f-95a1-97ee05de947f mode=cold clone_ms=1.159 construct_ms=3.355 start_ms=128.929 ready_ms=161.847 total_ms=295.290 guest=init_s=0.11,envd_s=0.14,ready_s=0.14
cube-vz-api: create sandbox=sb-e12a43b6-7d37-45f8-b187-b50edbcda4d9 mode=cold clone_ms=1.127 construct_ms=3.251 start_ms=139.148 ready_ms=169.947 total_ms=313.474 guest=init_s=0.12,envd_s=0.15,ready_s=0.15
